[BENCHMARK] Da doc ScenarioConfig tu: scenarios/em_baseline.yaml (GHI DE toan bo --num-employees/--num-firms/--hard-max-firms/--initial-lending-rate/--initial-deposit-rate)
C:\Users\piece\.conda\envs\gpt_eco\lib\site-packages\ray\rllib\algorithms\algorithm.py:557: RayDeprecationWarning: This API is deprecated and may be removed in future Ray releases. You could suppress this warning by setting env variable PYTHONWARNINGS="ignore::DeprecationWarning"
`UnifiedLogger` will be removed in Ray 2.7.
  return UnifiedLogger(config, logdir, loggers=None)
C:\Users\piece\.conda\envs\gpt_eco\lib\site-packages\ray\tune\logger\unified.py:53: RayDeprecationWarning: This API is deprecated and may be removed in future Ray releases. You could suppress this warning by setting env variable PYTHONWARNINGS="ignore::DeprecationWarning"
The `JsonLogger interface is deprecated in favor of the `ray.tune.json.JsonLoggerCallback` interface and will be removed in Ray 2.7.
  self._loggers.append(cls(self.config, self.logdir, self.trial))
C:\Users\piece\.conda\envs\gpt_eco\lib\site-packages\ray\tune\logger\unified.py:53: RayDeprecationWarning: This API is deprecated and may be removed in future Ray releases. You could suppress this warning by setting env variable PYTHONWARNINGS="ignore::DeprecationWarning"
The `CSVLogger interface is deprecated in favor of the `ray.tune.csv.CSVLoggerCallback` interface and will be removed in Ray 2.7.
  self._loggers.append(cls(self.config, self.logdir, self.trial))
C:\Users\piece\.conda\envs\gpt_eco\lib\site-packages\ray\tune\logger\unified.py:53: RayDeprecationWarning: This API is deprecated and may be removed in future Ray releases. You could suppress this warning by setting env variable PYTHONWARNINGS="ignore::DeprecationWarning"
The `TBXLogger interface is deprecated in favor of the `ray.tune.tensorboardx.TBXLoggerCallback` interface and will be removed in Ray 2.7.
  self._loggers.append(cls(self.config, self.logdir, self.trial))
2026-10-09 09:56:39,255	WARNING deprecation.py:50 -- DeprecationWarning: `_enable_new_api_stack` has been deprecated. Use `AlgorithmConfig._enable_new_api_stack` instead. This will raise an error in the future!
2026-10-09 09:56:42,183	INFO worker.py:1781 -- Started a local Ray instance.
2026-10-09 09:56:44,244	INFO trainable.py:583 -- Restored on 127.0.0.1 from checkpoint: Checkpoint(filesystem=local, path=be/checkpoint/final_v037_seed505/iter_100)
[BENCHMARK] Da nap checkpoint: be/checkpoint/final_v037_seed505/iter_100
[BENCHMARK] Che do policy: LAY MAU (explore=True, giong luc train)

Baseline              Productivity(GDP)   Equality(1-Gini)    Eq x Prod  Deaths/ep   Unemp
-----------------------------------------------------------------------------------------
rl_learned                865.73+/-29.95       0.505+/-0.025       437.20        0.0   0.004
                   (trung binh cong cu phu RL [rho, bom cau, tro cap] = [0.798 0.053 0.454] -> dung cho cac nhanh '+rl_aux')
                   (trung binh CA 5 cong cu RL = [0.001 0.16  0.798 0.053 0.454] -> dung cho 'rl_mean_fixed')
free_market+rl_aux        856.96+/-35.30       0.489+/-0.039       418.79        0.2   0.004
rl_mean_fixed             864.14+/-41.45       0.503+/-0.037       434.29        0.0   0.004
flat_pit0.10_cit0         869.18+/-38.55       0.371+/-0.038       322.66        0.2   0.005
flat_pit0.20_cit0         863.70+/-56.49       0.280+/-0.027       242.23        4.2   0.012
flat_pit0.30_cit0         848.26+/-44.17       0.226+/-0.023       191.46       17.6   0.027
flat_pit0.50_cit0         677.14+/-76.30       0.283+/-0.063       191.78       49.3   0.044
flat_pit0_cit0.10         861.39+/-35.69       0.493+/-0.041       424.41        0.1   0.004
flat_pit0_cit0.20         879.09+/-38.54       0.511+/-0.050       449.11        0.0   0.005
flat_pit0_cit0.30         897.58+/-37.70       0.455+/-0.034       408.39        0.0   0.004
flat_pit0_cit0.50         952.77+/-43.12       0.438+/-0.033       416.91        0.0   0.007
[BENCHMARK] Da ghi so lieu tung episode: audits/paper_extras/v4_runs/v1/sweep_seed505_exp.json

[BENCHMARK] Luu y: neu khong truyen --checkpoint hop le, day CHUA phai so sanh
'RL da hoc' vs 'rule-based' that su -- moi tac tu khac Government deu dung heuristic,
nen bang tren chi cho biet BAN THAN 3 bieu thue khac nhau the nao duoi CUNG mot moi
truong heuristic co dinh, chua danh gia duoc gia tri gia tang cua RL.
[BENCHMARK] Nhanh 'rl_learned': Government dung CHINH policy RL da hoc (khong ep baseline nao)
-- day moi la phep so sanh RL-vs-rule-based that su theo dung cau hoi trung tam cua khoa luan.
