[BENCHMARK] Da doc ScenarioConfig tu: scenarios/em_baseline.yaml (GHI DE toan bo --num-employees/--num-firms/--hard-max-firms/--initial-lending-rate/--initial-deposit-rate)
C:\Users\piece\.conda\envs\gpt_eco\lib\site-packages\ray\rllib\algorithms\algorithm.py:557: RayDeprecationWarning: This API is deprecated and may be removed in future Ray releases. You could suppress this warning by setting env variable PYTHONWARNINGS="ignore::DeprecationWarning"
`UnifiedLogger` will be removed in Ray 2.7.
  return UnifiedLogger(config, logdir, loggers=None)
C:\Users\piece\.conda\envs\gpt_eco\lib\site-packages\ray\tune\logger\unified.py:53: RayDeprecationWarning: This API is deprecated and may be removed in future Ray releases. You could suppress this warning by setting env variable PYTHONWARNINGS="ignore::DeprecationWarning"
The `JsonLogger interface is deprecated in favor of the `ray.tune.json.JsonLoggerCallback` interface and will be removed in Ray 2.7.
  self._loggers.append(cls(self.config, self.logdir, self.trial))
C:\Users\piece\.conda\envs\gpt_eco\lib\site-packages\ray\tune\logger\unified.py:53: RayDeprecationWarning: This API is deprecated and may be removed in future Ray releases. You could suppress this warning by setting env variable PYTHONWARNINGS="ignore::DeprecationWarning"
The `CSVLogger interface is deprecated in favor of the `ray.tune.csv.CSVLoggerCallback` interface and will be removed in Ray 2.7.
  self._loggers.append(cls(self.config, self.logdir, self.trial))
C:\Users\piece\.conda\envs\gpt_eco\lib\site-packages\ray\tune\logger\unified.py:53: RayDeprecationWarning: This API is deprecated and may be removed in future Ray releases. You could suppress this warning by setting env variable PYTHONWARNINGS="ignore::DeprecationWarning"
The `TBXLogger interface is deprecated in favor of the `ray.tune.tensorboardx.TBXLoggerCallback` interface and will be removed in Ray 2.7.
  self._loggers.append(cls(self.config, self.logdir, self.trial))
2026-10-09 15:23:20,570	WARNING deprecation.py:50 -- DeprecationWarning: `_enable_new_api_stack` has been deprecated. Use `AlgorithmConfig._enable_new_api_stack` instead. This will raise an error in the future!
2026-10-09 15:23:22,617	INFO worker.py:1781 -- Started a local Ray instance.
2026-10-09 15:23:24,488	INFO trainable.py:583 -- Restored on 127.0.0.1 from checkpoint: Checkpoint(filesystem=local, path=be/checkpoint/final_v037_seed909/iter_100)
[BENCHMARK] Da nap checkpoint: be/checkpoint/final_v037_seed909/iter_100
[BENCHMARK] Che do policy: TAT DINH (explore=False)

Baseline              Productivity(GDP)   Equality(1-Gini)    Eq x Prod  Deaths/ep   Unemp
-----------------------------------------------------------------------------------------
rl_learned                941.17+/-50.88       0.419+/-0.022       393.92        0.3   0.006
                   (trung binh cong cu phu RL [rho, bom cau, tro cap] = [0.801 0.041 0.623] -> dung cho cac nhanh '+rl_aux')
                   (trung binh CA 5 cong cu RL = [0.    0.16  0.801 0.041 0.623] -> dung cho 'rl_mean_fixed')
free_market+rl_aux        925.90+/-44.29       0.428+/-0.022       396.29        0.0   0.005
rl_mean_fixed             935.13+/-47.62       0.425+/-0.022       397.74        0.0   0.005
flat_pit0.10_cit0         921.98+/-42.49       0.362+/-0.024       333.57        0.8   0.006
flat_pit0.20_cit0         916.06+/-42.67       0.296+/-0.015       271.53        1.2   0.007
flat_pit0.30_cit0         896.09+/-46.80       0.262+/-0.014       234.37       11.6   0.014
flat_pit0.50_cit0         719.68+/-51.09       0.269+/-0.011       193.62       66.2   0.022
flat_pit0_cit0.10         937.88+/-46.39       0.424+/-0.024       398.10        0.0   0.005
flat_pit0_cit0.20         939.08+/-48.51       0.420+/-0.019       393.99        0.1   0.005
flat_pit0_cit0.30         947.72+/-47.24       0.418+/-0.027       396.52        0.0   0.005
flat_pit0_cit0.50         961.81+/-55.48       0.413+/-0.020       396.91        0.0   0.005
[BENCHMARK] Da ghi so lieu tung episode: audits/paper_extras/v4_runs/v1/sweep_seed909_det.json

[BENCHMARK] Luu y: neu khong truyen --checkpoint hop le, day CHUA phai so sanh
'RL da hoc' vs 'rule-based' that su -- moi tac tu khac Government deu dung heuristic,
nen bang tren chi cho biet BAN THAN 3 bieu thue khac nhau the nao duoi CUNG mot moi
truong heuristic co dinh, chua danh gia duoc gia tri gia tang cua RL.
[BENCHMARK] Nhanh 'rl_learned': Government dung CHINH policy RL da hoc (khong ep baseline nao)
-- day moi la phep so sanh RL-vs-rule-based that su theo dung cau hoi trung tam cua khoa luan.
