[BENCHMARK] Da doc ScenarioConfig tu: scenarios/em_baseline.yaml (GHI DE toan bo --num-employees/--num-firms/--hard-max-firms/--initial-lending-rate/--initial-deposit-rate)
C:\Users\piece\.conda\envs\gpt_eco\lib\site-packages\ray\rllib\algorithms\algorithm.py:557: RayDeprecationWarning: This API is deprecated and may be removed in future Ray releases. You could suppress this warning by setting env variable PYTHONWARNINGS="ignore::DeprecationWarning"
`UnifiedLogger` will be removed in Ray 2.7.
  return UnifiedLogger(config, logdir, loggers=None)
C:\Users\piece\.conda\envs\gpt_eco\lib\site-packages\ray\tune\logger\unified.py:53: RayDeprecationWarning: This API is deprecated and may be removed in future Ray releases. You could suppress this warning by setting env variable PYTHONWARNINGS="ignore::DeprecationWarning"
The `JsonLogger interface is deprecated in favor of the `ray.tune.json.JsonLoggerCallback` interface and will be removed in Ray 2.7.
  self._loggers.append(cls(self.config, self.logdir, self.trial))
C:\Users\piece\.conda\envs\gpt_eco\lib\site-packages\ray\tune\logger\unified.py:53: RayDeprecationWarning: This API is deprecated and may be removed in future Ray releases. You could suppress this warning by setting env variable PYTHONWARNINGS="ignore::DeprecationWarning"
The `CSVLogger interface is deprecated in favor of the `ray.tune.csv.CSVLoggerCallback` interface and will be removed in Ray 2.7.
  self._loggers.append(cls(self.config, self.logdir, self.trial))
C:\Users\piece\.conda\envs\gpt_eco\lib\site-packages\ray\tune\logger\unified.py:53: RayDeprecationWarning: This API is deprecated and may be removed in future Ray releases. You could suppress this warning by setting env variable PYTHONWARNINGS="ignore::DeprecationWarning"
The `TBXLogger interface is deprecated in favor of the `ray.tune.tensorboardx.TBXLoggerCallback` interface and will be removed in Ray 2.7.
  self._loggers.append(cls(self.config, self.logdir, self.trial))
2026-10-09 12:45:25,350	WARNING deprecation.py:50 -- DeprecationWarning: `_enable_new_api_stack` has been deprecated. Use `AlgorithmConfig._enable_new_api_stack` instead. This will raise an error in the future!
2026-10-09 12:45:28,352	INFO worker.py:1781 -- Started a local Ray instance.
2026-10-09 12:45:31,325	INFO trainable.py:583 -- Restored on 127.0.0.1 from checkpoint: Checkpoint(filesystem=local, path=be/checkpoint/final_v037_seed909/iter_100)
[BENCHMARK] Da nap checkpoint: be/checkpoint/final_v037_seed909/iter_100
[BENCHMARK] Che do policy: LAY MAU (explore=True, giong luc train)

Baseline              Productivity(GDP)   Equality(1-Gini)    Eq x Prod  Deaths/ep   Unemp
-----------------------------------------------------------------------------------------
rl_learned                928.59+/-31.56       0.417+/-0.020       387.40        0.3   0.006
                   (trung binh cong cu phu RL [rho, bom cau, tro cap] = [0.766 0.05  0.596] -> dung cho cac nhanh '+rl_aux')
                   (trung binh CA 5 cong cu RL = [0.003 0.184 0.766 0.05  0.596] -> dung cho 'rl_mean_fixed')
free_market+rl_aux        912.68+/-40.73       0.422+/-0.013       384.99        0.1   0.005
rl_mean_fixed             929.68+/-36.31       0.414+/-0.023       384.90        0.2   0.006
flat_pit0.10_cit0         925.09+/-51.68       0.343+/-0.012       317.13        0.1   0.005
flat_pit0.20_cit0         920.83+/-49.93       0.291+/-0.014       268.39        0.7   0.007
flat_pit0.30_cit0         900.45+/-45.09       0.262+/-0.015       235.87       12.4   0.013
flat_pit0.50_cit0         745.43+/-50.13       0.269+/-0.006       200.21       63.0   0.025
flat_pit0_cit0.10         926.30+/-43.45       0.417+/-0.014       386.31        0.1   0.006
flat_pit0_cit0.20         943.54+/-45.10       0.411+/-0.014       388.07        0.0   0.005
flat_pit0_cit0.30         935.23+/-42.40       0.409+/-0.014       382.52        0.0   0.005
flat_pit0_cit0.50         958.36+/-46.86       0.403+/-0.020       386.63        0.1   0.006
[BENCHMARK] Da ghi so lieu tung episode: audits/paper_extras/v4_runs/v1/sweep_seed909_exp.json

[BENCHMARK] Luu y: neu khong truyen --checkpoint hop le, day CHUA phai so sanh
'RL da hoc' vs 'rule-based' that su -- moi tac tu khac Government deu dung heuristic,
nen bang tren chi cho biet BAN THAN 3 bieu thue khac nhau the nao duoi CUNG mot moi
truong heuristic co dinh, chua danh gia duoc gia tri gia tang cua RL.
[BENCHMARK] Nhanh 'rl_learned': Government dung CHINH policy RL da hoc (khong ep baseline nao)
-- day moi la phep so sanh RL-vs-rule-based that su theo dung cau hoi trung tam cua khoa luan.
