[BENCHMARK] Da doc ScenarioConfig tu: scenarios/em_baseline.yaml (GHI DE toan bo --num-employees/--num-firms/--hard-max-firms/--initial-lending-rate/--initial-deposit-rate)
C:\Users\piece\.conda\envs\gpt_eco\lib\site-packages\ray\rllib\algorithms\algorithm.py:557: RayDeprecationWarning: This API is deprecated and may be removed in future Ray releases. You could suppress this warning by setting env variable PYTHONWARNINGS="ignore::DeprecationWarning"
`UnifiedLogger` will be removed in Ray 2.7.
  return UnifiedLogger(config, logdir, loggers=None)
C:\Users\piece\.conda\envs\gpt_eco\lib\site-packages\ray\tune\logger\unified.py:53: RayDeprecationWarning: This API is deprecated and may be removed in future Ray releases. You could suppress this warning by setting env variable PYTHONWARNINGS="ignore::DeprecationWarning"
The `JsonLogger interface is deprecated in favor of the `ray.tune.json.JsonLoggerCallback` interface and will be removed in Ray 2.7.
  self._loggers.append(cls(self.config, self.logdir, self.trial))
C:\Users\piece\.conda\envs\gpt_eco\lib\site-packages\ray\tune\logger\unified.py:53: RayDeprecationWarning: This API is deprecated and may be removed in future Ray releases. You could suppress this warning by setting env variable PYTHONWARNINGS="ignore::DeprecationWarning"
The `CSVLogger interface is deprecated in favor of the `ray.tune.csv.CSVLoggerCallback` interface and will be removed in Ray 2.7.
  self._loggers.append(cls(self.config, self.logdir, self.trial))
C:\Users\piece\.conda\envs\gpt_eco\lib\site-packages\ray\tune\logger\unified.py:53: RayDeprecationWarning: This API is deprecated and may be removed in future Ray releases. You could suppress this warning by setting env variable PYTHONWARNINGS="ignore::DeprecationWarning"
The `TBXLogger interface is deprecated in favor of the `ray.tune.tensorboardx.TBXLoggerCallback` interface and will be removed in Ray 2.7.
  self._loggers.append(cls(self.config, self.logdir, self.trial))
2026-10-09 15:08:48,289	WARNING deprecation.py:50 -- DeprecationWarning: `_enable_new_api_stack` has been deprecated. Use `AlgorithmConfig._enable_new_api_stack` instead. This will raise an error in the future!
2026-10-09 15:08:51,166	INFO worker.py:1781 -- Started a local Ray instance.
2026-10-09 15:08:54,538	INFO trainable.py:583 -- Restored on 127.0.0.1 from checkpoint: Checkpoint(filesystem=local, path=be/checkpoint/final_v037_seed808/iter_100)
[BENCHMARK] Da nap checkpoint: be/checkpoint/final_v037_seed808/iter_100
[BENCHMARK] Che do policy: LAY MAU (explore=True, giong luc train)

Baseline              Productivity(GDP)   Equality(1-Gini)    Eq x Prod  Deaths/ep   Unemp
-----------------------------------------------------------------------------------------
rl_learned                875.66+/-52.18       0.434+/-0.035       379.83        0.0   0.004
                   (trung binh cong cu phu RL [rho, bom cau, tro cap] = [0.746 0.111 0.602] -> dung cho cac nhanh '+rl_aux')
                   (trung binh CA 5 cong cu RL = [0.003 0.135 0.746 0.111 0.602] -> dung cho 'rl_mean_fixed')
free_market+rl_aux        864.15+/-55.62       0.444+/-0.048       384.10        0.0   0.004
rl_mean_fixed             874.86+/-32.17       0.439+/-0.031       384.00        0.0   0.003
flat_pit0.10_cit0         868.41+/-49.63       0.319+/-0.047       276.81        0.3   0.004
flat_pit0.20_cit0         872.00+/-32.95       0.235+/-0.022       204.69        0.6   0.005
flat_pit0.30_cit0         867.11+/-49.92       0.171+/-0.010       147.95        9.9   0.012
flat_pit0.50_cit0         699.61+/-71.09       0.169+/-0.005       118.03       42.4   0.009
flat_pit0_cit0.10         871.84+/-29.38       0.434+/-0.050       378.14        0.0   0.004
flat_pit0_cit0.20         891.91+/-38.98       0.420+/-0.061       374.77        0.0   0.004
flat_pit0_cit0.30         909.25+/-56.79       0.426+/-0.037       387.49        0.0   0.004
flat_pit0_cit0.50         946.88+/-40.97       0.345+/-0.040       326.78        0.0   0.005
[BENCHMARK] Da ghi so lieu tung episode: audits/paper_extras/v4_runs/v1/sweep_seed808_exp.json

[BENCHMARK] Luu y: neu khong truyen --checkpoint hop le, day CHUA phai so sanh
'RL da hoc' vs 'rule-based' that su -- moi tac tu khac Government deu dung heuristic,
nen bang tren chi cho biet BAN THAN 3 bieu thue khac nhau the nao duoi CUNG mot moi
truong heuristic co dinh, chua danh gia duoc gia tri gia tang cua RL.
[BENCHMARK] Nhanh 'rl_learned': Government dung CHINH policy RL da hoc (khong ep baseline nao)
-- day moi la phep so sanh RL-vs-rule-based that su theo dung cau hoi trung tam cua khoa luan.
