[BENCHMARK] Da doc ScenarioConfig tu: scenarios/em_baseline.yaml (GHI DE toan bo --num-employees/--num-firms/--hard-max-firms/--initial-lending-rate/--initial-deposit-rate)
C:\Users\piece\.conda\envs\gpt_eco\lib\site-packages\ray\rllib\algorithms\algorithm.py:557: RayDeprecationWarning: This API is deprecated and may be removed in future Ray releases. You could suppress this warning by setting env variable PYTHONWARNINGS="ignore::DeprecationWarning"
`UnifiedLogger` will be removed in Ray 2.7.
  return UnifiedLogger(config, logdir, loggers=None)
C:\Users\piece\.conda\envs\gpt_eco\lib\site-packages\ray\tune\logger\unified.py:53: RayDeprecationWarning: This API is deprecated and may be removed in future Ray releases. You could suppress this warning by setting env variable PYTHONWARNINGS="ignore::DeprecationWarning"
The `JsonLogger interface is deprecated in favor of the `ray.tune.json.JsonLoggerCallback` interface and will be removed in Ray 2.7.
  self._loggers.append(cls(self.config, self.logdir, self.trial))
C:\Users\piece\.conda\envs\gpt_eco\lib\site-packages\ray\tune\logger\unified.py:53: RayDeprecationWarning: This API is deprecated and may be removed in future Ray releases. You could suppress this warning by setting env variable PYTHONWARNINGS="ignore::DeprecationWarning"
The `CSVLogger interface is deprecated in favor of the `ray.tune.csv.CSVLoggerCallback` interface and will be removed in Ray 2.7.
  self._loggers.append(cls(self.config, self.logdir, self.trial))
C:\Users\piece\.conda\envs\gpt_eco\lib\site-packages\ray\tune\logger\unified.py:53: RayDeprecationWarning: This API is deprecated and may be removed in future Ray releases. You could suppress this warning by setting env variable PYTHONWARNINGS="ignore::DeprecationWarning"
The `TBXLogger interface is deprecated in favor of the `ray.tune.tensorboardx.TBXLoggerCallback` interface and will be removed in Ray 2.7.
  self._loggers.append(cls(self.config, self.logdir, self.trial))
2026-10-08 21:31:41,704	WARNING deprecation.py:50 -- DeprecationWarning: `_enable_new_api_stack` has been deprecated. Use `AlgorithmConfig._enable_new_api_stack` instead. This will raise an error in the future!
2026-10-08 21:31:45,102	INFO worker.py:1781 -- Started a local Ray instance.
2026-10-08 21:31:48,076	INFO trainable.py:583 -- Restored on 127.0.0.1 from checkpoint: Checkpoint(filesystem=local, path=be/checkpoint/final_v037_seed404/iter_100)
[BENCHMARK] Da nap checkpoint: be/checkpoint/final_v037_seed404/iter_100
[BENCHMARK] Che do policy: TAT DINH (explore=False)

Baseline              Productivity(GDP)   Equality(1-Gini)    Eq x Prod  Deaths/ep   Unemp
-----------------------------------------------------------------------------------------
rl_learned                977.83+/-40.96       0.478+/-0.022       466.98        0.0   0.003
                   (trung binh cong cu phu RL [rho, bom cau, tro cap] = [1.    0.169 0.42 ] -> dung cho cac nhanh '+rl_aux')
                   (trung binh CA 5 cong cu RL = [0.    0.432 1.    0.169 0.42 ] -> dung cho 'rl_mean_fixed')
free_market+rl_aux        878.95+/-31.15       0.505+/-0.030       443.59        0.0   0.003
rl_mean_fixed             957.37+/-44.59       0.511+/-0.026       489.05        0.1   0.004
flat_pit0.10_cit0         895.44+/-37.78       0.415+/-0.032       371.64        0.0   0.003
flat_pit0.20_cit0         892.41+/-39.35       0.347+/-0.023       309.75        1.9   0.005
flat_pit0.30_cit0         863.96+/-33.45       0.348+/-0.031       301.06       10.2   0.010
flat_pit0.50_cit0         750.02+/-53.02       0.377+/-0.041       283.09       51.5   0.007
flat_pit0_cit0.10         906.34+/-39.00       0.510+/-0.024       461.79        0.0   0.003
flat_pit0_cit0.20         922.65+/-44.46       0.514+/-0.023       474.26        0.0   0.003
flat_pit0_cit0.30         945.94+/-48.63       0.510+/-0.027       482.05        0.0   0.003
flat_pit0_cit0.50         969.08+/-44.98       0.510+/-0.025       493.81        0.2   0.004
[BENCHMARK] Da ghi so lieu tung episode: audits/paper_extras/v4_runs/v1/sweep_seed404_det.json

[BENCHMARK] Luu y: neu khong truyen --checkpoint hop le, day CHUA phai so sanh
'RL da hoc' vs 'rule-based' that su -- moi tac tu khac Government deu dung heuristic,
nen bang tren chi cho biet BAN THAN 3 bieu thue khac nhau the nao duoi CUNG mot moi
truong heuristic co dinh, chua danh gia duoc gia tri gia tang cua RL.
[BENCHMARK] Nhanh 'rl_learned': Government dung CHINH policy RL da hoc (khong ep baseline nao)
-- day moi la phep so sanh RL-vs-rule-based that su theo dung cau hoi trung tam cua khoa luan.
