[BENCHMARK] Da doc ScenarioConfig tu: scenarios/em_baseline.yaml (GHI DE toan bo --num-employees/--num-firms/--hard-max-firms/--initial-lending-rate/--initial-deposit-rate)
C:\Users\piece\.conda\envs\gpt_eco\lib\site-packages\ray\rllib\algorithms\algorithm.py:557: RayDeprecationWarning: This API is deprecated and may be removed in future Ray releases. You could suppress this warning by setting env variable PYTHONWARNINGS="ignore::DeprecationWarning"
`UnifiedLogger` will be removed in Ray 2.7.
  return UnifiedLogger(config, logdir, loggers=None)
C:\Users\piece\.conda\envs\gpt_eco\lib\site-packages\ray\tune\logger\unified.py:53: RayDeprecationWarning: This API is deprecated and may be removed in future Ray releases. You could suppress this warning by setting env variable PYTHONWARNINGS="ignore::DeprecationWarning"
The `JsonLogger interface is deprecated in favor of the `ray.tune.json.JsonLoggerCallback` interface and will be removed in Ray 2.7.
  self._loggers.append(cls(self.config, self.logdir, self.trial))
C:\Users\piece\.conda\envs\gpt_eco\lib\site-packages\ray\tune\logger\unified.py:53: RayDeprecationWarning: This API is deprecated and may be removed in future Ray releases. You could suppress this warning by setting env variable PYTHONWARNINGS="ignore::DeprecationWarning"
The `CSVLogger interface is deprecated in favor of the `ray.tune.csv.CSVLoggerCallback` interface and will be removed in Ray 2.7.
  self._loggers.append(cls(self.config, self.logdir, self.trial))
C:\Users\piece\.conda\envs\gpt_eco\lib\site-packages\ray\tune\logger\unified.py:53: RayDeprecationWarning: This API is deprecated and may be removed in future Ray releases. You could suppress this warning by setting env variable PYTHONWARNINGS="ignore::DeprecationWarning"
The `TBXLogger interface is deprecated in favor of the `ray.tune.tensorboardx.TBXLoggerCallback` interface and will be removed in Ray 2.7.
  self._loggers.append(cls(self.config, self.logdir, self.trial))
2026-10-09 09:24:18,115	WARNING deprecation.py:50 -- DeprecationWarning: `_enable_new_api_stack` has been deprecated. Use `AlgorithmConfig._enable_new_api_stack` instead. This will raise an error in the future!
2026-10-09 09:24:21,385	INFO worker.py:1781 -- Started a local Ray instance.
2026-10-09 09:24:24,440	INFO trainable.py:583 -- Restored on 127.0.0.1 from checkpoint: Checkpoint(filesystem=local, path=be/checkpoint/final_v037_seed404/iter_100)
[BENCHMARK] Da nap checkpoint: be/checkpoint/final_v037_seed404/iter_100
[BENCHMARK] Che do policy: LAY MAU (explore=True, giong luc train)

Baseline              Productivity(GDP)   Equality(1-Gini)    Eq x Prod  Deaths/ep   Unemp
-----------------------------------------------------------------------------------------
rl_learned                991.67+/-54.97       0.480+/-0.021       475.95        0.0   0.005
                   (trung binh cong cu phu RL [rho, bom cau, tro cap] = [0.973 0.135 0.422] -> dung cho cac nhanh '+rl_aux')
                   (trung binh CA 5 cong cu RL = [0.01  0.415 0.973 0.135 0.422] -> dung cho 'rl_mean_fixed')
free_market+rl_aux        918.80+/-43.33       0.476+/-0.028       437.47        0.1   0.005
rl_mean_fixed             980.59+/-51.93       0.483+/-0.026       474.10        0.0   0.005
flat_pit0.10_cit0         917.79+/-40.19       0.406+/-0.029       372.30        0.0   0.004
flat_pit0.20_cit0         895.71+/-33.14       0.339+/-0.026       303.59        1.8   0.008
flat_pit0.30_cit0         876.20+/-39.83       0.323+/-0.045       282.81       16.9   0.020
flat_pit0.50_cit0         714.32+/-55.88       0.326+/-0.038       232.86       62.0   0.030
flat_pit0_cit0.10         937.25+/-29.31       0.497+/-0.025       465.57        0.0   0.005
flat_pit0_cit0.20         967.65+/-52.36       0.501+/-0.037       484.74        0.1   0.005
flat_pit0_cit0.30         969.12+/-56.12       0.485+/-0.038       470.08        0.1   0.005
flat_pit0_cit0.50         984.33+/-39.75       0.492+/-0.019       484.78        0.1   0.005
[BENCHMARK] Da ghi so lieu tung episode: audits/paper_extras/v4_runs/v1/sweep_seed404_exp.json

[BENCHMARK] Luu y: neu khong truyen --checkpoint hop le, day CHUA phai so sanh
'RL da hoc' vs 'rule-based' that su -- moi tac tu khac Government deu dung heuristic,
nen bang tren chi cho biet BAN THAN 3 bieu thue khac nhau the nao duoi CUNG mot moi
truong heuristic co dinh, chua danh gia duoc gia tri gia tang cua RL.
[BENCHMARK] Nhanh 'rl_learned': Government dung CHINH policy RL da hoc (khong ep baseline nao)
-- day moi la phep so sanh RL-vs-rule-based that su theo dung cau hoi trung tam cua khoa luan.
