C:\Users\piece\.conda\envs\gpt_eco\lib\site-packages\ray\rllib\algorithms\algorithm.py:557: RayDeprecationWarning: This API is deprecated and may be removed in future Ray releases. You could suppress this warning by setting env variable PYTHONWARNINGS="ignore::DeprecationWarning"
`UnifiedLogger` will be removed in Ray 2.7.
  return UnifiedLogger(config, logdir, loggers=None)
C:\Users\piece\.conda\envs\gpt_eco\lib\site-packages\ray\tune\logger\unified.py:53: RayDeprecationWarning: This API is deprecated and may be removed in future Ray releases. You could suppress this warning by setting env variable PYTHONWARNINGS="ignore::DeprecationWarning"
The `JsonLogger interface is deprecated in favor of the `ray.tune.json.JsonLoggerCallback` interface and will be removed in Ray 2.7.
  self._loggers.append(cls(self.config, self.logdir, self.trial))
C:\Users\piece\.conda\envs\gpt_eco\lib\site-packages\ray\tune\logger\unified.py:53: RayDeprecationWarning: This API is deprecated and may be removed in future Ray releases. You could suppress this warning by setting env variable PYTHONWARNINGS="ignore::DeprecationWarning"
The `CSVLogger interface is deprecated in favor of the `ray.tune.csv.CSVLoggerCallback` interface and will be removed in Ray 2.7.
  self._loggers.append(cls(self.config, self.logdir, self.trial))
C:\Users\piece\.conda\envs\gpt_eco\lib\site-packages\ray\tune\logger\unified.py:53: RayDeprecationWarning: This API is deprecated and may be removed in future Ray releases. You could suppress this warning by setting env variable PYTHONWARNINGS="ignore::DeprecationWarning"
The `TBXLogger interface is deprecated in favor of the `ray.tune.tensorboardx.TBXLoggerCallback` interface and will be removed in Ray 2.7.
  self._loggers.append(cls(self.config, self.logdir, self.trial))
2026-10-02 18:43:24,342	WARNING deprecation.py:50 -- DeprecationWarning: `_enable_new_api_stack` has been deprecated. Use `AlgorithmConfig._enable_new_api_stack` instead. This will raise an error in the future!
2026-10-02 18:43:27,976	INFO worker.py:1781 -- Started a local Ray instance.
2026-10-02 18:43:32,588	INFO trainable.py:583 -- Restored on 127.0.0.1 from checkpoint: Checkpoint(filesystem=local, path=be/checkpoint/final_v037_seed202/iter_100)
[BENCHMARK] Da doc ScenarioConfig tu: scenarios/em_baseline.yaml (GHI DE toan bo --num-employees/--num-firms/--hard-max-firms/--initial-lending-rate/--initial-deposit-rate)
[BENCHMARK] Da nap checkpoint: be/checkpoint/final_v037_seed202/iter_100
[BENCHMARK] Che do policy: TAT DINH (explore=False)

Baseline              Productivity(GDP)   Equality(1-Gini)    Eq x Prod  Deaths/ep   Unemp
-----------------------------------------------------------------------------------------
rl_learned                898.25+/-38.24       0.507+/-0.048       455.50        0.0   0.003
                   (trung binh cong cu phu RL [rho, bom cau, tro cap] = [0.976 0.063 0.714] -> dung cho cac nhanh '+rl_aux')
                   (trung binh CA 5 cong cu RL = [0.005 0.351 0.976 0.063 0.714] -> dung cho 'rl_mean_fixed')
free_market+rl_aux        861.85+/-34.30       0.486+/-0.065       418.64        0.0   0.003
rl_mean_fixed             890.89+/-35.02       0.503+/-0.038       448.33        0.0   0.003
flat_pit0.10_cit0         868.56+/-36.34       0.400+/-0.032       347.47        0.0   0.003
flat_pit0.20_cit0         846.91+/-29.02       0.294+/-0.030       248.93        0.0   0.003
flat_pit0.30_cit0         852.53+/-42.61       0.259+/-0.042       221.12        6.4   0.003
flat_pit0.50_cit0         623.04+/-84.87       0.223+/-0.122       138.89       42.5   0.003
flat_pit0_cit0.10         869.04+/-31.76       0.516+/-0.032       448.48        0.0   0.003
flat_pit0_cit0.20         882.05+/-32.14       0.511+/-0.039       450.69        0.0   0.003
flat_pit0_cit0.30         900.69+/-31.57       0.511+/-0.031       460.05        0.0   0.003
flat_pit0_cit0.50         919.72+/-31.73       0.517+/-0.034       475.59        0.0   0.003
[BENCHMARK] Da ghi so lieu tung episode: audits/final_run/logs/flat_sweep/sweep_seed202_det.json

[BENCHMARK] Luu y: neu khong truyen --checkpoint hop le, day CHUA phai so sanh
'RL da hoc' vs 'rule-based' that su -- moi tac tu khac Government deu dung heuristic,
nen bang tren chi cho biet BAN THAN 3 bieu thue khac nhau the nao duoi CUNG mot moi
truong heuristic co dinh, chua danh gia duoc gia tri gia tang cua RL.
[BENCHMARK] Nhanh 'rl_learned': Government dung CHINH policy RL da hoc (khong ep baseline nao)
-- day moi la phep so sanh RL-vs-rule-based that su theo dung cau hoi trung tam cua khoa luan.
