C:\Users\piece\.conda\envs\gpt_eco\lib\site-packages\ray\rllib\algorithms\algorithm.py:557: RayDeprecationWarning: This API is deprecated and may be removed in future Ray releases. You could suppress this warning by setting env variable PYTHONWARNINGS="ignore::DeprecationWarning"
`UnifiedLogger` will be removed in Ray 2.7.
  return UnifiedLogger(config, logdir, loggers=None)
C:\Users\piece\.conda\envs\gpt_eco\lib\site-packages\ray\tune\logger\unified.py:53: RayDeprecationWarning: This API is deprecated and may be removed in future Ray releases. You could suppress this warning by setting env variable PYTHONWARNINGS="ignore::DeprecationWarning"
The `JsonLogger interface is deprecated in favor of the `ray.tune.json.JsonLoggerCallback` interface and will be removed in Ray 2.7.
  self._loggers.append(cls(self.config, self.logdir, self.trial))
C:\Users\piece\.conda\envs\gpt_eco\lib\site-packages\ray\tune\logger\unified.py:53: RayDeprecationWarning: This API is deprecated and may be removed in future Ray releases. You could suppress this warning by setting env variable PYTHONWARNINGS="ignore::DeprecationWarning"
The `CSVLogger interface is deprecated in favor of the `ray.tune.csv.CSVLoggerCallback` interface and will be removed in Ray 2.7.
  self._loggers.append(cls(self.config, self.logdir, self.trial))
C:\Users\piece\.conda\envs\gpt_eco\lib\site-packages\ray\tune\logger\unified.py:53: RayDeprecationWarning: This API is deprecated and may be removed in future Ray releases. You could suppress this warning by setting env variable PYTHONWARNINGS="ignore::DeprecationWarning"
The `TBXLogger interface is deprecated in favor of the `ray.tune.tensorboardx.TBXLoggerCallback` interface and will be removed in Ray 2.7.
  self._loggers.append(cls(self.config, self.logdir, self.trial))
2026-10-02 19:02:09,946	WARNING deprecation.py:50 -- DeprecationWarning: `_enable_new_api_stack` has been deprecated. Use `AlgorithmConfig._enable_new_api_stack` instead. This will raise an error in the future!
2026-10-02 19:02:13,281	INFO worker.py:1781 -- Started a local Ray instance.
2026-10-02 19:02:16,427	INFO trainable.py:583 -- Restored on 127.0.0.1 from checkpoint: Checkpoint(filesystem=local, path=be/checkpoint/final_v037_seed202/iter_100)
[BENCHMARK] Da doc ScenarioConfig tu: scenarios/em_baseline.yaml (GHI DE toan bo --num-employees/--num-firms/--hard-max-firms/--initial-lending-rate/--initial-deposit-rate)
[BENCHMARK] Da nap checkpoint: be/checkpoint/final_v037_seed202/iter_100
[BENCHMARK] Che do policy: LAY MAU (explore=True, giong luc train)

Baseline              Productivity(GDP)   Equality(1-Gini)    Eq x Prod  Deaths/ep   Unemp
-----------------------------------------------------------------------------------------
rl_learned                893.57+/-36.23       0.476+/-0.035       425.09        0.0   0.004
                   (trung binh cong cu phu RL [rho, bom cau, tro cap] = [0.949 0.061 0.695] -> dung cho cac nhanh '+rl_aux')
                   (trung binh CA 5 cong cu RL = [0.006 0.349 0.949 0.061 0.695] -> dung cho 'rl_mean_fixed')
free_market+rl_aux        878.84+/-34.57       0.489+/-0.035       429.69        0.0   0.004
rl_mean_fixed             913.54+/-37.13       0.489+/-0.039       446.57        0.0   0.005
flat_pit0.10_cit0         871.11+/-46.86       0.389+/-0.029       338.93        0.0   0.004
flat_pit0.20_cit0         876.29+/-48.50       0.295+/-0.024       258.45        0.2   0.004
flat_pit0.30_cit0         863.07+/-49.03       0.224+/-0.040       193.22        5.1   0.004
flat_pit0.50_cit0         705.53+/-95.79       0.211+/-0.043       149.08       42.9   0.005
flat_pit0_cit0.10         874.99+/-48.88       0.470+/-0.056       411.62        0.1   0.005
flat_pit0_cit0.20         898.51+/-27.06       0.492+/-0.031       442.30        0.0   0.005
flat_pit0_cit0.30         911.32+/-41.96       0.487+/-0.050       443.85        0.0   0.004
flat_pit0_cit0.50         938.39+/-37.74       0.475+/-0.031       445.75        0.0   0.004
[BENCHMARK] Da ghi so lieu tung episode: audits/final_run/logs/flat_sweep/sweep_seed202_exp.json

[BENCHMARK] Luu y: neu khong truyen --checkpoint hop le, day CHUA phai so sanh
'RL da hoc' vs 'rule-based' that su -- moi tac tu khac Government deu dung heuristic,
nen bang tren chi cho biet BAN THAN 3 bieu thue khac nhau the nao duoi CUNG mot moi
truong heuristic co dinh, chua danh gia duoc gia tri gia tang cua RL.
[BENCHMARK] Nhanh 'rl_learned': Government dung CHINH policy RL da hoc (khong ep baseline nao)
-- day moi la phep so sanh RL-vs-rule-based that su theo dung cau hoi trung tam cua khoa luan.
