C:\Users\piece\.conda\envs\gpt_eco\lib\site-packages\ray\rllib\algorithms\algorithm.py:557: RayDeprecationWarning: This API is deprecated and may be removed in future Ray releases. You could suppress this warning by setting env variable PYTHONWARNINGS="ignore::DeprecationWarning"
`UnifiedLogger` will be removed in Ray 2.7.
  return UnifiedLogger(config, logdir, loggers=None)
C:\Users\piece\.conda\envs\gpt_eco\lib\site-packages\ray\tune\logger\unified.py:53: RayDeprecationWarning: This API is deprecated and may be removed in future Ray releases. You could suppress this warning by setting env variable PYTHONWARNINGS="ignore::DeprecationWarning"
The `JsonLogger interface is deprecated in favor of the `ray.tune.json.JsonLoggerCallback` interface and will be removed in Ray 2.7.
  self._loggers.append(cls(self.config, self.logdir, self.trial))
C:\Users\piece\.conda\envs\gpt_eco\lib\site-packages\ray\tune\logger\unified.py:53: RayDeprecationWarning: This API is deprecated and may be removed in future Ray releases. You could suppress this warning by setting env variable PYTHONWARNINGS="ignore::DeprecationWarning"
The `CSVLogger interface is deprecated in favor of the `ray.tune.csv.CSVLoggerCallback` interface and will be removed in Ray 2.7.
  self._loggers.append(cls(self.config, self.logdir, self.trial))
C:\Users\piece\.conda\envs\gpt_eco\lib\site-packages\ray\tune\logger\unified.py:53: RayDeprecationWarning: This API is deprecated and may be removed in future Ray releases. You could suppress this warning by setting env variable PYTHONWARNINGS="ignore::DeprecationWarning"
The `TBXLogger interface is deprecated in favor of the `ray.tune.tensorboardx.TBXLoggerCallback` interface and will be removed in Ray 2.7.
  self._loggers.append(cls(self.config, self.logdir, self.trial))
2026-10-02 19:20:44,230	WARNING deprecation.py:50 -- DeprecationWarning: `_enable_new_api_stack` has been deprecated. Use `AlgorithmConfig._enable_new_api_stack` instead. This will raise an error in the future!
2026-10-02 19:20:47,669	INFO worker.py:1781 -- Started a local Ray instance.
2026-10-02 19:20:50,736	INFO trainable.py:583 -- Restored on 127.0.0.1 from checkpoint: Checkpoint(filesystem=local, path=be/checkpoint/final_v037_seed303/iter_100)
[BENCHMARK] Da doc ScenarioConfig tu: scenarios/em_baseline.yaml (GHI DE toan bo --num-employees/--num-firms/--hard-max-firms/--initial-lending-rate/--initial-deposit-rate)
[BENCHMARK] Da nap checkpoint: be/checkpoint/final_v037_seed303/iter_100
[BENCHMARK] Che do policy: TAT DINH (explore=False)

Baseline              Productivity(GDP)   Equality(1-Gini)    Eq x Prod  Deaths/ep   Unemp
-----------------------------------------------------------------------------------------
rl_learned                927.43+/-32.88       0.433+/-0.033       401.55        0.1   0.004
                   (trung binh cong cu phu RL [rho, bom cau, tro cap] = [ 0.901 -0.063  0.557] -> dung cho cac nhanh '+rl_aux')
                   (trung binh CA 5 cong cu RL = [ 0.     0.285  0.901 -0.063  0.557] -> dung cho 'rl_mean_fixed')
free_market+rl_aux        912.85+/-30.44       0.427+/-0.020       389.99        0.2   0.003
rl_mean_fixed             945.00+/-31.96       0.416+/-0.022       393.12        0.1   0.004
flat_pit0.10_cit0         900.08+/-36.55       0.331+/-0.025       298.29        0.0   0.003
flat_pit0.20_cit0         901.46+/-37.47       0.282+/-0.023       254.04        0.5   0.003
flat_pit0.30_cit0         903.36+/-32.04       0.253+/-0.041       228.31        0.5   0.003
flat_pit0.50_cit0         851.97+/-47.43       0.229+/-0.016       195.51       34.1   0.004
flat_pit0_cit0.10         917.05+/-41.44       0.414+/-0.037       379.62        0.1   0.003
flat_pit0_cit0.20         930.61+/-31.60       0.412+/-0.042       383.26        0.1   0.003
flat_pit0_cit0.30         943.32+/-35.66       0.423+/-0.015       399.05        0.3   0.004
flat_pit0_cit0.50         964.01+/-40.85       0.397+/-0.030       383.16        0.0   0.003
[BENCHMARK] Da ghi so lieu tung episode: audits/final_run/logs/flat_sweep/sweep_seed303_det.json

[BENCHMARK] Luu y: neu khong truyen --checkpoint hop le, day CHUA phai so sanh
'RL da hoc' vs 'rule-based' that su -- moi tac tu khac Government deu dung heuristic,
nen bang tren chi cho biet BAN THAN 3 bieu thue khac nhau the nao duoi CUNG mot moi
truong heuristic co dinh, chua danh gia duoc gia tri gia tang cua RL.
[BENCHMARK] Nhanh 'rl_learned': Government dung CHINH policy RL da hoc (khong ep baseline nao)
-- day moi la phep so sanh RL-vs-rule-based that su theo dung cau hoi trung tam cua khoa luan.
