C:\Users\piece\.conda\envs\gpt_eco\lib\site-packages\ray\rllib\algorithms\algorithm.py:557: RayDeprecationWarning: This API is deprecated and may be removed in future Ray releases. You could suppress this warning by setting env variable PYTHONWARNINGS="ignore::DeprecationWarning"
`UnifiedLogger` will be removed in Ray 2.7.
  return UnifiedLogger(config, logdir, loggers=None)
C:\Users\piece\.conda\envs\gpt_eco\lib\site-packages\ray\tune\logger\unified.py:53: RayDeprecationWarning: This API is deprecated and may be removed in future Ray releases. You could suppress this warning by setting env variable PYTHONWARNINGS="ignore::DeprecationWarning"
The `JsonLogger interface is deprecated in favor of the `ray.tune.json.JsonLoggerCallback` interface and will be removed in Ray 2.7.
  self._loggers.append(cls(self.config, self.logdir, self.trial))
C:\Users\piece\.conda\envs\gpt_eco\lib\site-packages\ray\tune\logger\unified.py:53: RayDeprecationWarning: This API is deprecated and may be removed in future Ray releases. You could suppress this warning by setting env variable PYTHONWARNINGS="ignore::DeprecationWarning"
The `CSVLogger interface is deprecated in favor of the `ray.tune.csv.CSVLoggerCallback` interface and will be removed in Ray 2.7.
  self._loggers.append(cls(self.config, self.logdir, self.trial))
C:\Users\piece\.conda\envs\gpt_eco\lib\site-packages\ray\tune\logger\unified.py:53: RayDeprecationWarning: This API is deprecated and may be removed in future Ray releases. You could suppress this warning by setting env variable PYTHONWARNINGS="ignore::DeprecationWarning"
The `TBXLogger interface is deprecated in favor of the `ray.tune.tensorboardx.TBXLoggerCallback` interface and will be removed in Ray 2.7.
  self._loggers.append(cls(self.config, self.logdir, self.trial))
2026-10-02 19:41:22,944	WARNING deprecation.py:50 -- DeprecationWarning: `_enable_new_api_stack` has been deprecated. Use `AlgorithmConfig._enable_new_api_stack` instead. This will raise an error in the future!
2026-10-02 19:41:26,610	INFO worker.py:1781 -- Started a local Ray instance.
2026-10-02 19:41:30,224	INFO trainable.py:583 -- Restored on 127.0.0.1 from checkpoint: Checkpoint(filesystem=local, path=be/checkpoint/final_v037_seed303/iter_100)
[BENCHMARK] Da doc ScenarioConfig tu: scenarios/em_baseline.yaml (GHI DE toan bo --num-employees/--num-firms/--hard-max-firms/--initial-lending-rate/--initial-deposit-rate)
[BENCHMARK] Da nap checkpoint: be/checkpoint/final_v037_seed303/iter_100
[BENCHMARK] Che do policy: LAY MAU (explore=True, giong luc train)

Baseline              Productivity(GDP)   Equality(1-Gini)    Eq x Prod  Deaths/ep   Unemp
-----------------------------------------------------------------------------------------
rl_learned                935.28+/-46.74       0.393+/-0.032       367.64        0.0   0.006
                   (trung binh cong cu phu RL [rho, bom cau, tro cap] = [ 0.882 -0.053  0.55 ] -> dung cho cac nhanh '+rl_aux')
                   (trung binh CA 5 cong cu RL = [ 0.003  0.28   0.882 -0.053  0.55 ] -> dung cho 'rl_mean_fixed')
free_market+rl_aux        903.10+/-44.21       0.398+/-0.026       359.09        0.2   0.005
rl_mean_fixed             938.22+/-51.36       0.383+/-0.046       359.23        0.4   0.006
flat_pit0.10_cit0         895.05+/-38.65       0.332+/-0.038       296.77        0.4   0.006
flat_pit0.20_cit0         897.04+/-39.56       0.254+/-0.017       227.40        0.6   0.007
flat_pit0.30_cit0         914.46+/-58.83       0.243+/-0.022       222.35        3.9   0.012
flat_pit0.50_cit0         848.29+/-51.36       0.223+/-0.009       189.39       33.6   0.020
flat_pit0_cit0.10         909.44+/-37.26       0.390+/-0.038       355.04        0.0   0.006
flat_pit0_cit0.20         924.07+/-44.06       0.399+/-0.033       368.55        0.3   0.006
flat_pit0_cit0.30         938.74+/-39.63       0.392+/-0.031       368.44        0.1   0.005
flat_pit0_cit0.50         971.82+/-47.09       0.372+/-0.022       361.98        0.0   0.006
[BENCHMARK] Da ghi so lieu tung episode: audits/final_run/logs/flat_sweep/sweep_seed303_exp.json

[BENCHMARK] Luu y: neu khong truyen --checkpoint hop le, day CHUA phai so sanh
'RL da hoc' vs 'rule-based' that su -- moi tac tu khac Government deu dung heuristic,
nen bang tren chi cho biet BAN THAN 3 bieu thue khac nhau the nao duoi CUNG mot moi
truong heuristic co dinh, chua danh gia duoc gia tri gia tang cua RL.
[BENCHMARK] Nhanh 'rl_learned': Government dung CHINH policy RL da hoc (khong ep baseline nao)
-- day moi la phep so sanh RL-vs-rule-based that su theo dung cau hoi trung tam cua khoa luan.
