C:\Users\piece\.conda\envs\gpt_eco\lib\site-packages\ray\rllib\algorithms\algorithm.py:557: RayDeprecationWarning: This API is deprecated and may be removed in future Ray releases. You could suppress this warning by setting env variable PYTHONWARNINGS="ignore::DeprecationWarning"
`UnifiedLogger` will be removed in Ray 2.7.
  return UnifiedLogger(config, logdir, loggers=None)
C:\Users\piece\.conda\envs\gpt_eco\lib\site-packages\ray\tune\logger\unified.py:53: RayDeprecationWarning: This API is deprecated and may be removed in future Ray releases. You could suppress this warning by setting env variable PYTHONWARNINGS="ignore::DeprecationWarning"
The `JsonLogger interface is deprecated in favor of the `ray.tune.json.JsonLoggerCallback` interface and will be removed in Ray 2.7.
  self._loggers.append(cls(self.config, self.logdir, self.trial))
C:\Users\piece\.conda\envs\gpt_eco\lib\site-packages\ray\tune\logger\unified.py:53: RayDeprecationWarning: This API is deprecated and may be removed in future Ray releases. You could suppress this warning by setting env variable PYTHONWARNINGS="ignore::DeprecationWarning"
The `CSVLogger interface is deprecated in favor of the `ray.tune.csv.CSVLoggerCallback` interface and will be removed in Ray 2.7.
  self._loggers.append(cls(self.config, self.logdir, self.trial))
C:\Users\piece\.conda\envs\gpt_eco\lib\site-packages\ray\tune\logger\unified.py:53: RayDeprecationWarning: This API is deprecated and may be removed in future Ray releases. You could suppress this warning by setting env variable PYTHONWARNINGS="ignore::DeprecationWarning"
The `TBXLogger interface is deprecated in favor of the `ray.tune.tensorboardx.TBXLoggerCallback` interface and will be removed in Ray 2.7.
  self._loggers.append(cls(self.config, self.logdir, self.trial))
2026-10-06 11:09:04,641	WARNING deprecation.py:50 -- DeprecationWarning: `_enable_new_api_stack` has been deprecated. Use `AlgorithmConfig._enable_new_api_stack` instead. This will raise an error in the future!
2026-10-06 11:09:06,526	INFO worker.py:1781 -- Started a local Ray instance.
2026-10-06 11:09:08,162	INFO trainable.py:583 -- Restored on 127.0.0.1 from checkpoint: Checkpoint(filesystem=local, path=be/checkpoint/final_v037_seed202/iter_100)
[BENCHMARK] Da doc ScenarioConfig tu: scenarios/em_baseline.yaml (GHI DE toan bo --num-employees/--num-firms/--hard-max-firms/--initial-lending-rate/--initial-deposit-rate)
[BENCHMARK] Da nap checkpoint: be/checkpoint/final_v037_seed202/iter_100
[BENCHMARK] Che do policy: LAY MAU (explore=True, giong luc train)

Baseline              Productivity(GDP)   Equality(1-Gini)    Eq x Prod  Deaths/ep   Unemp
-----------------------------------------------------------------------------------------
rl_learned                893.57+/-36.23       0.476+/-0.035       425.09        0.0   0.004
                   (trung binh cong cu phu RL [rho, bom cau, tro cap] = [0.949 0.061 0.695] -> dung cho cac nhanh '+rl_aux')
                   (trung binh CA 5 cong cu RL = [0.006 0.349 0.949 0.061 0.695] -> dung cho 'rl_mean_fixed')
free_market               873.98+/-43.54       0.470+/-0.039       411.19        0.0   0.004
us_federal                864.56+/-43.88       0.391+/-0.034       337.81        0.0   0.004
saez                      693.31+/-67.66       0.205+/-0.014       141.80       39.3   0.005
free_market+rl_aux        875.59+/-34.06       0.472+/-0.037       413.32        0.3   0.004
us_federal+rl_aux         879.89+/-49.38       0.398+/-0.042       350.58        0.0   0.004
saez+rl_aux               709.87+/-97.65       0.195+/-0.015       138.43       39.5   0.006
[BENCHMARK] Da ghi so lieu tung episode: audits/paper_extras/negwealth_7arms/bench7_seed202_exp.json

[BENCHMARK] Luu y: neu khong truyen --checkpoint hop le, day CHUA phai so sanh
'RL da hoc' vs 'rule-based' that su -- moi tac tu khac Government deu dung heuristic,
nen bang tren chi cho biet BAN THAN 3 bieu thue khac nhau the nao duoi CUNG mot moi
truong heuristic co dinh, chua danh gia duoc gia tri gia tang cua RL.
[BENCHMARK] Nhanh 'rl_learned': Government dung CHINH policy RL da hoc (khong ep baseline nao)
-- day moi la phep so sanh RL-vs-rule-based that su theo dung cau hoi trung tam cua khoa luan.
