C:\Users\piece\.conda\envs\gpt_eco\lib\site-packages\ray\rllib\algorithms\algorithm.py:557: RayDeprecationWarning: This API is deprecated and may be removed in future Ray releases. You could suppress this warning by setting env variable PYTHONWARNINGS="ignore::DeprecationWarning"
`UnifiedLogger` will be removed in Ray 2.7.
  return UnifiedLogger(config, logdir, loggers=None)
C:\Users\piece\.conda\envs\gpt_eco\lib\site-packages\ray\tune\logger\unified.py:53: RayDeprecationWarning: This API is deprecated and may be removed in future Ray releases. You could suppress this warning by setting env variable PYTHONWARNINGS="ignore::DeprecationWarning"
The `JsonLogger interface is deprecated in favor of the `ray.tune.json.JsonLoggerCallback` interface and will be removed in Ray 2.7.
  self._loggers.append(cls(self.config, self.logdir, self.trial))
C:\Users\piece\.conda\envs\gpt_eco\lib\site-packages\ray\tune\logger\unified.py:53: RayDeprecationWarning: This API is deprecated and may be removed in future Ray releases. You could suppress this warning by setting env variable PYTHONWARNINGS="ignore::DeprecationWarning"
The `CSVLogger interface is deprecated in favor of the `ray.tune.csv.CSVLoggerCallback` interface and will be removed in Ray 2.7.
  self._loggers.append(cls(self.config, self.logdir, self.trial))
C:\Users\piece\.conda\envs\gpt_eco\lib\site-packages\ray\tune\logger\unified.py:53: RayDeprecationWarning: This API is deprecated and may be removed in future Ray releases. You could suppress this warning by setting env variable PYTHONWARNINGS="ignore::DeprecationWarning"
The `TBXLogger interface is deprecated in favor of the `ray.tune.tensorboardx.TBXLoggerCallback` interface and will be removed in Ray 2.7.
  self._loggers.append(cls(self.config, self.logdir, self.trial))
2026-10-06 11:01:28,732	WARNING deprecation.py:50 -- DeprecationWarning: `_enable_new_api_stack` has been deprecated. Use `AlgorithmConfig._enable_new_api_stack` instead. This will raise an error in the future!
2026-10-06 11:01:30,798	INFO worker.py:1781 -- Started a local Ray instance.
2026-10-06 11:01:34,068	INFO trainable.py:583 -- Restored on 127.0.0.1 from checkpoint: Checkpoint(filesystem=local, path=be/checkpoint/final_v037_seed202/iter_100)
[BENCHMARK] Da doc ScenarioConfig tu: scenarios/em_baseline.yaml (GHI DE toan bo --num-employees/--num-firms/--hard-max-firms/--initial-lending-rate/--initial-deposit-rate)
[BENCHMARK] Da nap checkpoint: be/checkpoint/final_v037_seed202/iter_100
[BENCHMARK] Che do policy: TAT DINH (explore=False)

Baseline              Productivity(GDP)   Equality(1-Gini)    Eq x Prod  Deaths/ep   Unemp
-----------------------------------------------------------------------------------------
rl_learned                898.25+/-38.24       0.507+/-0.048       455.50        0.0   0.003
                   (trung binh cong cu phu RL [rho, bom cau, tro cap] = [0.976 0.063 0.714] -> dung cho cac nhanh '+rl_aux')
                   (trung binh CA 5 cong cu RL = [0.005 0.351 0.976 0.063 0.714] -> dung cho 'rl_mean_fixed')
free_market               862.59+/-36.36       0.496+/-0.048       427.69        0.0   0.003
us_federal                871.20+/-42.51       0.406+/-0.033       354.13        0.0   0.003
saez                      653.00+/-65.45       0.199+/-0.012       129.71       44.0   0.003
free_market+rl_aux        861.85+/-34.30       0.486+/-0.065       418.64        0.0   0.003
us_federal+rl_aux         874.27+/-43.69       0.403+/-0.028       351.94        0.0   0.003
saez+rl_aux               610.04+/-60.04       0.196+/-0.051       119.69       40.8   0.002
[BENCHMARK] Da ghi so lieu tung episode: audits/paper_extras/negwealth_7arms/bench7_seed202_det.json

[BENCHMARK] Luu y: neu khong truyen --checkpoint hop le, day CHUA phai so sanh
'RL da hoc' vs 'rule-based' that su -- moi tac tu khac Government deu dung heuristic,
nen bang tren chi cho biet BAN THAN 3 bieu thue khac nhau the nao duoi CUNG mot moi
truong heuristic co dinh, chua danh gia duoc gia tri gia tang cua RL.
[BENCHMARK] Nhanh 'rl_learned': Government dung CHINH policy RL da hoc (khong ep baseline nao)
-- day moi la phep so sanh RL-vs-rule-based that su theo dung cau hoi trung tam cua khoa luan.
