[bench-v2.1] self-test G_P: DAT (Bang 3 Raffinetti 2015; G_P = Gini x N/(N-1) khi khong am; bien)
C:\Users\piece\.conda\envs\gpt_eco\lib\site-packages\ray\rllib\algorithms\algorithm.py:557: RayDeprecationWarning: This API is deprecated and may be removed in future Ray releases. You could suppress this warning by setting env variable PYTHONWARNINGS="ignore::DeprecationWarning"
`UnifiedLogger` will be removed in Ray 2.7.
  return UnifiedLogger(config, logdir, loggers=None)
C:\Users\piece\.conda\envs\gpt_eco\lib\site-packages\ray\tune\logger\unified.py:53: RayDeprecationWarning: This API is deprecated and may be removed in future Ray releases. You could suppress this warning by setting env variable PYTHONWARNINGS="ignore::DeprecationWarning"
The `JsonLogger interface is deprecated in favor of the `ray.tune.json.JsonLoggerCallback` interface and will be removed in Ray 2.7.
  self._loggers.append(cls(self.config, self.logdir, self.trial))
C:\Users\piece\.conda\envs\gpt_eco\lib\site-packages\ray\tune\logger\unified.py:53: RayDeprecationWarning: This API is deprecated and may be removed in future Ray releases. You could suppress this warning by setting env variable PYTHONWARNINGS="ignore::DeprecationWarning"
The `CSVLogger interface is deprecated in favor of the `ray.tune.csv.CSVLoggerCallback` interface and will be removed in Ray 2.7.
  self._loggers.append(cls(self.config, self.logdir, self.trial))
C:\Users\piece\.conda\envs\gpt_eco\lib\site-packages\ray\tune\logger\unified.py:53: RayDeprecationWarning: This API is deprecated and may be removed in future Ray releases. You could suppress this warning by setting env variable PYTHONWARNINGS="ignore::DeprecationWarning"
The `TBXLogger interface is deprecated in favor of the `ray.tune.tensorboardx.TBXLoggerCallback` interface and will be removed in Ray 2.7.
  self._loggers.append(cls(self.config, self.logdir, self.trial))
2026-10-09 10:13:51,722	WARNING deprecation.py:50 -- DeprecationWarning: `_enable_new_api_stack` has been deprecated. Use `AlgorithmConfig._enable_new_api_stack` instead. This will raise an error in the future!
2026-10-09 10:13:54,509	INFO worker.py:1781 -- Started a local Ray instance.
2026-10-09 10:13:57,669	INFO trainable.py:583 -- Restored on 127.0.0.1 from checkpoint: Checkpoint(filesystem=local, path=be/checkpoint/final_v037_seed202/iter_100)
[BENCHMARK] Da nap checkpoint: be/checkpoint/final_v037_seed202/iter_100
[bench-v2.1] Che do policy: LAY MAU (explore); gieo torch: step_policy

Nhanh                       GDP  1-Gini   1-GPw  1-GPnet   1-GPc  %buoc am    k/N
rl_learned               911.62   0.485   0.478    0.477   0.823      2.6%  0.001
free_market              875.49   0.459   0.452    0.451   0.796      0.0%  0.000
us_federal               876.74   0.388   0.354    0.338   0.802     75.5%  0.103
saez                     651.95   0.203   0.192    0.280   0.628     95.2%  0.812
free_market+rl_aux       876.61   0.460   0.452    0.452   0.797      0.0%  0.000
us_federal+rl_aux        889.58   0.392   0.360    0.344   0.800     77.3%  0.111
saez+rl_aux              666.30   0.197   0.176    0.256   0.607     95.2%  0.795
rl_mean_fixed            920.43   0.474   0.467    0.467   0.816     26.4%  0.011
flat_pit0.10_cit0        874.21   0.371   0.339    0.325   0.793     75.6%  0.107
flat_pit0.20_cit0        879.44   0.303   0.294    0.267   0.777     87.8%  0.352
flat_pit0.30_cit0        860.75   0.265   0.310    0.277   0.727     91.1%  0.594
flat_pit0.50_cit0        680.58   0.243   0.233    0.278   0.589     93.5%  0.750
flat_pit0_cit0.10        876.94   0.468   0.461    0.461   0.808      0.0%  0.000
flat_pit0_cit0.20        894.51   0.459   0.452    0.452   0.804      0.0%  0.000
flat_pit0_cit0.30        902.30   0.472   0.465    0.465   0.814      0.0%  0.000
flat_pit0_cit0.50        941.60   0.482   0.475    0.474   0.824      0.2%  0.000
[bench-v2.1] Da ghi: audits/paper_extras/v4_runs/v2/bench2_seed202_exp.json (sha256 truoc/sau trung: True)
