[bench-v2.1] self-test G_P: DAT (Bang 3 Raffinetti 2015; G_P = Gini x N/(N-1) khi khong am; bien)
C:\Users\piece\.conda\envs\gpt_eco\lib\site-packages\ray\rllib\algorithms\algorithm.py:557: RayDeprecationWarning: This API is deprecated and may be removed in future Ray releases. You could suppress this warning by setting env variable PYTHONWARNINGS="ignore::DeprecationWarning"
`UnifiedLogger` will be removed in Ray 2.7.
  return UnifiedLogger(config, logdir, loggers=None)
C:\Users\piece\.conda\envs\gpt_eco\lib\site-packages\ray\tune\logger\unified.py:53: RayDeprecationWarning: This API is deprecated and may be removed in future Ray releases. You could suppress this warning by setting env variable PYTHONWARNINGS="ignore::DeprecationWarning"
The `JsonLogger interface is deprecated in favor of the `ray.tune.json.JsonLoggerCallback` interface and will be removed in Ray 2.7.
  self._loggers.append(cls(self.config, self.logdir, self.trial))
C:\Users\piece\.conda\envs\gpt_eco\lib\site-packages\ray\tune\logger\unified.py:53: RayDeprecationWarning: This API is deprecated and may be removed in future Ray releases. You could suppress this warning by setting env variable PYTHONWARNINGS="ignore::DeprecationWarning"
The `CSVLogger interface is deprecated in favor of the `ray.tune.csv.CSVLoggerCallback` interface and will be removed in Ray 2.7.
  self._loggers.append(cls(self.config, self.logdir, self.trial))
C:\Users\piece\.conda\envs\gpt_eco\lib\site-packages\ray\tune\logger\unified.py:53: RayDeprecationWarning: This API is deprecated and may be removed in future Ray releases. You could suppress this warning by setting env variable PYTHONWARNINGS="ignore::DeprecationWarning"
The `TBXLogger interface is deprecated in favor of the `ray.tune.tensorboardx.TBXLoggerCallback` interface and will be removed in Ray 2.7.
  self._loggers.append(cls(self.config, self.logdir, self.trial))
2026-10-09 11:04:13,886	WARNING deprecation.py:50 -- DeprecationWarning: `_enable_new_api_stack` has been deprecated. Use `AlgorithmConfig._enable_new_api_stack` instead. This will raise an error in the future!
2026-10-09 11:04:16,630	INFO worker.py:1781 -- Started a local Ray instance.
2026-10-09 11:04:19,528	INFO trainable.py:583 -- Restored on 127.0.0.1 from checkpoint: Checkpoint(filesystem=local, path=be/checkpoint/final_v037_seed303/iter_100)
[BENCHMARK] Da nap checkpoint: be/checkpoint/final_v037_seed303/iter_100
[bench-v2.1] Che do policy: LAY MAU (explore); gieo torch: step_policy

Nhanh                       GDP  1-Gini   1-GPw  1-GPnet   1-GPc  %buoc am    k/N
rl_learned               935.60   0.392   0.385    0.385   0.813      3.5%  0.001
free_market              908.95   0.397   0.389    0.389   0.801      0.0%  0.000
us_federal               911.44   0.338   0.316    0.310   0.790     68.8%  0.088
saez                     852.70   0.323   0.282    0.317   0.744     94.4%  0.663
free_market+rl_aux       911.97   0.390   0.382    0.382   0.799      0.0%  0.000
us_federal+rl_aux        924.17   0.315   0.294    0.291   0.778     66.8%  0.083
saez+rl_aux              914.28   0.224   0.184    0.210   0.678     93.9%  0.619
rl_mean_fixed            943.05   0.381   0.374    0.373   0.808     10.2%  0.003
flat_pit0.10_cit0        904.36   0.322   0.299    0.293   0.783     71.1%  0.091
flat_pit0.20_cit0        907.58   0.256   0.243    0.246   0.758     83.5%  0.307
flat_pit0.30_cit0        899.95   0.258   0.273    0.289   0.747     88.3%  0.530
flat_pit0.50_cit0        840.12   0.219   0.198    0.248   0.661     92.0%  0.638
flat_pit0_cit0.10        915.61   0.401   0.394    0.393   0.805      0.2%  0.000
flat_pit0_cit0.20        923.51   0.395   0.387    0.387   0.809      0.0%  0.000
flat_pit0_cit0.30        942.95   0.389   0.381    0.381   0.809      0.0%  0.000
flat_pit0_cit0.50        982.64   0.383   0.376    0.376   0.820      0.0%  0.000
[bench-v2.1] Da ghi: audits/paper_extras/v4_runs/v2/bench2_seed303_exp.json (sha256 truoc/sau trung: True)
