[bench-v2.1] self-test G_P: DAT (Bang 3 Raffinetti 2015; G_P = Gini x N/(N-1) khi khong am; bien)
C:\Users\piece\.conda\envs\gpt_eco\lib\site-packages\ray\rllib\algorithms\algorithm.py:557: RayDeprecationWarning: This API is deprecated and may be removed in future Ray releases. You could suppress this warning by setting env variable PYTHONWARNINGS="ignore::DeprecationWarning"
`UnifiedLogger` will be removed in Ray 2.7.
  return UnifiedLogger(config, logdir, loggers=None)
C:\Users\piece\.conda\envs\gpt_eco\lib\site-packages\ray\tune\logger\unified.py:53: RayDeprecationWarning: This API is deprecated and may be removed in future Ray releases. You could suppress this warning by setting env variable PYTHONWARNINGS="ignore::DeprecationWarning"
The `JsonLogger interface is deprecated in favor of the `ray.tune.json.JsonLoggerCallback` interface and will be removed in Ray 2.7.
  self._loggers.append(cls(self.config, self.logdir, self.trial))
C:\Users\piece\.conda\envs\gpt_eco\lib\site-packages\ray\tune\logger\unified.py:53: RayDeprecationWarning: This API is deprecated and may be removed in future Ray releases. You could suppress this warning by setting env variable PYTHONWARNINGS="ignore::DeprecationWarning"
The `CSVLogger interface is deprecated in favor of the `ray.tune.csv.CSVLoggerCallback` interface and will be removed in Ray 2.7.
  self._loggers.append(cls(self.config, self.logdir, self.trial))
C:\Users\piece\.conda\envs\gpt_eco\lib\site-packages\ray\tune\logger\unified.py:53: RayDeprecationWarning: This API is deprecated and may be removed in future Ray releases. You could suppress this warning by setting env variable PYTHONWARNINGS="ignore::DeprecationWarning"
The `TBXLogger interface is deprecated in favor of the `ray.tune.tensorboardx.TBXLoggerCallback` interface and will be removed in Ray 2.7.
  self._loggers.append(cls(self.config, self.logdir, self.trial))
2026-10-09 10:40:12,183	WARNING deprecation.py:50 -- DeprecationWarning: `_enable_new_api_stack` has been deprecated. Use `AlgorithmConfig._enable_new_api_stack` instead. This will raise an error in the future!
2026-10-09 10:40:14,912	INFO worker.py:1781 -- Started a local Ray instance.
2026-10-09 10:40:17,783	INFO trainable.py:583 -- Restored on 127.0.0.1 from checkpoint: Checkpoint(filesystem=local, path=be/checkpoint/final_v037_seed303/iter_100)
[BENCHMARK] Da nap checkpoint: be/checkpoint/final_v037_seed303/iter_100
[bench-v2.1] Che do policy: TAT DINH; gieo torch: step_policy

Nhanh                       GDP  1-Gini   1-GPw  1-GPnet   1-GPc  %buoc am    k/N
rl_learned               927.43   0.433   0.426    0.426   0.855      0.0%  0.000
free_market              902.66   0.430   0.423    0.423   0.843      0.0%  0.000
us_federal               910.66   0.350   0.325    0.317   0.827     71.0%  0.099
saez                     843.17   0.282   0.247    0.292   0.737     94.3%  0.728
free_market+rl_aux       912.85   0.427   0.420    0.420   0.844      0.0%  0.000
us_federal+rl_aux        915.71   0.319   0.298    0.293   0.815     70.5%  0.091
saez+rl_aux              884.64   0.229   0.194    0.231   0.691     94.0%  0.684
rl_mean_fixed            945.00   0.416   0.409    0.409   0.848      0.0%  0.000
flat_pit0.10_cit0        900.08   0.331   0.307    0.299   0.817     70.2%  0.098
flat_pit0.20_cit0        901.46   0.282   0.292    0.275   0.790     84.3%  0.332
flat_pit0.30_cit0        903.36   0.253   0.265    0.290   0.765     88.1%  0.554
flat_pit0.50_cit0        851.97   0.229   0.215    0.271   0.685     91.8%  0.681
flat_pit0_cit0.10        917.05   0.414   0.407    0.407   0.842      0.0%  0.000
flat_pit0_cit0.20        930.61   0.412   0.405    0.405   0.841      0.0%  0.000
flat_pit0_cit0.30        943.32   0.423   0.416    0.416   0.849      0.0%  0.000
flat_pit0_cit0.50        964.01   0.397   0.390    0.390   0.853      0.0%  0.000
[bench-v2.1] Da ghi: audits/paper_extras/v4_runs/v2/bench2_seed303_det.json (sha256 truoc/sau trung: True)
