[bench-v2.1] self-test G_P: DAT (Bang 3 Raffinetti 2015; G_P = Gini x N/(N-1) khi khong am; bien)
C:\Users\piece\.conda\envs\gpt_eco\lib\site-packages\ray\rllib\algorithms\algorithm.py:557: RayDeprecationWarning: This API is deprecated and may be removed in future Ray releases. You could suppress this warning by setting env variable PYTHONWARNINGS="ignore::DeprecationWarning"
`UnifiedLogger` will be removed in Ray 2.7.
  return UnifiedLogger(config, logdir, loggers=None)
C:\Users\piece\.conda\envs\gpt_eco\lib\site-packages\ray\tune\logger\unified.py:53: RayDeprecationWarning: This API is deprecated and may be removed in future Ray releases. You could suppress this warning by setting env variable PYTHONWARNINGS="ignore::DeprecationWarning"
The `JsonLogger interface is deprecated in favor of the `ray.tune.json.JsonLoggerCallback` interface and will be removed in Ray 2.7.
  self._loggers.append(cls(self.config, self.logdir, self.trial))
C:\Users\piece\.conda\envs\gpt_eco\lib\site-packages\ray\tune\logger\unified.py:53: RayDeprecationWarning: This API is deprecated and may be removed in future Ray releases. You could suppress this warning by setting env variable PYTHONWARNINGS="ignore::DeprecationWarning"
The `CSVLogger interface is deprecated in favor of the `ray.tune.csv.CSVLoggerCallback` interface and will be removed in Ray 2.7.
  self._loggers.append(cls(self.config, self.logdir, self.trial))
C:\Users\piece\.conda\envs\gpt_eco\lib\site-packages\ray\tune\logger\unified.py:53: RayDeprecationWarning: This API is deprecated and may be removed in future Ray releases. You could suppress this warning by setting env variable PYTHONWARNINGS="ignore::DeprecationWarning"
The `TBXLogger interface is deprecated in favor of the `ray.tune.tensorboardx.TBXLoggerCallback` interface and will be removed in Ray 2.7.
  self._loggers.append(cls(self.config, self.logdir, self.trial))
2026-10-09 12:33:34,952	WARNING deprecation.py:50 -- DeprecationWarning: `_enable_new_api_stack` has been deprecated. Use `AlgorithmConfig._enable_new_api_stack` instead. This will raise an error in the future!
2026-10-09 12:33:36,910	INFO worker.py:1781 -- Started a local Ray instance.
2026-10-09 12:33:38,862	INFO trainable.py:583 -- Restored on 127.0.0.1 from checkpoint: Checkpoint(filesystem=local, path=be/checkpoint/final_v037_seed505/iter_100)
[BENCHMARK] Da nap checkpoint: be/checkpoint/final_v037_seed505/iter_100
[bench-v2.1] Che do policy: LAY MAU (explore); gieo torch: step_policy

Nhanh                       GDP  1-Gini   1-GPw  1-GPnet   1-GPc  %buoc am    k/N
rl_learned               869.57   0.497   0.490    0.489   0.820      0.6%  0.000
free_market              852.33   0.505   0.499    0.498   0.821      0.0%  0.000
us_federal               855.94   0.424   0.391    0.379   0.817     72.0%  0.098
saez                     675.57   0.380   0.424    0.390   0.768     94.8%  0.719
free_market+rl_aux       854.20   0.509   0.502    0.502   0.822      0.0%  0.000
us_federal+rl_aux        875.76   0.377   0.348    0.340   0.790     73.3%  0.094
saez+rl_aux              841.01   0.198   0.175    0.212   0.615     93.9%  0.661
rl_mean_fixed            859.82   0.490   0.483    0.483   0.818     18.9%  0.006
flat_pit0.10_cit0        856.62   0.366   0.337    0.329   0.791     71.1%  0.099
flat_pit0.20_cit0        859.86   0.281   0.270    0.257   0.761     85.6%  0.316
flat_pit0.30_cit0        838.16   0.252   0.287    0.276   0.727     89.6%  0.540
flat_pit0.50_cit0        682.79   0.264   0.310    0.325   0.661     92.3%  0.692
flat_pit0_cit0.10        858.91   0.511   0.505    0.504   0.825      0.0%  0.000
flat_pit0_cit0.20        879.90   0.494   0.488    0.487   0.818      0.0%  0.000
flat_pit0_cit0.30        898.65   0.484   0.477    0.477   0.818      0.3%  0.000
flat_pit0_cit0.50        942.20   0.428   0.420    0.420   0.806      0.2%  0.000
[bench-v2.1] Da ghi: audits/paper_extras/v4_runs/v2/bench2_seed505_exp.json (sha256 truoc/sau trung: True)
