[bench-v2.1] self-test G_P: DAT (Bang 3 Raffinetti 2015; G_P = Gini x N/(N-1) khi khong am; bien)
C:\Users\piece\.conda\envs\gpt_eco\lib\site-packages\ray\rllib\algorithms\algorithm.py:557: RayDeprecationWarning: This API is deprecated and may be removed in future Ray releases. You could suppress this warning by setting env variable PYTHONWARNINGS="ignore::DeprecationWarning"
`UnifiedLogger` will be removed in Ray 2.7.
  return UnifiedLogger(config, logdir, loggers=None)
C:\Users\piece\.conda\envs\gpt_eco\lib\site-packages\ray\tune\logger\unified.py:53: RayDeprecationWarning: This API is deprecated and may be removed in future Ray releases. You could suppress this warning by setting env variable PYTHONWARNINGS="ignore::DeprecationWarning"
The `JsonLogger interface is deprecated in favor of the `ray.tune.json.JsonLoggerCallback` interface and will be removed in Ray 2.7.
  self._loggers.append(cls(self.config, self.logdir, self.trial))
C:\Users\piece\.conda\envs\gpt_eco\lib\site-packages\ray\tune\logger\unified.py:53: RayDeprecationWarning: This API is deprecated and may be removed in future Ray releases. You could suppress this warning by setting env variable PYTHONWARNINGS="ignore::DeprecationWarning"
The `CSVLogger interface is deprecated in favor of the `ray.tune.csv.CSVLoggerCallback` interface and will be removed in Ray 2.7.
  self._loggers.append(cls(self.config, self.logdir, self.trial))
C:\Users\piece\.conda\envs\gpt_eco\lib\site-packages\ray\tune\logger\unified.py:53: RayDeprecationWarning: This API is deprecated and may be removed in future Ray releases. You could suppress this warning by setting env variable PYTHONWARNINGS="ignore::DeprecationWarning"
The `TBXLogger interface is deprecated in favor of the `ray.tune.tensorboardx.TBXLoggerCallback` interface and will be removed in Ray 2.7.
  self._loggers.append(cls(self.config, self.logdir, self.trial))
2026-10-09 14:14:02,990	WARNING deprecation.py:50 -- DeprecationWarning: `_enable_new_api_stack` has been deprecated. Use `AlgorithmConfig._enable_new_api_stack` instead. This will raise an error in the future!
2026-10-09 14:14:05,872	INFO worker.py:1781 -- Started a local Ray instance.
2026-10-09 14:14:08,802	INFO trainable.py:583 -- Restored on 127.0.0.1 from checkpoint: Checkpoint(filesystem=local, path=be/checkpoint/final_v037_seed707/iter_100)
[BENCHMARK] Da nap checkpoint: be/checkpoint/final_v037_seed707/iter_100
[bench-v2.1] Che do policy: LAY MAU (explore); gieo torch: step_policy

Nhanh                       GDP  1-Gini   1-GPw  1-GPnet   1-GPc  %buoc am    k/N
rl_learned               891.91   0.419   0.411    0.410   0.815      5.0%  0.001
free_market              868.47   0.409   0.402    0.401   0.810      0.0%  0.000
us_federal               872.39   0.350   0.316    0.300   0.811     80.9%  0.115
saez                     673.65   0.403   0.427    0.411   0.759     94.9%  0.752
free_market+rl_aux       865.95   0.409   0.402    0.401   0.809      0.0%  0.000
us_federal+rl_aux        885.43   0.311   0.281    0.272   0.800     79.5%  0.112
saez+rl_aux              766.19   0.303   0.313    0.321   0.711     94.7%  0.724
rl_mean_fixed            890.12   0.416   0.408    0.407   0.819     26.7%  0.010
flat_pit0.10_cit0        877.00   0.334   0.302    0.288   0.799     79.7%  0.114
flat_pit0.20_cit0        861.93   0.274   0.279    0.247   0.785     90.3%  0.381
flat_pit0.30_cit0        849.39   0.220   0.245    0.258   0.736     92.2%  0.613
flat_pit0.50_cit0        733.23   0.237   0.243    0.291   0.653     93.7%  0.731
flat_pit0_cit0.10        883.92   0.431   0.424    0.423   0.823      0.0%  0.000
flat_pit0_cit0.20        886.49   0.389   0.381    0.380   0.809      0.0%  0.000
flat_pit0_cit0.30        901.80   0.397   0.389    0.389   0.812      0.0%  0.000
flat_pit0_cit0.50        927.84   0.397   0.389    0.389   0.823      0.9%  0.000
[bench-v2.1] Da ghi: audits/paper_extras/v4_runs/v2/bench2_seed707_exp.json (sha256 truoc/sau trung: True)
