[bench-v2.1] self-test G_P: DAT (Bang 3 Raffinetti 2015; G_P = Gini x N/(N-1) khi khong am; bien)
C:\Users\piece\.conda\envs\gpt_eco\lib\site-packages\ray\rllib\algorithms\algorithm.py:557: RayDeprecationWarning: This API is deprecated and may be removed in future Ray releases. You could suppress this warning by setting env variable PYTHONWARNINGS="ignore::DeprecationWarning"
`UnifiedLogger` will be removed in Ray 2.7.
  return UnifiedLogger(config, logdir, loggers=None)
C:\Users\piece\.conda\envs\gpt_eco\lib\site-packages\ray\tune\logger\unified.py:53: RayDeprecationWarning: This API is deprecated and may be removed in future Ray releases. You could suppress this warning by setting env variable PYTHONWARNINGS="ignore::DeprecationWarning"
The `JsonLogger interface is deprecated in favor of the `ray.tune.json.JsonLoggerCallback` interface and will be removed in Ray 2.7.
  self._loggers.append(cls(self.config, self.logdir, self.trial))
C:\Users\piece\.conda\envs\gpt_eco\lib\site-packages\ray\tune\logger\unified.py:53: RayDeprecationWarning: This API is deprecated and may be removed in future Ray releases. You could suppress this warning by setting env variable PYTHONWARNINGS="ignore::DeprecationWarning"
The `CSVLogger interface is deprecated in favor of the `ray.tune.csv.CSVLoggerCallback` interface and will be removed in Ray 2.7.
  self._loggers.append(cls(self.config, self.logdir, self.trial))
C:\Users\piece\.conda\envs\gpt_eco\lib\site-packages\ray\tune\logger\unified.py:53: RayDeprecationWarning: This API is deprecated and may be removed in future Ray releases. You could suppress this warning by setting env variable PYTHONWARNINGS="ignore::DeprecationWarning"
The `TBXLogger interface is deprecated in favor of the `ray.tune.tensorboardx.TBXLoggerCallback` interface and will be removed in Ray 2.7.
  self._loggers.append(cls(self.config, self.logdir, self.trial))
2026-10-09 13:01:41,798	WARNING deprecation.py:50 -- DeprecationWarning: `_enable_new_api_stack` has been deprecated. Use `AlgorithmConfig._enable_new_api_stack` instead. This will raise an error in the future!
2026-10-09 13:01:44,917	INFO worker.py:1781 -- Started a local Ray instance.
2026-10-09 13:01:47,798	INFO trainable.py:583 -- Restored on 127.0.0.1 from checkpoint: Checkpoint(filesystem=local, path=be/checkpoint/final_v037_seed909/iter_100)
[BENCHMARK] Da nap checkpoint: be/checkpoint/final_v037_seed909/iter_100
[bench-v2.1] Che do policy: LAY MAU (explore); gieo torch: step_policy

Nhanh                       GDP  1-Gini   1-GPw  1-GPnet   1-GPc  %buoc am    k/N
rl_learned               931.30   0.409   0.402    0.402   0.810      0.1%  0.000
free_market              908.40   0.415   0.408    0.408   0.805      0.0%  0.000
us_federal               919.91   0.364   0.348    0.347   0.807     67.9%  0.066
saez                     726.18   0.263   0.270    0.288   0.724     93.5%  0.674
free_market+rl_aux       909.98   0.417   0.410    0.410   0.806      0.0%  0.000
us_federal+rl_aux        928.66   0.348   0.335    0.335   0.793     69.3%  0.065
saez+rl_aux              758.38   0.270   0.251    0.260   0.661     92.6%  0.559
rl_mean_fixed            931.76   0.413   0.406    0.406   0.809      5.2%  0.001
flat_pit0.10_cit0        912.54   0.346   0.334    0.333   0.784     68.1%  0.066
flat_pit0.20_cit0        925.77   0.293   0.281    0.284   0.760     82.1%  0.272
flat_pit0.30_cit0        899.63   0.262   0.253    0.264   0.715     86.2%  0.468
flat_pit0.50_cit0        745.22   0.269   0.254    0.265   0.642     91.0%  0.551
flat_pit0_cit0.10        921.89   0.416   0.409    0.408   0.808      0.0%  0.000
flat_pit0_cit0.20        933.58   0.415   0.408    0.408   0.809      0.0%  0.000
flat_pit0_cit0.30        936.94   0.409   0.402    0.402   0.810      0.0%  0.000
flat_pit0_cit0.50        963.91   0.411   0.404    0.404   0.820      0.0%  0.000
[bench-v2.1] Da ghi: audits/paper_extras/v4_runs/v2/bench2_seed909_exp.json (sha256 truoc/sau trung: True)
