[bench-v2.1] self-test G_P: DAT (Bang 3 Raffinetti 2015; G_P = Gini x N/(N-1) khi khong am; bien)
C:\Users\piece\.conda\envs\gpt_eco\lib\site-packages\ray\rllib\algorithms\algorithm.py:557: RayDeprecationWarning: This API is deprecated and may be removed in future Ray releases. You could suppress this warning by setting env variable PYTHONWARNINGS="ignore::DeprecationWarning"
`UnifiedLogger` will be removed in Ray 2.7.
  return UnifiedLogger(config, logdir, loggers=None)
C:\Users\piece\.conda\envs\gpt_eco\lib\site-packages\ray\tune\logger\unified.py:53: RayDeprecationWarning: This API is deprecated and may be removed in future Ray releases. You could suppress this warning by setting env variable PYTHONWARNINGS="ignore::DeprecationWarning"
The `JsonLogger interface is deprecated in favor of the `ray.tune.json.JsonLoggerCallback` interface and will be removed in Ray 2.7.
  self._loggers.append(cls(self.config, self.logdir, self.trial))
C:\Users\piece\.conda\envs\gpt_eco\lib\site-packages\ray\tune\logger\unified.py:53: RayDeprecationWarning: This API is deprecated and may be removed in future Ray releases. You could suppress this warning by setting env variable PYTHONWARNINGS="ignore::DeprecationWarning"
The `CSVLogger interface is deprecated in favor of the `ray.tune.csv.CSVLoggerCallback` interface and will be removed in Ray 2.7.
  self._loggers.append(cls(self.config, self.logdir, self.trial))
C:\Users\piece\.conda\envs\gpt_eco\lib\site-packages\ray\tune\logger\unified.py:53: RayDeprecationWarning: This API is deprecated and may be removed in future Ray releases. You could suppress this warning by setting env variable PYTHONWARNINGS="ignore::DeprecationWarning"
The `TBXLogger interface is deprecated in favor of the `ray.tune.tensorboardx.TBXLoggerCallback` interface and will be removed in Ray 2.7.
  self._loggers.append(cls(self.config, self.logdir, self.trial))
2026-10-09 13:47:32,890	WARNING deprecation.py:50 -- DeprecationWarning: `_enable_new_api_stack` has been deprecated. Use `AlgorithmConfig._enable_new_api_stack` instead. This will raise an error in the future!
2026-10-09 13:47:36,139	INFO worker.py:1781 -- Started a local Ray instance.
2026-10-09 13:47:39,309	INFO trainable.py:583 -- Restored on 127.0.0.1 from checkpoint: Checkpoint(filesystem=local, path=be/checkpoint/final_v037_seed707/iter_100)
[BENCHMARK] Da nap checkpoint: be/checkpoint/final_v037_seed707/iter_100
[bench-v2.1] Che do policy: TAT DINH; gieo torch: step_policy

Nhanh                       GDP  1-Gini   1-GPw  1-GPnet   1-GPc  %buoc am    k/N
rl_learned               885.01   0.433   0.426    0.426   0.835      0.0%  0.000
free_market              864.41   0.444   0.437    0.437   0.837      0.0%  0.000
us_federal               857.76   0.366   0.330    0.307   0.829     80.8%  0.121
saez                     668.69   0.280   0.251    0.313   0.687     94.6%  0.760
free_market+rl_aux       863.79   0.444   0.437    0.437   0.837      0.0%  0.000
us_federal+rl_aux        861.61   0.358   0.323    0.302   0.822     79.7%  0.115
saez+rl_aux              708.74   0.225   0.185    0.249   0.642     94.5%  0.728
rl_mean_fixed            879.75   0.434   0.427    0.427   0.838      0.0%  0.000
flat_pit0.10_cit0        860.56   0.337   0.304    0.287   0.817     78.3%  0.118
flat_pit0.20_cit0        870.19   0.249   0.249    0.235   0.777     90.5%  0.382
flat_pit0.30_cit0        860.39   0.256   0.297    0.291   0.755     92.1%  0.632
flat_pit0.50_cit0        694.25   0.206   0.196    0.247   0.617     93.6%  0.736
flat_pit0_cit0.10        879.41   0.442   0.435    0.435   0.839      0.0%  0.000
flat_pit0_cit0.20        882.52   0.439   0.432    0.432   0.840      0.0%  0.000
flat_pit0_cit0.30        892.73   0.424   0.417    0.417   0.838      0.1%  0.000
flat_pit0_cit0.50        906.33   0.430   0.422    0.422   0.844      0.2%  0.000
[bench-v2.1] Da ghi: audits/paper_extras/v4_runs/v2/bench2_seed707_det.json (sha256 truoc/sau trung: True)
