[bench-v2.1] self-test G_P: DAT (Bang 3 Raffinetti 2015; G_P = Gini x N/(N-1) khi khong am; bien)
C:\Users\piece\.conda\envs\gpt_eco\lib\site-packages\ray\rllib\algorithms\algorithm.py:557: RayDeprecationWarning: This API is deprecated and may be removed in future Ray releases. You could suppress this warning by setting env variable PYTHONWARNINGS="ignore::DeprecationWarning"
`UnifiedLogger` will be removed in Ray 2.7.
  return UnifiedLogger(config, logdir, loggers=None)
C:\Users\piece\.conda\envs\gpt_eco\lib\site-packages\ray\tune\logger\unified.py:53: RayDeprecationWarning: This API is deprecated and may be removed in future Ray releases. You could suppress this warning by setting env variable PYTHONWARNINGS="ignore::DeprecationWarning"
The `JsonLogger interface is deprecated in favor of the `ray.tune.json.JsonLoggerCallback` interface and will be removed in Ray 2.7.
  self._loggers.append(cls(self.config, self.logdir, self.trial))
C:\Users\piece\.conda\envs\gpt_eco\lib\site-packages\ray\tune\logger\unified.py:53: RayDeprecationWarning: This API is deprecated and may be removed in future Ray releases. You could suppress this warning by setting env variable PYTHONWARNINGS="ignore::DeprecationWarning"
The `CSVLogger interface is deprecated in favor of the `ray.tune.csv.CSVLoggerCallback` interface and will be removed in Ray 2.7.
  self._loggers.append(cls(self.config, self.logdir, self.trial))
C:\Users\piece\.conda\envs\gpt_eco\lib\site-packages\ray\tune\logger\unified.py:53: RayDeprecationWarning: This API is deprecated and may be removed in future Ray releases. You could suppress this warning by setting env variable PYTHONWARNINGS="ignore::DeprecationWarning"
The `TBXLogger interface is deprecated in favor of the `ray.tune.tensorboardx.TBXLoggerCallback` interface and will be removed in Ray 2.7.
  self._loggers.append(cls(self.config, self.logdir, self.trial))
2026-10-09 13:20:50,780	WARNING deprecation.py:50 -- DeprecationWarning: `_enable_new_api_stack` has been deprecated. Use `AlgorithmConfig._enable_new_api_stack` instead. This will raise an error in the future!
2026-10-09 13:20:53,988	INFO worker.py:1781 -- Started a local Ray instance.
2026-10-09 13:20:57,137	INFO trainable.py:583 -- Restored on 127.0.0.1 from checkpoint: Checkpoint(filesystem=local, path=be/checkpoint/final_v037_seed606/iter_100)
[BENCHMARK] Da nap checkpoint: be/checkpoint/final_v037_seed606/iter_100
[bench-v2.1] Che do policy: LAY MAU (explore); gieo torch: step_policy

Nhanh                       GDP  1-Gini   1-GPw  1-GPnet   1-GPc  %buoc am    k/N
rl_learned               894.79   0.428   0.421    0.419   0.823      8.3%  0.002
free_market              855.92   0.449   0.442    0.441   0.820      0.0%  0.000
us_federal               848.38   0.369   0.328    0.309   0.808     86.1%  0.106
saez                     596.54   0.347   0.392    0.444   0.720     95.2%  0.834
free_market+rl_aux       855.46   0.446   0.438    0.437   0.819      0.0%  0.000
us_federal+rl_aux        871.80   0.308   0.274    0.259   0.783     86.3%  0.110
saez+rl_aux              563.51   0.310   0.366    0.439   0.705     95.0%  0.835
rl_mean_fixed            896.14   0.411   0.403    0.400   0.815     29.7%  0.012
flat_pit0.10_cit0        847.42   0.310   0.272    0.257   0.789     86.9%  0.110
flat_pit0.20_cit0        852.46   0.227   0.199    0.188   0.741     91.7%  0.367
flat_pit0.30_cit0        800.37   0.182   0.192    0.204   0.698     93.2%  0.642
flat_pit0.50_cit0        561.82   0.290   0.353    0.417   0.682     94.3%  0.825
flat_pit0_cit0.10        865.66   0.419   0.411    0.410   0.809      0.9%  0.000
flat_pit0_cit0.20        876.60   0.438   0.431    0.429   0.820      0.1%  0.000
flat_pit0_cit0.30        889.76   0.421   0.413    0.412   0.817      0.1%  0.000
flat_pit0_cit0.50        928.99   0.384   0.377    0.375   0.813      0.7%  0.000
[bench-v2.1] Da ghi: audits/paper_extras/v4_runs/v2/bench2_seed606_exp.json (sha256 truoc/sau trung: True)
