[bench-v2.1] self-test G_P: DAT (Bang 3 Raffinetti 2015; G_P = Gini x N/(N-1) khi khong am; bien)
C:\Users\piece\.conda\envs\gpt_eco\lib\site-packages\ray\rllib\algorithms\algorithm.py:557: RayDeprecationWarning: This API is deprecated and may be removed in future Ray releases. You could suppress this warning by setting env variable PYTHONWARNINGS="ignore::DeprecationWarning"
`UnifiedLogger` will be removed in Ray 2.7.
  return UnifiedLogger(config, logdir, loggers=None)
C:\Users\piece\.conda\envs\gpt_eco\lib\site-packages\ray\tune\logger\unified.py:53: RayDeprecationWarning: This API is deprecated and may be removed in future Ray releases. You could suppress this warning by setting env variable PYTHONWARNINGS="ignore::DeprecationWarning"
The `JsonLogger interface is deprecated in favor of the `ray.tune.json.JsonLoggerCallback` interface and will be removed in Ray 2.7.
  self._loggers.append(cls(self.config, self.logdir, self.trial))
C:\Users\piece\.conda\envs\gpt_eco\lib\site-packages\ray\tune\logger\unified.py:53: RayDeprecationWarning: This API is deprecated and may be removed in future Ray releases. You could suppress this warning by setting env variable PYTHONWARNINGS="ignore::DeprecationWarning"
The `CSVLogger interface is deprecated in favor of the `ray.tune.csv.CSVLoggerCallback` interface and will be removed in Ray 2.7.
  self._loggers.append(cls(self.config, self.logdir, self.trial))
C:\Users\piece\.conda\envs\gpt_eco\lib\site-packages\ray\tune\logger\unified.py:53: RayDeprecationWarning: This API is deprecated and may be removed in future Ray releases. You could suppress this warning by setting env variable PYTHONWARNINGS="ignore::DeprecationWarning"
The `TBXLogger interface is deprecated in favor of the `ray.tune.tensorboardx.TBXLoggerCallback` interface and will be removed in Ray 2.7.
  self._loggers.append(cls(self.config, self.logdir, self.trial))
2026-10-09 12:58:36,557	WARNING deprecation.py:50 -- DeprecationWarning: `_enable_new_api_stack` has been deprecated. Use `AlgorithmConfig._enable_new_api_stack` instead. This will raise an error in the future!
2026-10-09 12:58:39,706	INFO worker.py:1781 -- Started a local Ray instance.
2026-10-09 12:58:42,470	INFO trainable.py:583 -- Restored on 127.0.0.1 from checkpoint: Checkpoint(filesystem=local, path=be/checkpoint/final_v037_seed606/iter_100)
[BENCHMARK] Da nap checkpoint: be/checkpoint/final_v037_seed606/iter_100
[bench-v2.1] Che do policy: TAT DINH; gieo torch: step_policy

Nhanh                       GDP  1-Gini   1-GPw  1-GPnet   1-GPc  %buoc am    k/N
rl_learned               880.16   0.465   0.458    0.458   0.850      0.1%  0.000
free_market              852.88   0.442   0.434    0.434   0.833      0.0%  0.000
us_federal               848.00   0.365   0.316    0.288   0.822     84.0%  0.133
saez                     505.72   0.585   0.733    0.714   0.847     94.9%  0.894
free_market+rl_aux       854.21   0.441   0.434    0.434   0.834      0.0%  0.000
us_federal+rl_aux        869.63   0.317   0.276    0.255   0.801     83.1%  0.135
saez+rl_aux              495.98   0.482   0.616    0.632   0.800     95.0%  0.882
rl_mean_fixed            896.14   0.442   0.435    0.435   0.838     21.5%  0.009
flat_pit0.10_cit0        858.15   0.324   0.279    0.254   0.801     84.1%  0.143
flat_pit0.20_cit0        853.27   0.202   0.189    0.179   0.736     91.9%  0.432
flat_pit0.30_cit0        788.42   0.150   0.161    0.199   0.688     93.1%  0.705
flat_pit0.50_cit0        453.91   0.549   0.707    0.702   0.849     94.2%  0.889
flat_pit0_cit0.10        867.13   0.446   0.439    0.439   0.835      0.0%  0.000
flat_pit0_cit0.20        885.71   0.424   0.417    0.417   0.831      0.2%  0.000
flat_pit0_cit0.30        890.58   0.442   0.435    0.435   0.840      0.1%  0.000
flat_pit0_cit0.50        928.17   0.412   0.405    0.405   0.837      0.2%  0.000
[bench-v2.1] Da ghi: audits/paper_extras/v4_runs/v2/bench2_seed606_det.json (sha256 truoc/sau trung: True)
