[bench-v2.1] self-test G_P: DAT (Bang 3 Raffinetti 2015; G_P = Gini x N/(N-1) khi khong am; bien)
C:\Users\piece\.conda\envs\gpt_eco\lib\site-packages\ray\rllib\algorithms\algorithm.py:557: RayDeprecationWarning: This API is deprecated and may be removed in future Ray releases. You could suppress this warning by setting env variable PYTHONWARNINGS="ignore::DeprecationWarning"
`UnifiedLogger` will be removed in Ray 2.7.
  return UnifiedLogger(config, logdir, loggers=None)
C:\Users\piece\.conda\envs\gpt_eco\lib\site-packages\ray\tune\logger\unified.py:53: RayDeprecationWarning: This API is deprecated and may be removed in future Ray releases. You could suppress this warning by setting env variable PYTHONWARNINGS="ignore::DeprecationWarning"
The `JsonLogger interface is deprecated in favor of the `ray.tune.json.JsonLoggerCallback` interface and will be removed in Ray 2.7.
  self._loggers.append(cls(self.config, self.logdir, self.trial))
C:\Users\piece\.conda\envs\gpt_eco\lib\site-packages\ray\tune\logger\unified.py:53: RayDeprecationWarning: This API is deprecated and may be removed in future Ray releases. You could suppress this warning by setting env variable PYTHONWARNINGS="ignore::DeprecationWarning"
The `CSVLogger interface is deprecated in favor of the `ray.tune.csv.CSVLoggerCallback` interface and will be removed in Ray 2.7.
  self._loggers.append(cls(self.config, self.logdir, self.trial))
C:\Users\piece\.conda\envs\gpt_eco\lib\site-packages\ray\tune\logger\unified.py:53: RayDeprecationWarning: This API is deprecated and may be removed in future Ray releases. You could suppress this warning by setting env variable PYTHONWARNINGS="ignore::DeprecationWarning"
The `TBXLogger interface is deprecated in favor of the `ray.tune.tensorboardx.TBXLoggerCallback` interface and will be removed in Ray 2.7.
  self._loggers.append(cls(self.config, self.logdir, self.trial))
2026-10-08 21:03:10,075	WARNING deprecation.py:50 -- DeprecationWarning: `_enable_new_api_stack` has been deprecated. Use `AlgorithmConfig._enable_new_api_stack` instead. This will raise an error in the future!
2026-10-08 21:03:12,995	INFO worker.py:1781 -- Started a local Ray instance.
2026-10-08 21:03:14,951	INFO trainable.py:583 -- Restored on 127.0.0.1 from checkpoint: Checkpoint(filesystem=local, path=be/checkpoint/final_v037_seed42/iter_100)
[BENCHMARK] Da nap checkpoint: be/checkpoint/final_v037_seed42/iter_100
[bench-v2.1] Che do policy: TAT DINH; gieo torch: step_policy

Nhanh                       GDP  1-Gini   1-GPw  1-GPnet   1-GPc  %buoc am    k/N
rl_learned               891.13   0.416   0.408    0.407   0.830      0.7%  0.000
free_market              867.51   0.428   0.421    0.420   0.827      0.3%  0.000
us_federal               865.78   0.347   0.311    0.308   0.809     82.6%  0.103
saez                     667.78   0.214   0.199    0.251   0.670     96.2%  0.774
free_market+rl_aux       870.22   0.415   0.408    0.407   0.823      0.1%  0.000
us_federal+rl_aux        877.33   0.328   0.295    0.292   0.801     83.5%  0.101
saez+rl_aux              686.57   0.235   0.235    0.254   0.667     96.1%  0.770
rl_mean_fixed            883.05   0.404   0.396    0.395   0.826      0.5%  0.000
flat_pit0.10_cit0        853.29   0.337   0.299    0.296   0.811     82.0%  0.116
flat_pit0.20_cit0        858.41   0.263   0.279    0.243   0.786     93.4%  0.381
flat_pit0.30_cit0        849.60   0.262   0.320    0.251   0.751     94.5%  0.620
flat_pit0.50_cit0        703.72   0.190   0.183    0.203   0.610     95.3%  0.744
flat_pit0_cit0.10        870.16   0.432   0.424    0.424   0.832      0.3%  0.000
flat_pit0_cit0.20        880.08   0.418   0.410    0.410   0.829      0.4%  0.000
flat_pit0_cit0.30        893.86   0.420   0.412    0.411   0.831      0.6%  0.000
flat_pit0_cit0.50        924.38   0.409   0.401    0.399   0.833      0.5%  0.000
[bench-v2.1] Da ghi: audits/paper_extras/v4_runs/v2/bench2_seed42_det.json (sha256 truoc/sau trung: True)
