[bench-v2.1] self-test G_P: DAT (Bang 3 Raffinetti 2015; G_P = Gini x N/(N-1) khi khong am; bien)
C:\Users\piece\.conda\envs\gpt_eco\lib\site-packages\ray\rllib\algorithms\algorithm.py:557: RayDeprecationWarning: This API is deprecated and may be removed in future Ray releases. You could suppress this warning by setting env variable PYTHONWARNINGS="ignore::DeprecationWarning"
`UnifiedLogger` will be removed in Ray 2.7.
  return UnifiedLogger(config, logdir, loggers=None)
C:\Users\piece\.conda\envs\gpt_eco\lib\site-packages\ray\tune\logger\unified.py:53: RayDeprecationWarning: This API is deprecated and may be removed in future Ray releases. You could suppress this warning by setting env variable PYTHONWARNINGS="ignore::DeprecationWarning"
The `JsonLogger interface is deprecated in favor of the `ray.tune.json.JsonLoggerCallback` interface and will be removed in Ray 2.7.
  self._loggers.append(cls(self.config, self.logdir, self.trial))
C:\Users\piece\.conda\envs\gpt_eco\lib\site-packages\ray\tune\logger\unified.py:53: RayDeprecationWarning: This API is deprecated and may be removed in future Ray releases. You could suppress this warning by setting env variable PYTHONWARNINGS="ignore::DeprecationWarning"
The `CSVLogger interface is deprecated in favor of the `ray.tune.csv.CSVLoggerCallback` interface and will be removed in Ray 2.7.
  self._loggers.append(cls(self.config, self.logdir, self.trial))
C:\Users\piece\.conda\envs\gpt_eco\lib\site-packages\ray\tune\logger\unified.py:53: RayDeprecationWarning: This API is deprecated and may be removed in future Ray releases. You could suppress this warning by setting env variable PYTHONWARNINGS="ignore::DeprecationWarning"
The `TBXLogger interface is deprecated in favor of the `ray.tune.tensorboardx.TBXLoggerCallback` interface and will be removed in Ray 2.7.
  self._loggers.append(cls(self.config, self.logdir, self.trial))
2026-10-09 11:51:48,689	WARNING deprecation.py:50 -- DeprecationWarning: `_enable_new_api_stack` has been deprecated. Use `AlgorithmConfig._enable_new_api_stack` instead. This will raise an error in the future!
2026-10-09 11:51:50,597	INFO worker.py:1781 -- Started a local Ray instance.
2026-10-09 11:51:52,370	INFO trainable.py:583 -- Restored on 127.0.0.1 from checkpoint: Checkpoint(filesystem=local, path=be/checkpoint/final_v037_seed404/iter_100)
[BENCHMARK] Da nap checkpoint: be/checkpoint/final_v037_seed404/iter_100
[bench-v2.1] Che do policy: LAY MAU (explore); gieo torch: step_policy

Nhanh                       GDP  1-Gini   1-GPw  1-GPnet   1-GPc  %buoc am    k/N
rl_learned               967.27   0.464   0.457    0.457   0.825      3.8%  0.001
free_market              917.51   0.472   0.466    0.465   0.810      0.0%  0.000
us_federal               921.74   0.404   0.380    0.378   0.806     72.2%  0.071
saez                     742.19   0.270   0.263    0.286   0.722     94.4%  0.704
free_market+rl_aux       903.86   0.474   0.467    0.467   0.810      0.0%  0.000
us_federal+rl_aux        921.34   0.400   0.377    0.374   0.804     71.4%  0.070
saez+rl_aux              750.19   0.259   0.246    0.273   0.715     94.2%  0.691
rl_mean_fixed            974.04   0.479   0.473    0.472   0.829      8.9%  0.001
flat_pit0.10_cit0        920.00   0.402   0.378    0.374   0.802     73.9%  0.081
flat_pit0.20_cit0        898.97   0.341   0.318    0.308   0.790     84.0%  0.297
flat_pit0.30_cit0        871.88   0.321   0.337    0.318   0.765     87.2%  0.514
flat_pit0.50_cit0        711.04   0.343   0.357    0.359   0.711     91.4%  0.665
flat_pit0_cit0.10        933.99   0.471   0.464    0.464   0.813      0.0%  0.000
flat_pit0_cit0.20        946.35   0.474   0.468    0.468   0.818      0.1%  0.000
flat_pit0_cit0.30        950.87   0.479   0.472    0.472   0.820      0.0%  0.000
flat_pit0_cit0.50        984.02   0.485   0.479    0.478   0.839      0.0%  0.000
[bench-v2.1] Da ghi: audits/paper_extras/v4_runs/v2/bench2_seed404_exp.json (sha256 truoc/sau trung: True)
