== v2 BAT DAU 2026-10-09 09:23:56 commit cf8c88c
== v2 seed 42 exp bat dau 09:23:56
== v2 seed 42 exp xong rc=0 sha256 truoc/sau trung: True 09:51:17
== v2 seed 202 det bat dau 09:51:17
== v2 seed 202 det xong rc=0 sha256 truoc/sau trung: True 10:13:45
== v2 seed 202 exp bat dau 10:13:45
== v2 seed 202 exp xong rc=0 sha256 truoc/sau trung: True 10:40:05
== v2 seed 303 det bat dau 10:40:05
== v2 seed 303 det xong rc=0 sha256 truoc/sau trung: True 11:04:07
== v2 seed 303 exp bat dau 11:04:07
== v2 seed 303 exp xong rc=0 sha256 truoc/sau trung: True 11:32:09
== v2 seed 404 det bat dau 11:32:09
== v2 seed 404 det xong rc=0 sha256 truoc/sau trung: True 11:51:44
== v2 seed 404 exp bat dau 11:51:44
== v2 seed 404 exp xong rc=0 sha256 truoc/sau trung: True 12:14:14
== v2 seed 505 det bat dau 12:14:14
== v2 seed 505 det xong rc=0 sha256 truoc/sau trung: True 12:33:31
== v2 seed 505 exp bat dau 12:33:31
== v2 seed 505 exp xong rc=0 sha256 truoc/sau trung: True 12:58:28
== v2 seed 606 det bat dau 12:58:29
== v2 seed 606 det xong rc=0 sha256 truoc/sau trung: True 13:20:43
== v2 seed 606 exp bat dau 13:20:43
== v2 seed 606 exp xong rc=0 sha256 truoc/sau trung: True 13:47:24
== v2 seed 707 det bat dau 13:47:24
== v2 seed 707 det xong rc=0 sha256 truoc/sau trung: True 14:13:56
== v2 seed 707 exp bat dau 14:13:56
== v2 seed 707 exp xong rc=0 sha256 truoc/sau trung: True 14:40:24
== P0.3a ghep cap 240 buoc bat dau 14:40:24
== P0.3a xong rc=0 14:43:37
== P0.3c thu tu dao nguoc bat dau 14:43:37
== P0.3c xong rc=0 15:07:48
== v2 XONG 2026-10-09 15:07:48
