[INFO] 2026-10-06 16:50:40,789 - [SYSTEM] Initializing Institutional AI Economist Training Engine...
[INFO] 2026-10-06 16:50:40,793 - [SYSTEM] Loaded ScenarioConfig from: scenarios/em_baseline.yaml (ghi de moi flag calibration/quy mo rieng le)
[INFO] 2026-10-06 16:50:40,793 - [CONFIG] Scenario: final_v037_seed505 | Employees: 50 | Firms: 5 | Banks: 1 | Max Steps: 240
[INFO] 2026-10-06 16:50:40,793 - [CONFIG] Batch Size: 4000 | Total Iterations: 100 | Checkpoint Freq: 10
2026-10-06 16:50:43,079	INFO worker.py:1781 -- Started a local Ray instance.
[INFO] 2026-10-06 16:50:44,614 - [SYSTEM] Compiling PyTorch Neural Architectures...
C:\Users\piece\.conda\envs\gpt_eco\lib\site-packages\ray\rllib\algorithms\algorithm.py:557: RayDeprecationWarning: This API is deprecated and may be removed in future Ray releases. You could suppress this warning by setting env variable PYTHONWARNINGS="ignore::DeprecationWarning"
`UnifiedLogger` will be removed in Ray 2.7.
  return UnifiedLogger(config, logdir, loggers=None)
C:\Users\piece\.conda\envs\gpt_eco\lib\site-packages\ray\tune\logger\unified.py:53: RayDeprecationWarning: This API is deprecated and may be removed in future Ray releases. You could suppress this warning by setting env variable PYTHONWARNINGS="ignore::DeprecationWarning"
The `JsonLogger interface is deprecated in favor of the `ray.tune.json.JsonLoggerCallback` interface and will be removed in Ray 2.7.
  self._loggers.append(cls(self.config, self.logdir, self.trial))
C:\Users\piece\.conda\envs\gpt_eco\lib\site-packages\ray\tune\logger\unified.py:53: RayDeprecationWarning: This API is deprecated and may be removed in future Ray releases. You could suppress this warning by setting env variable PYTHONWARNINGS="ignore::DeprecationWarning"
The `CSVLogger interface is deprecated in favor of the `ray.tune.csv.CSVLoggerCallback` interface and will be removed in Ray 2.7.
  self._loggers.append(cls(self.config, self.logdir, self.trial))
C:\Users\piece\.conda\envs\gpt_eco\lib\site-packages\ray\tune\logger\unified.py:53: RayDeprecationWarning: This API is deprecated and may be removed in future Ray releases. You could suppress this warning by setting env variable PYTHONWARNINGS="ignore::DeprecationWarning"
The `TBXLogger interface is deprecated in favor of the `ray.tune.tensorboardx.TBXLoggerCallback` interface and will be removed in Ray 2.7.
  self._loggers.append(cls(self.config, self.logdir, self.trial))
[INFO] 2026-10-06 16:50:50,769 - [SYSTEM] No existing checkpoint identified. Training starting from iteration 0.
[36m(RolloutWorker pid=30968)[0m 2026-10-06 16:50:53,880	WARNING env_runner_v2.py:158 -- More than 7615 observations in 100 env steps for episode 903548263475722838 are buffered in the sampler. If this is more than you expected, check that that you set a horizon on your environment correctly and that it terminates at some point. Note: In multi-agent environments, `rollout_fragment_length` sets the batch size based on (across-agents) environment steps, not the steps of individual agents, which can result in unexpectedly large batches.
2026-10-06 16:51:28,254	WARNING deprecation.py:50 -- DeprecationWarning: `_get_slice_indices` has been deprecated. This will raise an error in the future!
[TRAIN] Iter:    1 | Reward:    367.64 | Emp: 74.0 | Unemp: 20.0% | Firm: 14.1 | GDP:     133.52 | Gini: 0.43 | Infl:  0.00% | Wage:   1.9 | Treasury:       -48 | Reserves:  502309.2 | NPL:     0.1 ( 0.0%) | Births: 0.12 | Deaths/ep:  10.0 | EmBirths/ep:   0.0
[TRAIN] Iter:    2 | Reward:    301.64 | Emp: 75.8 | Unemp: 18.9% | Firm: 14.8 | GDP:     140.01 | Gini: 0.42 | Infl:  0.00% | Wage:   1.9 | Treasury:       -49 | Reserves:  502381.5 | NPL:     0.2 ( 0.0%) | Births: 0.16 | Deaths/ep:   9.6 | EmBirths/ep:   0.0
[TRAIN] Iter:    3 | Reward:    323.08 | Emp: 76.6 | Unemp: 18.4% | Firm: 14.9 | GDP:     143.56 | Gini: 0.42 | Infl:  0.00% | Wage:   1.9 | Treasury:       -73 | Reserves:  502390.8 | NPL:     0.2 ( 0.0%) | Births: 0.15 | Deaths/ep:   8.7 | EmBirths/ep:   0.0
[TRAIN] Iter:    4 | Reward:    324.21 | Emp: 76.9 | Unemp: 18.3% | Firm: 14.9 | GDP:     142.68 | Gini: 0.42 | Infl:  0.00% | Wage:   1.9 | Treasury:       -65 | Reserves:  502346.1 | NPL:     0.2 ( 0.0%) | Births: 0.19 | Deaths/ep:   8.4 | EmBirths/ep:   0.0
[TRAIN] Iter:    5 | Reward:    328.40 | Emp: 77.1 | Unemp: 18.3% | Firm: 15.1 | GDP:     144.05 | Gini: 0.42 | Infl:  0.00% | Wage:   1.9 | Treasury:       -49 | Reserves:  502324.0 | NPL:     0.2 ( 0.0%) | Births: 0.19 | Deaths/ep:   8.4 | EmBirths/ep:   0.0
┌───────────────────────── Training Monitor — Iter 5 ─────────────────────────┐
│ Tiến độ          5/100 iter (5.0%)                                          │
│ Tốc độ           161.1s/iter (TB 5 iter gần nhất)                           │
│ Đã chạy          13m25s                                                     │
│ ETA tới target   4h15m                                                      │
│ Phần cứng        CPU 62.9%  |  RAM 90.0%  |  GPU: không phát hiện (đang     │
│                  chạy CPU-only, num_gpus=0)                                 │
│ Xu hướng reward  ↓ Đang giảm (dốc -5.6/iter)                                │
└─────────────────────────────────────────────────────────────────────────────┘
[TRAIN] Iter:    6 | Reward:    329.36 | Emp: 77.3 | Unemp: 18.0% | Firm: 15.1 | GDP:     143.68 | Gini: 0.42 | Infl:  0.00% | Wage:   1.9 | Treasury:       -36 | Reserves:  502327.5 | NPL:     0.2 ( 0.0%) | Births: 0.19 | Deaths/ep:   8.4 | EmBirths/ep:   0.0
[TRAIN] Iter:    7 | Reward:    320.82 | Emp: 77.5 | Unemp: 17.3% | Firm: 15.4 | GDP:     144.61 | Gini: 0.42 | Infl:  0.00% | Wage:   1.9 | Treasury:       -26 | Reserves:  502308.1 | NPL:     0.2 ( 0.0%) | Births: 0.20 | Deaths/ep:   7.9 | EmBirths/ep:   0.0
[TRAIN] Iter:    8 | Reward:    343.79 | Emp: 77.5 | Unemp: 16.7% | Firm: 15.3 | GDP:     144.42 | Gini: 0.42 | Infl:  0.00% | Wage:   1.8 | Treasury:       -16 | Reserves:  502238.4 | NPL:     0.1 ( 0.0%) | Births: 0.18 | Deaths/ep:   7.5 | EmBirths/ep:   0.0
[TRAIN] Iter:    9 | Reward:    336.53 | Emp: 77.3 | Unemp: 16.0% | Firm: 15.5 | GDP:     143.02 | Gini: 0.42 | Infl:  0.00% | Wage:   1.8 | Treasury:         6 | Reserves:  502206.7 | NPL:     0.2 ( 0.0%) | Births: 0.19 | Deaths/ep:   7.3 | EmBirths/ep:   0.0
[TRAIN] Iter:   10 | Reward:    339.33 | Emp: 77.2 | Unemp: 15.3% | Firm: 15.6 | GDP:     144.25 | Gini: 0.42 | Infl:  0.00% | Wage:   1.8 | Treasury:        15 | Reserves:  502180.8 | NPL:     0.1 ( 0.0%) | Births: 0.17 | Deaths/ep:   7.1 | EmBirths/ep:   0.0
┌──────────────────────── Training Monitor — Iter 10 ─────────────────────────┐
│ Tiến độ          10/100 iter (10.0%)                                        │
│ Tốc độ           165.3s/iter (TB 10 iter gần nhất)                          │
│ Đã chạy          27m32s                                                     │
│ ETA tới target   4h07m                                                      │
│ Phần cứng        CPU 63.7%  |  RAM 94.2%  |  GPU: không phát hiện (đang     │
│                  chạy CPU-only, num_gpus=0)                                 │
│ Xu hướng reward  ~ Ổn định / Plateau                                        │
└─────────────────────────────────────────────────────────────────────────────┘
[INFO] 2026-10-06 17:18:23,692 - [SYSTEM] Checkpoint persisted at: be/checkpoint\final_v037_seed505\iter_10
[TRAIN] Iter:   11 | Reward:    338.84 | Emp: 77.1 | Unemp: 14.5% | Firm: 15.6 | GDP:     143.48 | Gini: 0.41 | Infl:  0.00% | Wage:   1.8 | Treasury:         5 | Reserves:  502170.1 | NPL:     0.2 ( 0.0%) | Births: 0.19 | Deaths/ep:   6.6 | EmBirths/ep:   0.0
[TRAIN] Iter:   12 | Reward:    345.42 | Emp: 77.4 | Unemp: 13.5% | Firm: 15.9 | GDP:     144.94 | Gini: 0.41 | Infl:  0.00% | Wage:   1.8 | Treasury:         5 | Reserves:  502170.2 | NPL:     0.1 ( 0.0%) | Births: 0.18 | Deaths/ep:   5.9 | EmBirths/ep:   0.0
[TRAIN] Iter:   13 | Reward:    366.08 | Emp: 77.9 | Unemp: 12.6% | Firm: 15.8 | GDP:     146.39 | Gini: 0.42 | Infl:  0.00% | Wage:   1.8 | Treasury:         4 | Reserves:  502199.1 | NPL:     0.2 ( 0.0%) | Births: 0.18 | Deaths/ep:   5.5 | EmBirths/ep:   0.0
[TRAIN] Iter:   14 | Reward:    373.91 | Emp: 78.5 | Unemp: 11.8% | Firm: 16.1 | GDP:     148.60 | Gini: 0.42 | Infl:  0.00% | Wage:   1.8 | Treasury:        -6 | Reserves:  502279.9 | NPL:     0.2 ( 0.0%) | Births: 0.23 | Deaths/ep:   4.9 | EmBirths/ep:   0.0
[TRAIN] Iter:   15 | Reward:    400.25 | Emp: 78.8 | Unemp: 11.0% | Firm: 16.1 | GDP:     149.89 | Gini: 0.43 | Infl:  0.00% | Wage:   1.7 | Treasury:        -7 | Reserves:  502336.5 | NPL:     0.2 ( 0.0%) | Births: 0.25 | Deaths/ep:   4.6 | EmBirths/ep:   0.0
┌──────────────────────── Training Monitor — Iter 15 ─────────────────────────┐
│ Tiến độ          15/100 iter (15.0%)                                        │
│ Tốc độ           185.9s/iter (TB 10 iter gần nhất)                          │
│ Đã chạy          44m24s                                                     │
│ ETA tới target   4h23m                                                      │
│ Phần cứng        CPU 61.6%  |  RAM 87.9%  |  GPU: không phát hiện (đang     │
│                  chạy CPU-only, num_gpus=0)                                 │
│ Xu hướng reward  ↑ Đang cải thiện (dốc +7.0/iter)                           │
└─────────────────────────────────────────────────────────────────────────────┘
[TRAIN] Iter:   16 | Reward:    428.57 | Emp: 79.0 | Unemp: 10.2% | Firm: 16.0 | GDP:     151.35 | Gini: 0.43 | Infl:  0.00% | Wage:   1.7 | Treasury:        -7 | Reserves:  502429.6 | NPL:     0.2 ( 0.0%) | Births: 0.23 | Deaths/ep:   4.1 | EmBirths/ep:   0.0
[TRAIN] Iter:   17 | Reward:    454.17 | Emp: 79.5 | Unemp:  9.2% | Firm: 15.8 | GDP:     152.64 | Gini: 0.43 | Infl:  0.00% | Wage:   1.7 | Treasury:         2 | Reserves:  502522.9 | NPL:     0.1 ( 0.0%) | Births: 0.19 | Deaths/ep:   3.5 | EmBirths/ep:   0.0
[TRAIN] Iter:   18 | Reward:    488.64 | Emp: 79.9 | Unemp:  7.9% | Firm: 15.3 | GDP:     153.24 | Gini: 0.44 | Infl:  0.00% | Wage:   1.7 | Treasury:         1 | Reserves:  502590.8 | NPL:     0.2 ( 0.0%) | Births: 0.20 | Deaths/ep:   2.9 | EmBirths/ep:   0.0
[TRAIN] Iter:   19 | Reward:    514.88 | Emp: 80.2 | Unemp:  7.2% | Firm: 15.0 | GDP:     153.62 | Gini: 0.44 | Infl:  0.00% | Wage:   1.7 | Treasury:         5 | Reserves:  502639.1 | NPL:     0.1 ( 0.0%) | Births: 0.21 | Deaths/ep:   2.4 | EmBirths/ep:   0.0
[TRAIN] Iter:   20 | Reward:    540.75 | Emp: 79.9 | Unemp:  6.6% | Firm: 14.3 | GDP:     151.38 | Gini: 0.44 | Infl:  0.00% | Wage:   1.6 | Treasury:        20 | Reserves:  502635.4 | NPL:     0.1 ( 0.0%) | Births: 0.19 | Deaths/ep:   1.9 | EmBirths/ep:   0.0
┌──────────────────────── Training Monitor — Iter 20 ─────────────────────────┐
│ Tiến độ          20/100 iter (20.0%)                                        │
│ Tốc độ           200.4s/iter (TB 10 iter gần nhất)                          │
│ Đã chạy          1h00m                                                      │
│ ETA tới target   4h27m                                                      │
│ Phần cứng        CPU 61.3%  |  RAM 87.0%  |  GPU: không phát hiện (đang     │
│                  chạy CPU-only, num_gpus=0)                                 │
│ Xu hướng reward  ↑ Đang cải thiện (dốc +23.5/iter)                          │
└─────────────────────────────────────────────────────────────────────────────┘
[INFO] 2026-10-06 17:51:47,934 - [SYSTEM] Checkpoint persisted at: be/checkpoint\final_v037_seed505\iter_20
[TRAIN] Iter:   21 | Reward:    565.05 | Emp: 80.2 | Unemp:  6.0% | Firm: 13.7 | GDP:     150.72 | Gini: 0.44 | Infl:  0.00% | Wage:   1.6 | Treasury:        26 | Reserves:  502603.1 | NPL:     0.1 ( 0.0%) | Births: 0.16 | Deaths/ep:   1.5 | EmBirths/ep:   0.0
[TRAIN] Iter:   22 | Reward:    587.76 | Emp: 80.8 | Unemp:  5.4% | Firm: 13.2 | GDP:     150.84 | Gini: 0.43 | Infl:  0.00% | Wage:   1.6 | Treasury:        42 | Reserves:  502588.9 | NPL:     0.1 ( 0.0%) | Births: 0.17 | Deaths/ep:   1.1 | EmBirths/ep:   0.0
[TRAIN] Iter:   23 | Reward:    626.81 | Emp: 81.2 | Unemp:  4.9% | Firm: 12.7 | GDP:     151.15 | Gini: 0.44 | Infl:  0.00% | Wage:   1.5 | Treasury:        60 | Reserves:  502574.2 | NPL:     0.1 ( 0.0%) | Births: 0.18 | Deaths/ep:   1.0 | EmBirths/ep:   0.0
[TRAIN] Iter:   24 | Reward:    675.95 | Emp: 81.2 | Unemp:  4.6% | Firm: 12.1 | GDP:     151.60 | Gini: 0.44 | Infl:  0.00% | Wage:   1.5 | Treasury:        87 | Reserves:  502531.4 | NPL:     0.1 ( 0.0%) | Births: 0.18 | Deaths/ep:   0.7 | EmBirths/ep:   0.0
[TRAIN] Iter:   25 | Reward:    708.40 | Emp: 81.4 | Unemp:  4.2% | Firm: 11.7 | GDP:     151.44 | Gini: 0.44 | Infl:  0.00% | Wage:   1.5 | Treasury:       108 | Reserves:  502477.7 | NPL:     0.0 ( 0.0%) | Births: 0.16 | Deaths/ep:   0.6 | EmBirths/ep:   0.0
┌──────────────────────── Training Monitor — Iter 25 ─────────────────────────┐
│ Tiến độ          25/100 iter (25.0%)                                        │
│ Tốc độ           199.2s/iter (TB 10 iter gần nhất)                          │
│ Đã chạy          1h17m                                                      │
│ ETA tới target   4h09m                                                      │
│ Phần cứng        CPU 62.2%  |  RAM 87.7%  |  GPU: không phát hiện (đang     │
│                  chạy CPU-only, num_gpus=0)                                 │
│ Xu hướng reward  ↑ Đang cải thiện (dốc +30.3/iter)                          │
└─────────────────────────────────────────────────────────────────────────────┘
[TRAIN] Iter:   26 | Reward:    743.77 | Emp: 82.1 | Unemp:  3.9% | Firm: 11.3 | GDP:     153.84 | Gini: 0.45 | Infl:  0.00% | Wage:   1.5 | Treasury:       135 | Reserves:  502453.1 | NPL:     0.0 ( 0.0%) | Births: 0.13 | Deaths/ep:   0.4 | EmBirths/ep:   0.0
[TRAIN] Iter:   27 | Reward:    783.55 | Emp: 82.3 | Unemp:  3.7% | Firm: 11.0 | GDP:     154.81 | Gini: 0.44 | Infl:  0.00% | Wage:   1.5 | Treasury:       165 | Reserves:  502435.4 | NPL:     0.0 ( 0.0%) | Births: 0.14 | Deaths/ep:   0.3 | EmBirths/ep:   0.0
[TRAIN] Iter:   28 | Reward:    833.52 | Emp: 82.2 | Unemp:  3.4% | Firm: 10.5 | GDP:     153.85 | Gini: 0.46 | Infl:  0.00% | Wage:   1.5 | Treasury:       184 | Reserves:  502362.9 | NPL:     0.0 ( 0.0%) | Births: 0.15 | Deaths/ep:   0.3 | EmBirths/ep:   0.0
[TRAIN] Iter:   29 | Reward:    869.22 | Emp: 82.1 | Unemp:  3.1% | Firm: 10.2 | GDP:     154.08 | Gini: 0.45 | Infl:  0.00% | Wage:   1.5 | Treasury:       200 | Reserves:  502298.2 | NPL:     0.0 ( 0.0%) | Births: 0.18 | Deaths/ep:   0.2 | EmBirths/ep:   0.0
[TRAIN] Iter:   30 | Reward:    931.55 | Emp: 82.3 | Unemp:  2.8% | Firm: 9.6 | GDP:     154.71 | Gini: 0.45 | Infl:  0.00% | Wage:   1.4 | Treasury:       216 | Reserves:  502148.9 | NPL:     0.0 ( 0.0%) | Births: 0.16 | Deaths/ep:   0.1 | EmBirths/ep:   0.0
┌──────────────────────── Training Monitor — Iter 30 ─────────────────────────┐
│ Tiến độ          30/100 iter (30.0%)                                        │
│ Tốc độ           197.0s/iter (TB 10 iter gần nhất)                          │
│ Đã chạy          1h33m                                                      │
│ ETA tới target   3h49m                                                      │
│ Phần cứng        CPU 61.1%  |  RAM 89.3%  |  GPU: không phát hiện (đang     │
│                  chạy CPU-only, num_gpus=0)                                 │
│ Xu hướng reward  ↑ Đang cải thiện (dốc +40.4/iter)                          │
└─────────────────────────────────────────────────────────────────────────────┘
[INFO] 2026-10-06 18:24:38,179 - [SYSTEM] Checkpoint persisted at: be/checkpoint\final_v037_seed505\iter_30
[TRAIN] Iter:   31 | Reward:    977.03 | Emp: 82.5 | Unemp:  2.5% | Firm: 9.1 | GDP:     156.78 | Gini: 0.46 | Infl:  0.00% | Wage:   1.4 | Treasury:       217 | Reserves:  502061.8 | NPL:     0.0 ( 0.0%) | Births: 0.16 | Deaths/ep:   0.1 | EmBirths/ep:   0.0
[TRAIN] Iter:   32 | Reward:   1026.30 | Emp: 82.3 | Unemp:  2.1% | Firm: 8.6 | GDP:     156.20 | Gini: 0.47 | Infl:  0.00% | Wage:   1.4 | Treasury:       227 | Reserves:  501955.9 | NPL:     0.0 ( 0.0%) | Births: 0.16 | Deaths/ep:   0.1 | EmBirths/ep:   0.0
[TRAIN] Iter:   33 | Reward:   1073.34 | Emp: 82.5 | Unemp:  2.0% | Firm: 8.1 | GDP:     155.18 | Gini: 0.47 | Infl:  0.00% | Wage:   1.4 | Treasury:       227 | Reserves:  501862.1 | NPL:     0.0 ( 0.0%) | Births: 0.15 | Deaths/ep:   0.0 | EmBirths/ep:   0.0
[TRAIN] Iter:   34 | Reward:   1101.74 | Emp: 82.7 | Unemp:  1.8% | Firm: 8.0 | GDP:     154.61 | Gini: 0.45 | Infl:  0.00% | Wage:   1.4 | Treasury:       238 | Reserves:  501825.9 | NPL:     0.0 ( 0.0%) | Births: 0.17 | Deaths/ep:   0.0 | EmBirths/ep:   0.0
[TRAIN] Iter:   35 | Reward:   1145.73 | Emp: 82.4 | Unemp:  1.8% | Firm: 7.4 | GDP:     153.29 | Gini: 0.47 | Infl:  0.00% | Wage:   1.4 | Treasury:       244 | Reserves:  501720.4 | NPL:     0.0 ( 0.0%) | Births: 0.15 | Deaths/ep:   0.0 | EmBirths/ep:   0.0
┌──────────────────────── Training Monitor — Iter 35 ─────────────────────────┐
│ Tiến độ          35/100 iter (35.0%)                                        │
│ Tốc độ           191.4s/iter (TB 10 iter gần nhất)                          │
│ Đã chạy          1h49m                                                      │
│ ETA tới target   3h27m                                                      │
│ Phần cứng        CPU 61.1%  |  RAM 85.3%  |  GPU: không phát hiện (đang     │
│                  chạy CPU-only, num_gpus=0)                                 │
│ Xu hướng reward  ↑ Đang cải thiện (dốc +45.8/iter)                          │
└─────────────────────────────────────────────────────────────────────────────┘
[TRAIN] Iter:   36 | Reward:   1170.58 | Emp: 82.3 | Unemp:  1.6% | Firm: 7.2 | GDP:     150.24 | Gini: 0.45 | Infl:  0.00% | Wage:   1.4 | Treasury:       243 | Reserves:  501735.3 | NPL:     0.0 ( 0.0%) | Births: 0.15 | Deaths/ep:   0.0 | EmBirths/ep:   0.0
[TRAIN] Iter:   37 | Reward:   1198.69 | Emp: 82.4 | Unemp:  1.5% | Firm: 7.0 | GDP:     147.63 | Gini: 0.44 | Infl:  0.00% | Wage:   1.4 | Treasury:       257 | Reserves:  501718.0 | NPL:     0.0 ( 0.0%) | Births: 0.14 | Deaths/ep:   0.0 | EmBirths/ep:   0.0
[TRAIN] Iter:   38 | Reward:   1226.48 | Emp: 82.3 | Unemp:  1.5% | Firm: 6.8 | GDP:     145.58 | Gini: 0.43 | Infl:  0.00% | Wage:   1.4 | Treasury:       251 | Reserves:  501702.5 | NPL:     0.0 ( 0.0%) | Births: 0.14 | Deaths/ep:   0.0 | EmBirths/ep:   0.0
[TRAIN] Iter:   39 | Reward:   1242.02 | Emp: 82.2 | Unemp:  1.4% | Firm: 6.7 | GDP:     144.61 | Gini: 0.42 | Infl:  0.00% | Wage:   1.4 | Treasury:       251 | Reserves:  501670.3 | NPL:     0.0 ( 0.0%) | Births: 0.13 | Deaths/ep:   0.1 | EmBirths/ep:   0.0
[TRAIN] Iter:   40 | Reward:   1269.78 | Emp: 82.0 | Unemp:  1.3% | Firm: 6.3 | GDP:     142.34 | Gini: 0.42 | Infl:  0.00% | Wage:   1.3 | Treasury:       244 | Reserves:  501604.9 | NPL:     0.0 ( 0.0%) | Births: 0.08 | Deaths/ep:   0.1 | EmBirths/ep:   0.0
┌──────────────────────── Training Monitor — Iter 40 ─────────────────────────┐
│ Tiến độ          40/100 iter (40.0%)                                        │
│ Tốc độ           191.6s/iter (TB 10 iter gần nhất)                          │
│ Đã chạy          2h05m                                                      │
│ ETA tới target   3h11m                                                      │
│ Phần cứng        CPU 63.7%  |  RAM 86.1%  |  GPU: không phát hiện (đang     │
│                  chạy CPU-only, num_gpus=0)                                 │
│ Xu hướng reward  ↑ Đang cải thiện (dốc +31.7/iter)                          │
└─────────────────────────────────────────────────────────────────────────────┘
[INFO] 2026-10-06 18:56:34,374 - [SYSTEM] Checkpoint persisted at: be/checkpoint\final_v037_seed505\iter_40
[TRAIN] Iter:   41 | Reward:   1281.07 | Emp: 82.5 | Unemp:  1.4% | Firm: 6.2 | GDP:     141.45 | Gini: 0.41 | Infl:  0.00% | Wage:   1.3 | Treasury:       250 | Reserves:  501599.0 | NPL:     0.0 ( 0.0%) | Births: 0.11 | Deaths/ep:   0.0 | EmBirths/ep:   0.0
[TRAIN] Iter:   42 | Reward:   1309.67 | Emp: 82.4 | Unemp:  1.4% | Firm: 5.9 | GDP:     141.11 | Gini: 0.42 | Infl:  0.00% | Wage:   1.3 | Treasury:       265 | Reserves:  501535.2 | NPL:     0.0 ( 0.0%) | Births: 0.12 | Deaths/ep:   0.1 | EmBirths/ep:   0.0
[TRAIN] Iter:   43 | Reward:   1319.84 | Emp: 82.2 | Unemp:  1.4% | Firm: 5.7 | GDP:     141.05 | Gini: 0.42 | Infl:  0.00% | Wage:   1.3 | Treasury:       270 | Reserves:  501503.4 | NPL:     0.0 ( 0.0%) | Births: 0.14 | Deaths/ep:   0.1 | EmBirths/ep:   0.0
[TRAIN] Iter:   44 | Reward:   1336.52 | Emp: 82.3 | Unemp:  1.3% | Firm: 5.6 | GDP:     139.73 | Gini: 0.42 | Infl:  0.00% | Wage:   1.3 | Treasury:       281 | Reserves:  501481.0 | NPL:     0.0 ( 0.0%) | Births: 0.13 | Deaths/ep:   0.1 | EmBirths/ep:   0.0
[TRAIN] Iter:   45 | Reward:   1358.17 | Emp: 82.5 | Unemp:  1.4% | Firm: 5.5 | GDP:     139.90 | Gini: 0.43 | Infl:  0.00% | Wage:   1.3 | Treasury:       274 | Reserves:  501485.9 | NPL:     0.0 ( 0.0%) | Births: 0.14 | Deaths/ep:   0.1 | EmBirths/ep:   0.0
┌──────────────────────── Training Monitor — Iter 45 ─────────────────────────┐
│ Tiến độ          45/100 iter (45.0%)                                        │
│ Tốc độ           190.3s/iter (TB 10 iter gần nhất)                          │
│ Đã chạy          2h21m                                                      │
│ ETA tới target   2h54m                                                      │
│ Phần cứng        CPU 61.5%  |  RAM 87.2%  |  GPU: không phát hiện (đang     │
│                  chạy CPU-only, num_gpus=0)                                 │
│ Xu hướng reward  ↑ Đang cải thiện (dốc +20.2/iter)                          │
└─────────────────────────────────────────────────────────────────────────────┘
[TRAIN] Iter:   46 | Reward:   1376.40 | Emp: 82.4 | Unemp:  1.4% | Firm: 5.4 | GDP:     140.84 | Gini: 0.43 | Infl:  0.00% | Wage:   1.3 | Treasury:       264 | Reserves:  501467.1 | NPL:     0.0 ( 0.0%) | Births: 0.15 | Deaths/ep:   0.1 | EmBirths/ep:   0.0
[TRAIN] Iter:   47 | Reward:   1393.97 | Emp: 82.2 | Unemp:  1.4% | Firm: 5.3 | GDP:     139.95 | Gini: 0.43 | Infl:  0.00% | Wage:   1.3 | Treasury:       267 | Reserves:  501437.2 | NPL:     0.0 ( 0.0%) | Births: 0.12 | Deaths/ep:   0.1 | EmBirths/ep:   0.0
[TRAIN] Iter:   48 | Reward:   1409.66 | Emp: 82.3 | Unemp:  1.3% | Firm: 5.3 | GDP:     139.21 | Gini: 0.42 | Infl:  0.00% | Wage:   1.3 | Treasury:       256 | Reserves:  501407.0 | NPL:     0.0 ( 0.0%) | Births: 0.12 | Deaths/ep:   0.1 | EmBirths/ep:   0.0
[TRAIN] Iter:   49 | Reward:   1433.87 | Emp: 82.4 | Unemp:  1.3% | Firm: 5.2 | GDP:     137.88 | Gini: 0.43 | Infl:  0.00% | Wage:   1.3 | Treasury:       258 | Reserves:  501391.5 | NPL:     0.0 ( 0.0%) | Births: 0.12 | Deaths/ep:   0.1 | EmBirths/ep:   0.0
[TRAIN] Iter:   50 | Reward:   1450.44 | Emp: 82.4 | Unemp:  1.3% | Firm: 5.2 | GDP:     138.42 | Gini: 0.43 | Infl:  0.00% | Wage:   1.3 | Treasury:       262 | Reserves:  501390.9 | NPL:     0.0 ( 0.0%) | Births: 0.14 | Deaths/ep:   0.1 | EmBirths/ep:   0.0
┌──────────────────────── Training Monitor — Iter 50 ─────────────────────────┐
│ Tiến độ          50/100 iter (50.0%)                                        │
│ Tốc độ           196.2s/iter (TB 10 iter gần nhất)                          │
│ Đã chạy          2h38m                                                      │
│ ETA tới target   2h43m                                                      │
│ Phần cứng        CPU 64.4%  |  RAM 85.1%  |  GPU: không phát hiện (đang     │
│                  chạy CPU-only, num_gpus=0)                                 │
│ Xu hướng reward  ↑ Đang cải thiện (dốc +18.4/iter)                          │
└─────────────────────────────────────────────────────────────────────────────┘
[INFO] 2026-10-06 19:29:16,751 - [SYSTEM] Checkpoint persisted at: be/checkpoint\final_v037_seed505\iter_50
[TRAIN] Iter:   51 | Reward:   1469.26 | Emp: 82.5 | Unemp:  1.1% | Firm: 5.1 | GDP:     139.01 | Gini: 0.42 | Infl:  0.00% | Wage:   1.3 | Treasury:       266 | Reserves:  501380.0 | NPL:     0.0 ( 0.0%) | Births: 0.16 | Deaths/ep:   0.1 | EmBirths/ep:   0.0
[TRAIN] Iter:   52 | Reward:   1489.59 | Emp: 82.6 | Unemp:  1.1% | Firm: 5.1 | GDP:     138.68 | Gini: 0.43 | Infl:  0.00% | Wage:   1.3 | Treasury:       279 | Reserves:  501388.4 | NPL:     0.0 ( 0.0%) | Births: 0.18 | Deaths/ep:   0.2 | EmBirths/ep:   0.0
[TRAIN] Iter:   53 | Reward:   1517.91 | Emp: 82.6 | Unemp:  0.9% | Firm: 5.1 | GDP:     139.20 | Gini: 0.42 | Infl:  0.00% | Wage:   1.3 | Treasury:       276 | Reserves:  501382.6 | NPL:     0.0 ( 0.0%) | Births: 0.19 | Deaths/ep:   0.2 | EmBirths/ep:   0.0
[TRAIN] Iter:   54 | Reward:   1556.47 | Emp: 82.4 | Unemp:  0.8% | Firm: 5.1 | GDP:     139.88 | Gini: 0.43 | Infl:  0.00% | Wage:   1.3 | Treasury:       287 | Reserves:  501394.5 | NPL:     0.0 ( 0.0%) | Births: 0.18 | Deaths/ep:   0.2 | EmBirths/ep:   0.0
C:\Users\piece\.conda\envs\gpt_eco\lib\site-packages\ray\rllib\utils\torch_utils.py:335: UserWarning: var(): degrees of freedom is <= 0. Correction should be strictly less than the reduction factor (input numel divided by output numel). (Triggered internally at ..\aten\src\ATen\native\ReduceOps.cpp:1807.)
  y_var = torch.var(y, dim=[0])
C:\Users\piece\.conda\envs\gpt_eco\lib\site-packages\ray\rllib\utils\torch_utils.py:336: UserWarning: var(): degrees of freedom is <= 0. Correction should be strictly less than the reduction factor (input numel divided by output numel). (Triggered internally at ..\aten\src\ATen\native\ReduceOps.cpp:1807.)
  diff_var = torch.var(y - pred, dim=[0])
[TRAIN] Iter:   55 | Reward:   1581.07 | Emp: 82.5 | Unemp:  0.7% | Firm: 5.1 | GDP:     140.23 | Gini: 0.42 | Infl:  0.00% | Wage:   1.3 | Treasury:       280 | Reserves:  501385.7 | NPL:     0.0 ( 0.0%) | Births: 0.18 | Deaths/ep:   0.2 | EmBirths/ep:   0.0
┌──────────────────────── Training Monitor — Iter 55 ─────────────────────────┐
│ Tiến độ          55/100 iter (55.0%)                                        │
│ Tốc độ           209.9s/iter (TB 10 iter gần nhất)                          │
│ Đã chạy          2h56m                                                      │
│ ETA tới target   2h37m                                                      │
│ Phần cứng        CPU 64.4%  |  RAM 87.9%  |  GPU: không phát hiện (đang     │
│                  chạy CPU-only, num_gpus=0)                                 │
│ Xu hướng reward  ↑ Đang cải thiện (dốc +22.5/iter)                          │
└─────────────────────────────────────────────────────────────────────────────┘
[TRAIN] Iter:   56 | Reward:   1596.57 | Emp: 82.7 | Unemp:  0.6% | Firm: 5.1 | GDP:     140.02 | Gini: 0.43 | Infl:  0.00% | Wage:   1.3 | Treasury:       272 | Reserves:  501374.1 | NPL:     0.0 ( 0.0%) | Births: 0.16 | Deaths/ep:   0.1 | EmBirths/ep:   0.0
[TRAIN] Iter:   57 | Reward:   1608.67 | Emp: 82.7 | Unemp:  0.6% | Firm: 5.0 | GDP:     138.58 | Gini: 0.43 | Infl:  0.00% | Wage:   1.3 | Treasury:       278 | Reserves:  501362.7 | NPL:     0.0 ( 0.0%) | Births: 0.14 | Deaths/ep:   0.2 | EmBirths/ep:   0.0
[TRAIN] Iter:   58 | Reward:   1624.28 | Emp: 82.9 | Unemp:  0.4% | Firm: 5.0 | GDP:     138.78 | Gini: 0.42 | Infl:  0.00% | Wage:   1.3 | Treasury:       261 | Reserves:  501360.4 | NPL:     0.0 ( 0.0%) | Births: 0.11 | Deaths/ep:   0.2 | EmBirths/ep:   0.0
[TRAIN] Iter:   59 | Reward:   1632.28 | Emp: 83.0 | Unemp:  0.4% | Firm: 5.0 | GDP:     138.72 | Gini: 0.43 | Infl:  0.00% | Wage:   1.3 | Treasury:       251 | Reserves:  501352.8 | NPL:     0.0 ( 0.0%) | Births: 0.09 | Deaths/ep:   0.2 | EmBirths/ep:   0.0
[TRAIN] Iter:   60 | Reward:   1637.71 | Emp: 83.5 | Unemp:  0.4% | Firm: 5.1 | GDP:     138.80 | Gini: 0.42 | Infl:  0.00% | Wage:   1.3 | Treasury:       244 | Reserves:  501340.6 | NPL:     0.0 ( 0.0%) | Births: 0.08 | Deaths/ep:   0.2 | EmBirths/ep:   0.0
┌──────────────────────── Training Monitor — Iter 60 ─────────────────────────┐
│ Tiến độ          60/100 iter (60.0%)                                        │
│ Tốc độ           215.6s/iter (TB 10 iter gần nhất)                          │
│ Đã chạy          3h14m                                                      │
│ ETA tới target   2h23m                                                      │
│ Phần cứng        CPU 65.2%  |  RAM 89.0%  |  GPU: không phát hiện (đang     │
│                  chạy CPU-only, num_gpus=0)                                 │
│ Xu hướng reward  ↑ Đang cải thiện (dốc +19.5/iter)                          │
└─────────────────────────────────────────────────────────────────────────────┘
[INFO] 2026-10-06 20:05:12,760 - [SYSTEM] Checkpoint persisted at: be/checkpoint\final_v037_seed505\iter_60
[TRAIN] Iter:   61 | Reward:   1651.47 | Emp: 83.5 | Unemp:  0.4% | Firm: 5.1 | GDP:     137.82 | Gini: 0.42 | Infl:  0.00% | Wage:   1.3 | Treasury:       243 | Reserves:  501347.6 | NPL:     0.0 ( 0.0%) | Births: 0.06 | Deaths/ep:   0.2 | EmBirths/ep:   0.0
[TRAIN] Iter:   62 | Reward:   1666.35 | Emp: 83.2 | Unemp:  0.4% | Firm: 5.1 | GDP:     137.41 | Gini: 0.41 | Infl:  0.00% | Wage:   1.3 | Treasury:       243 | Reserves:  501330.3 | NPL:     0.0 ( 0.0%) | Births: 0.08 | Deaths/ep:   0.2 | EmBirths/ep:   0.0
[TRAIN] Iter:   63 | Reward:   1674.47 | Emp: 83.2 | Unemp:  0.4% | Firm: 5.1 | GDP:     137.28 | Gini: 0.40 | Infl:  0.00% | Wage:   1.3 | Treasury:       244 | Reserves:  501304.0 | NPL:     0.0 ( 0.0%) | Births: 0.07 | Deaths/ep:   0.2 | EmBirths/ep:   0.0
[TRAIN] Iter:   64 | Reward:   1681.42 | Emp: 83.2 | Unemp:  0.4% | Firm: 5.0 | GDP:     136.75 | Gini: 0.40 | Infl:  0.00% | Wage:   1.3 | Treasury:       250 | Reserves:  501293.6 | NPL:     0.0 ( 0.0%) | Births: 0.08 | Deaths/ep:   0.2 | EmBirths/ep:   0.0
[TRAIN] Iter:   65 | Reward:   1690.51 | Emp: 83.0 | Unemp:  0.4% | Firm: 5.0 | GDP:     136.20 | Gini: 0.39 | Infl:  0.00% | Wage:   1.3 | Treasury:       260 | Reserves:  501290.3 | NPL:     0.0 ( 0.0%) | Births: 0.07 | Deaths/ep:   0.2 | EmBirths/ep:   0.0
┌──────────────────────── Training Monitor — Iter 65 ─────────────────────────┐
│ Tiến độ          65/100 iter (65.0%)                                        │
│ Tốc độ           211.5s/iter (TB 10 iter gần nhất)                          │
│ Đã chạy          3h31m                                                      │
│ ETA tới target   2h03m                                                      │
│ Phần cứng        CPU 63.8%  |  RAM 89.0%  |  GPU: không phát hiện (đang     │
│                  chạy CPU-only, num_gpus=0)                                 │
│ Xu hướng reward  ↑ Đang cải thiện (dốc +10.4/iter)                          │
└─────────────────────────────────────────────────────────────────────────────┘
[TRAIN] Iter:   66 | Reward:   1711.63 | Emp: 82.5 | Unemp:  0.5% | Firm: 5.0 | GDP:     135.55 | Gini: 0.39 | Infl:  0.00% | Wage:   1.3 | Treasury:       263 | Reserves:  501282.1 | NPL:     0.0 ( 0.0%) | Births: 0.10 | Deaths/ep:   0.1 | EmBirths/ep:   0.0
[TRAIN] Iter:   67 | Reward:   1718.19 | Emp: 82.3 | Unemp:  0.5% | Firm: 5.0 | GDP:     135.78 | Gini: 0.38 | Infl:  0.00% | Wage:   1.3 | Treasury:       265 | Reserves:  501271.5 | NPL:     0.0 ( 0.0%) | Births: 0.09 | Deaths/ep:   0.1 | EmBirths/ep:   0.0
[TRAIN] Iter:   68 | Reward:   1731.99 | Emp: 82.4 | Unemp:  0.5% | Firm: 5.0 | GDP:     135.46 | Gini: 0.38 | Infl:  0.00% | Wage:   1.3 | Treasury:       257 | Reserves:  501276.9 | NPL:     0.0 ( 0.0%) | Births: 0.07 | Deaths/ep:   0.1 | EmBirths/ep:   0.0
[TRAIN] Iter:   69 | Reward:   1755.21 | Emp: 82.3 | Unemp:  0.6% | Firm: 5.0 | GDP:     135.35 | Gini: 0.38 | Infl:  0.00% | Wage:   1.3 | Treasury:       247 | Reserves:  501306.5 | NPL:     0.0 ( 0.0%) | Births: 0.09 | Deaths/ep:   0.1 | EmBirths/ep:   0.0
[TRAIN] Iter:   70 | Reward:   1766.54 | Emp: 82.5 | Unemp:  0.6% | Firm: 5.0 | GDP:     135.68 | Gini: 0.38 | Infl:  0.00% | Wage:   1.3 | Treasury:       249 | Reserves:  501311.7 | NPL:     0.0 ( 0.0%) | Births: 0.08 | Deaths/ep:   0.1 | EmBirths/ep:   0.0
┌──────────────────────── Training Monitor — Iter 70 ─────────────────────────┐
│ Tiến độ          70/100 iter (70.0%)                                        │
│ Tốc độ           202.6s/iter (TB 10 iter gần nhất)                          │
│ Đã chạy          3h48m                                                      │
│ ETA tới target   1h41m                                                      │
│ Phần cứng        CPU 64.5%  |  RAM 90.5%  |  GPU: không phát hiện (đang     │
│                  chạy CPU-only, num_gpus=0)                                 │
│ Xu hướng reward  ↑ Đang cải thiện (dốc +12.6/iter)                          │
└─────────────────────────────────────────────────────────────────────────────┘
[INFO] 2026-10-06 20:38:58,861 - [SYSTEM] Checkpoint persisted at: be/checkpoint\final_v037_seed505\iter_70
[TRAIN] Iter:   71 | Reward:   1777.95 | Emp: 82.4 | Unemp:  0.5% | Firm: 5.0 | GDP:     135.21 | Gini: 0.38 | Infl:  0.00% | Wage:   1.3 | Treasury:       239 | Reserves:  501313.6 | NPL:     0.0 ( 0.0%) | Births: 0.08 | Deaths/ep:   0.1 | EmBirths/ep:   0.0
[TRAIN] Iter:   72 | Reward:   1776.92 | Emp: 82.7 | Unemp:  0.4% | Firm: 5.0 | GDP:     135.06 | Gini: 0.38 | Infl:  0.00% | Wage:   1.3 | Treasury:       222 | Reserves:  501331.6 | NPL:     0.0 ( 0.0%) | Births: 0.05 | Deaths/ep:   0.1 | EmBirths/ep:   0.0
[TRAIN] Iter:   73 | Reward:   1770.62 | Emp: 82.6 | Unemp:  0.4% | Firm: 5.0 | GDP:     134.25 | Gini: 0.39 | Infl:  0.00% | Wage:   1.3 | Treasury:       205 | Reserves:  501336.9 | NPL:     0.0 ( 0.0%) | Births: 0.07 | Deaths/ep:   0.1 | EmBirths/ep:   0.0
[TRAIN] Iter:   74 | Reward:   1763.49 | Emp: 82.5 | Unemp:  0.4% | Firm: 5.0 | GDP:     134.64 | Gini: 0.38 | Infl:  0.00% | Wage:   1.3 | Treasury:       206 | Reserves:  501347.2 | NPL:     0.0 ( 0.0%) | Births: 0.09 | Deaths/ep:   0.1 | EmBirths/ep:   0.0
[TRAIN] Iter:   75 | Reward:   1755.83 | Emp: 82.7 | Unemp:  0.3% | Firm: 5.0 | GDP:     135.53 | Gini: 0.38 | Infl:  0.00% | Wage:   1.3 | Treasury:       211 | Reserves:  501348.1 | NPL:     0.0 ( 0.0%) | Births: 0.08 | Deaths/ep:   0.1 | EmBirths/ep:   0.0
┌──────────────────────── Training Monitor — Iter 75 ─────────────────────────┐
│ Tiến độ          75/100 iter (75.0%)                                        │
│ Tốc độ           201.2s/iter (TB 10 iter gần nhất)                          │
│ Đã chạy          4h05m                                                      │
│ ETA tới target   1h23m                                                      │
│ Phần cứng        CPU 65.9%  |  RAM 89.9%  |  GPU: không phát hiện (đang     │
│                  chạy CPU-only, num_gpus=0)                                 │
│ Xu hướng reward  ↑ Đang cải thiện (dốc +6.0/iter)                           │
└─────────────────────────────────────────────────────────────────────────────┘
[TRAIN] Iter:   76 | Reward:   1754.99 | Emp: 82.2 | Unemp:  0.2% | Firm: 5.0 | GDP:     135.29 | Gini: 0.38 | Infl:  0.00% | Wage:   1.3 | Treasury:       207 | Reserves:  501353.0 | NPL:     0.0 ( 0.0%) | Births: 0.08 | Deaths/ep:   0.1 | EmBirths/ep:   0.0
[TRAIN] Iter:   77 | Reward:   1758.23 | Emp: 82.3 | Unemp:  0.2% | Firm: 5.0 | GDP:     135.04 | Gini: 0.38 | Infl:  0.00% | Wage:   1.3 | Treasury:       193 | Reserves:  501374.7 | NPL:     0.0 ( 0.0%) | Births: 0.08 | Deaths/ep:   0.0 | EmBirths/ep:   0.0
[TRAIN] Iter:   78 | Reward:   1760.36 | Emp: 81.9 | Unemp:  0.2% | Firm: 5.0 | GDP:     134.25 | Gini: 0.38 | Infl:  0.00% | Wage:   1.3 | Treasury:       212 | Reserves:  501382.2 | NPL:     0.0 ( 0.0%) | Births: 0.08 | Deaths/ep:   0.0 | EmBirths/ep:   0.0
[TRAIN] Iter:   79 | Reward:   1766.22 | Emp: 82.2 | Unemp:  0.2% | Firm: 5.0 | GDP:     134.92 | Gini: 0.38 | Infl:  0.00% | Wage:   1.3 | Treasury:       224 | Reserves:  501390.4 | NPL:     0.0 ( 0.0%) | Births: 0.07 | Deaths/ep:   0.0 | EmBirths/ep:   0.0
[TRAIN] Iter:   80 | Reward:   1777.82 | Emp: 82.1 | Unemp:  0.2% | Firm: 5.0 | GDP:     134.11 | Gini: 0.38 | Infl:  0.00% | Wage:   1.3 | Treasury:       223 | Reserves:  501396.1 | NPL:     0.0 ( 0.0%) | Births: 0.05 | Deaths/ep:   0.1 | EmBirths/ep:   0.0
┌──────────────────────── Training Monitor — Iter 80 ─────────────────────────┐
│ Tiến độ          80/100 iter (80.0%)                                        │
│ Tốc độ           194.0s/iter (TB 10 iter gần nhất)                          │
│ Đã chạy          4h20m                                                      │
│ ETA tới target   1h04m                                                      │
│ Phần cứng        CPU 62.1%  |  RAM 88.5%  |  GPU: không phát hiện (đang     │
│                  chạy CPU-only, num_gpus=0)                                 │
│ Xu hướng reward  ↓ Đang giảm (dốc -0.9/iter)                                │
└─────────────────────────────────────────────────────────────────────────────┘
[INFO] 2026-10-06 21:11:18,529 - [SYSTEM] Checkpoint persisted at: be/checkpoint\final_v037_seed505\iter_80
[TRAIN] Iter:   81 | Reward:   1784.99 | Emp: 81.9 | Unemp:  0.2% | Firm: 5.0 | GDP:     133.10 | Gini: 0.38 | Infl:  0.00% | Wage:   1.3 | Treasury:       221 | Reserves:  501388.8 | NPL:     0.0 ( 0.0%) | Births: 0.05 | Deaths/ep:   0.1 | EmBirths/ep:   0.0
[TRAIN] Iter:   82 | Reward:   1796.60 | Emp: 82.0 | Unemp:  0.2% | Firm: 5.0 | GDP:     132.18 | Gini: 0.38 | Infl:  0.00% | Wage:   1.3 | Treasury:       226 | Reserves:  501398.2 | NPL:     0.0 ( 0.0%) | Births: 0.05 | Deaths/ep:   0.1 | EmBirths/ep:   0.0
[TRAIN] Iter:   83 | Reward:   1802.44 | Emp: 82.1 | Unemp:  0.2% | Firm: 5.0 | GDP:     132.38 | Gini: 0.38 | Infl:  0.00% | Wage:   1.3 | Treasury:       237 | Reserves:  501387.7 | NPL:     0.0 ( 0.0%) | Births: 0.06 | Deaths/ep:   0.0 | EmBirths/ep:   0.0
[TRAIN] Iter:   84 | Reward:   1821.12 | Emp: 82.4 | Unemp:  0.3% | Firm: 5.0 | GDP:     133.10 | Gini: 0.38 | Infl:  0.00% | Wage:   1.3 | Treasury:       227 | Reserves:  501377.7 | NPL:     0.0 ( 0.0%) | Births: 0.05 | Deaths/ep:   0.1 | EmBirths/ep:   0.0
[TRAIN] Iter:   85 | Reward:   1835.70 | Emp: 82.1 | Unemp:  0.3% | Firm: 5.0 | GDP:     132.73 | Gini: 0.37 | Infl:  0.00% | Wage:   1.3 | Treasury:       236 | Reserves:  501371.9 | NPL:     0.0 ( 0.0%) | Births: 0.06 | Deaths/ep:   0.1 | EmBirths/ep:   0.0
┌──────────────────────── Training Monitor — Iter 85 ─────────────────────────┐
│ Tiến độ          85/100 iter (85.0%)                                        │
│ Tốc độ           218.0s/iter (TB 10 iter gần nhất)                          │
│ Đã chạy          4h41m                                                      │
│ ETA tới target   54m30s                                                     │
│ Phần cứng        CPU 74.7%  |  RAM 95.9%  |  GPU: không phát hiện (đang     │
│                  chạy CPU-only, num_gpus=0)                                 │
│ Xu hướng reward  ↑ Đang cải thiện (dốc +8.9/iter)                           │
└─────────────────────────────────────────────────────────────────────────────┘
[TRAIN] Iter:   86 | Reward:   1848.84 | Emp: 82.2 | Unemp:  0.3% | Firm: 5.0 | GDP:     133.13 | Gini: 0.37 | Infl:  0.00% | Wage:   1.3 | Treasury:       241 | Reserves:  501368.4 | NPL:     0.0 ( 0.0%) | Births: 0.07 | Deaths/ep:   0.0 | EmBirths/ep:   0.0
[TRAIN] Iter:   87 | Reward:   1866.85 | Emp: 82.2 | Unemp:  0.3% | Firm: 5.0 | GDP:     133.44 | Gini: 0.38 | Infl:  0.00% | Wage:   1.3 | Treasury:       245 | Reserves:  501381.4 | NPL:     0.0 ( 0.0%) | Births: 0.05 | Deaths/ep:   0.0 | EmBirths/ep:   0.0
[TRAIN] Iter:   88 | Reward:   1879.82 | Emp: 82.1 | Unemp:  0.3% | Firm: 5.0 | GDP:     133.67 | Gini: 0.38 | Infl:  0.00% | Wage:   1.3 | Treasury:       235 | Reserves:  501382.6 | NPL:     0.0 ( 0.0%) | Births: 0.05 | Deaths/ep:   0.0 | EmBirths/ep:   0.0
[TRAIN] Iter:   89 | Reward:   1901.12 | Emp: 81.9 | Unemp:  0.3% | Firm: 5.0 | GDP:     133.36 | Gini: 0.37 | Infl:  0.00% | Wage:   1.3 | Treasury:       237 | Reserves:  501402.9 | NPL:     0.0 ( 0.0%) | Births: 0.03 | Deaths/ep:   0.1 | EmBirths/ep:   0.0
[TRAIN] Iter:   90 | Reward:   1924.05 | Emp: 81.3 | Unemp:  0.2% | Firm: 5.0 | GDP:     132.05 | Gini: 0.37 | Infl:  0.00% | Wage:   1.3 | Treasury:       237 | Reserves:  501429.9 | NPL:     0.0 ( 0.0%) | Births: 0.03 | Deaths/ep:   0.0 | EmBirths/ep:   0.0
┌──────────────────────── Training Monitor — Iter 90 ─────────────────────────┐
│ Tiến độ          90/100 iter (90.0%)                                        │
│ Tốc độ           227.2s/iter (TB 10 iter gần nhất)                          │
│ Đã chạy          4h58m                                                      │
│ ETA tới target   37m51s                                                     │
│ Phần cứng        CPU 66.9%  |  RAM 77.8%  |  GPU: không phát hiện (đang     │
│                  chạy CPU-only, num_gpus=0)                                 │
│ Xu hướng reward  ↑ Đang cải thiện (dốc +15.3/iter)                          │
└─────────────────────────────────────────────────────────────────────────────┘
[INFO] 2026-10-06 21:49:10,230 - [SYSTEM] Checkpoint persisted at: be/checkpoint\final_v037_seed505\iter_90
[TRAIN] Iter:   91 | Reward:   1935.86 | Emp: 81.4 | Unemp:  0.2% | Firm: 5.0 | GDP:     132.08 | Gini: 0.37 | Infl:  0.00% | Wage:   1.3 | Treasury:       240 | Reserves:  501446.4 | NPL:     0.0 ( 0.0%) | Births: 0.02 | Deaths/ep:   0.0 | EmBirths/ep:   0.0
[TRAIN] Iter:   92 | Reward:   1942.87 | Emp: 81.6 | Unemp:  0.2% | Firm: 5.0 | GDP:     132.46 | Gini: 0.37 | Infl:  0.00% | Wage:   1.3 | Treasury:       237 | Reserves:  501472.5 | NPL:     0.0 ( 0.0%) | Births: 0.05 | Deaths/ep:   0.0 | EmBirths/ep:   0.0
[TRAIN] Iter:   93 | Reward:   1942.72 | Emp: 81.4 | Unemp:  0.2% | Firm: 5.0 | GDP:     132.15 | Gini: 0.37 | Infl:  0.00% | Wage:   1.3 | Treasury:       232 | Reserves:  501477.9 | NPL:     0.0 ( 0.0%) | Births: 0.06 | Deaths/ep:   0.0 | EmBirths/ep:   0.0
[TRAIN] Iter:   94 | Reward:   1948.13 | Emp: 81.4 | Unemp:  0.2% | Firm: 5.0 | GDP:     132.44 | Gini: 0.37 | Infl:  0.00% | Wage:   1.3 | Treasury:       251 | Reserves:  501487.0 | NPL:     0.0 ( 0.0%) | Births: 0.07 | Deaths/ep:   0.0 | EmBirths/ep:   0.0
[TRAIN] Iter:   95 | Reward:   1950.18 | Emp: 81.5 | Unemp:  0.2% | Firm: 5.0 | GDP:     132.90 | Gini: 0.36 | Infl:  0.00% | Wage:   1.3 | Treasury:       255 | Reserves:  501491.3 | NPL:     0.0 ( 0.0%) | Births: 0.09 | Deaths/ep:   0.0 | EmBirths/ep:   0.0
┌──────────────────────── Training Monitor — Iter 95 ─────────────────────────┐
│ Tiến độ          95/100 iter (95.0%)                                        │
│ Tốc độ           209.2s/iter (TB 10 iter gần nhất)                          │
│ Đã chạy          5h16m                                                      │
│ ETA tới target   17m26s                                                     │
│ Phần cứng        CPU 67.8%  |  RAM 88.4%  |  GPU: không phát hiện (đang     │
│                  chạy CPU-only, num_gpus=0)                                 │
│ Xu hướng reward  ↑ Đang cải thiện (dốc +11.7/iter)                          │
└─────────────────────────────────────────────────────────────────────────────┘
[TRAIN] Iter:   96 | Reward:   1950.15 | Emp: 81.6 | Unemp:  0.3% | Firm: 5.0 | GDP:     133.46 | Gini: 0.36 | Infl:  0.00% | Wage:   1.3 | Treasury:       252 | Reserves:  501500.7 | NPL:     0.0 ( 0.0%) | Births: 0.11 | Deaths/ep:   0.0 | EmBirths/ep:   0.0
[TRAIN] Iter:   97 | Reward:   1961.94 | Emp: 81.7 | Unemp:  0.3% | Firm: 5.0 | GDP:     133.15 | Gini: 0.36 | Infl:  0.00% | Wage:   1.3 | Treasury:       238 | Reserves:  501510.2 | NPL:     0.0 ( 0.0%) | Births: 0.10 | Deaths/ep:   0.0 | EmBirths/ep:   0.0
[TRAIN] Iter:   98 | Reward:   1976.01 | Emp: 81.8 | Unemp:  0.2% | Firm: 5.0 | GDP:     133.07 | Gini: 0.36 | Infl:  0.00% | Wage:   1.3 | Treasury:       243 | Reserves:  501510.4 | NPL:     0.0 ( 0.0%) | Births: 0.07 | Deaths/ep:   0.0 | EmBirths/ep:   0.0
[TRAIN] Iter:   99 | Reward:   1991.32 | Emp: 82.2 | Unemp:  0.2% | Firm: 5.0 | GDP:     133.64 | Gini: 0.36 | Infl:  0.00% | Wage:   1.3 | Treasury:       249 | Reserves:  501532.5 | NPL:     0.0 ( 0.0%) | Births: 0.08 | Deaths/ep:   0.0 | EmBirths/ep:   0.0
[TRAIN] Iter:  100 | Reward:   2000.05 | Emp: 82.1 | Unemp:  0.2% | Firm: 5.0 | GDP:     133.09 | Gini: 0.36 | Infl:  0.00% | Wage:   1.3 | Treasury:       242 | Reserves:  501549.6 | NPL:     0.0 ( 0.0%) | Births: 0.08 | Deaths/ep:   0.0 | EmBirths/ep:   0.0
┌──────────────────────── Training Monitor — Iter 100 ────────────────────────┐
│ Tiến độ          100/100 iter (100.0%)                                      │
│ Tốc độ           215.0s/iter (TB 10 iter gần nhất)                          │
│ Đã chạy          5h34m                                                      │
│ ETA tới target   Đã xong                                                    │
│ Phần cứng        CPU 67.1%  |  RAM 90.0%  |  GPU: không phát hiện (đang     │
│                  chạy CPU-only, num_gpus=0)                                 │
│ Xu hướng reward  ↑ Đang cải thiện (dốc +6.8/iter)                           │
└─────────────────────────────────────────────────────────────────────────────┘
[INFO] 2026-10-06 22:25:00,211 - [SYSTEM] Checkpoint persisted at: be/checkpoint\final_v037_seed505\iter_100
[INFO] 2026-10-06 22:25:00,211 - [SYSTEM] Training process completed.
