[INFO] 2026-10-06 11:57:18,069 - [SYSTEM] Initializing Institutional AI Economist Training Engine...
[INFO] 2026-10-06 11:57:18,076 - [SYSTEM] Loaded ScenarioConfig from: scenarios/em_baseline.yaml (ghi de moi flag calibration/quy mo rieng le)
[INFO] 2026-10-06 11:57:18,076 - [CONFIG] Scenario: final_v037_seed404 | Employees: 50 | Firms: 5 | Banks: 1 | Max Steps: 240
[INFO] 2026-10-06 11:57:18,076 - [CONFIG] Batch Size: 4000 | Total Iterations: 100 | Checkpoint Freq: 10
2026-10-06 11:57:21,008	INFO worker.py:1781 -- Started a local Ray instance.
[INFO] 2026-10-06 11:57:23,766 - [SYSTEM] Compiling PyTorch Neural Architectures...
C:\Users\piece\.conda\envs\gpt_eco\lib\site-packages\ray\rllib\algorithms\algorithm.py:557: RayDeprecationWarning: This API is deprecated and may be removed in future Ray releases. You could suppress this warning by setting env variable PYTHONWARNINGS="ignore::DeprecationWarning"
`UnifiedLogger` will be removed in Ray 2.7.
  return UnifiedLogger(config, logdir, loggers=None)
C:\Users\piece\.conda\envs\gpt_eco\lib\site-packages\ray\tune\logger\unified.py:53: RayDeprecationWarning: This API is deprecated and may be removed in future Ray releases. You could suppress this warning by setting env variable PYTHONWARNINGS="ignore::DeprecationWarning"
The `JsonLogger interface is deprecated in favor of the `ray.tune.json.JsonLoggerCallback` interface and will be removed in Ray 2.7.
  self._loggers.append(cls(self.config, self.logdir, self.trial))
C:\Users\piece\.conda\envs\gpt_eco\lib\site-packages\ray\tune\logger\unified.py:53: RayDeprecationWarning: This API is deprecated and may be removed in future Ray releases. You could suppress this warning by setting env variable PYTHONWARNINGS="ignore::DeprecationWarning"
The `CSVLogger interface is deprecated in favor of the `ray.tune.csv.CSVLoggerCallback` interface and will be removed in Ray 2.7.
  self._loggers.append(cls(self.config, self.logdir, self.trial))
C:\Users\piece\.conda\envs\gpt_eco\lib\site-packages\ray\tune\logger\unified.py:53: RayDeprecationWarning: This API is deprecated and may be removed in future Ray releases. You could suppress this warning by setting env variable PYTHONWARNINGS="ignore::DeprecationWarning"
The `TBXLogger interface is deprecated in favor of the `ray.tune.tensorboardx.TBXLoggerCallback` interface and will be removed in Ray 2.7.
  self._loggers.append(cls(self.config, self.logdir, self.trial))
2026-10-06 11:57:34,116	INFO trainable.py:161 -- Trainable.setup took 10.288 seconds. If your trainable is slow to initialize, consider setting reuse_actors=True to reduce actor creation overheads.
[INFO] 2026-10-06 11:57:34,118 - [SYSTEM] No existing checkpoint identified. Training starting from iteration 0.
[36m(RolloutWorker pid=36228)[0m 2026-10-06 11:57:39,379	WARNING env_runner_v2.py:158 -- More than 7957 observations in 100 env steps for episode 212801636700309454 are buffered in the sampler. If this is more than you expected, check that that you set a horizon on your environment correctly and that it terminates at some point. Note: In multi-agent environments, `rollout_fragment_length` sets the batch size based on (across-agents) environment steps, not the steps of individual agents, which can result in unexpectedly large batches.
2026-10-06 11:58:32,150	WARNING deprecation.py:50 -- DeprecationWarning: `_get_slice_indices` has been deprecated. This will raise an error in the future!
[TRAIN] Iter:    1 | Reward:    298.06 | Emp: 74.7 | Unemp: 18.9% | Firm: 14.2 | GDP:     138.64 | Gini: 0.43 | Infl:  0.00% | Wage:   1.9 | Treasury:       -51 | Reserves:  502257.2 | NPL:     0.2 ( 0.0%) | Births: 0.06 | Deaths/ep:  11.3 | EmBirths/ep:   0.0
[TRAIN] Iter:    2 | Reward:    303.94 | Emp: 75.6 | Unemp: 18.6% | Firm: 14.8 | GDP:     139.35 | Gini: 0.42 | Infl:  0.00% | Wage:   1.9 | Treasury:       -50 | Reserves:  502217.9 | NPL:     0.1 ( 0.0%) | Births: 0.16 | Deaths/ep:   9.4 | EmBirths/ep:   0.0
[TRAIN] Iter:    3 | Reward:    323.08 | Emp: 76.2 | Unemp: 18.5% | Firm: 14.8 | GDP:     144.51 | Gini: 0.42 | Infl:  0.00% | Wage:   1.9 | Treasury:       -51 | Reserves:  502178.5 | NPL:     0.2 ( 0.0%) | Births: 0.27 | Deaths/ep:   8.5 | EmBirths/ep:   0.0
[TRAIN] Iter:    4 | Reward:    338.81 | Emp: 76.7 | Unemp: 18.2% | Firm: 14.8 | GDP:     146.00 | Gini: 0.41 | Infl:  0.00% | Wage:   1.9 | Treasury:       -35 | Reserves:  502191.5 | NPL:     0.2 ( 0.0%) | Births: 0.23 | Deaths/ep:   7.9 | EmBirths/ep:   0.0
[TRAIN] Iter:    5 | Reward:    347.74 | Emp: 76.9 | Unemp: 17.8% | Firm: 14.9 | GDP:     146.48 | Gini: 0.41 | Infl:  0.00% | Wage:   1.9 | Treasury:       -37 | Reserves:  502228.2 | NPL:     0.2 ( 0.0%) | Births: 0.20 | Deaths/ep:   7.7 | EmBirths/ep:   0.0
┌───────────────────────── Training Monitor — Iter 5 ─────────────────────────┐
│ Tiến độ          5/100 iter (5.0%)                                          │
│ Tốc độ           173.8s/iter (TB 5 iter gần nhất)                           │
│ Đã chạy          14m29s                                                     │
│ ETA tới target   4h35m                                                      │
│ Phần cứng        CPU 62.7%  |  RAM 79.5%  |  GPU: không phát hiện (đang     │
│                  chạy CPU-only, num_gpus=0)                                 │
│ Xu hướng reward  ↑ Đang cải thiện (dốc +13.4/iter)                          │
└─────────────────────────────────────────────────────────────────────────────┘
[TRAIN] Iter:    6 | Reward:    354.79 | Emp: 77.2 | Unemp: 18.0% | Firm: 15.0 | GDP:     145.65 | Gini: 0.41 | Infl:  0.00% | Wage:   1.9 | Treasury:       -26 | Reserves:  502310.6 | NPL:     0.2 ( 0.0%) | Births: 0.23 | Deaths/ep:   7.4 | EmBirths/ep:   0.0
[TRAIN] Iter:    7 | Reward:    367.50 | Emp: 77.9 | Unemp: 17.5% | Firm: 15.3 | GDP:     147.56 | Gini: 0.41 | Infl:  0.00% | Wage:   1.8 | Treasury:       -15 | Reserves:  502381.0 | NPL:     0.2 ( 0.0%) | Births: 0.26 | Deaths/ep:   6.8 | EmBirths/ep:   0.0
[TRAIN] Iter:    8 | Reward:    387.19 | Emp: 78.2 | Unemp: 17.1% | Firm: 15.3 | GDP:     148.17 | Gini: 0.41 | Infl:  0.00% | Wage:   1.8 | Treasury:        -4 | Reserves:  502464.2 | NPL:     0.2 ( 0.0%) | Births: 0.25 | Deaths/ep:   6.5 | EmBirths/ep:   0.0
[TRAIN] Iter:    9 | Reward:    383.90 | Emp: 78.7 | Unemp: 16.6% | Firm: 15.6 | GDP:     148.99 | Gini: 0.41 | Infl:  0.00% | Wage:   1.8 | Treasury:         7 | Reserves:  502534.7 | NPL:     0.2 ( 0.0%) | Births: 0.21 | Deaths/ep:   6.2 | EmBirths/ep:   0.0
[TRAIN] Iter:   10 | Reward:    387.39 | Emp: 78.7 | Unemp: 16.3% | Firm: 15.8 | GDP:     147.88 | Gini: 0.42 | Infl:  0.00% | Wage:   1.8 | Treasury:        -2 | Reserves:  502592.2 | NPL:     0.2 ( 0.0%) | Births: 0.23 | Deaths/ep:   6.3 | EmBirths/ep:   0.0
┌──────────────────────── Training Monitor — Iter 10 ─────────────────────────┐
│ Tiến độ          10/100 iter (10.0%)                                        │
│ Tốc độ           186.2s/iter (TB 10 iter gần nhất)                          │
│ Đã chạy          31m02s                                                     │
│ ETA tới target   4h39m                                                      │
│ Phần cứng        CPU 62.3%  |  RAM 82.9%  |  GPU: không phát hiện (đang     │
│                  chạy CPU-only, num_gpus=0)                                 │
│ Xu hướng reward  ↑ Đang cải thiện (dốc +10.8/iter)                          │
└─────────────────────────────────────────────────────────────────────────────┘
[INFO] 2026-10-06 12:28:36,224 - [SYSTEM] Checkpoint persisted at: be/checkpoint\final_v037_seed404\iter_10
[TRAIN] Iter:   11 | Reward:    388.51 | Emp: 78.9 | Unemp: 15.8% | Firm: 16.0 | GDP:     147.75 | Gini: 0.41 | Infl:  0.00% | Wage:   1.8 | Treasury:         8 | Reserves:  502630.2 | NPL:     0.2 ( 0.0%) | Births: 0.27 | Deaths/ep:   5.8 | EmBirths/ep:   0.0
[TRAIN] Iter:   12 | Reward:    413.62 | Emp: 79.1 | Unemp: 14.4% | Firm: 16.0 | GDP:     151.39 | Gini: 0.41 | Infl:  0.00% | Wage:   1.8 | Treasury:         6 | Reserves:  502604.0 | NPL:     0.1 ( 0.0%) | Births: 0.22 | Deaths/ep:   5.6 | EmBirths/ep:   0.0
[TRAIN] Iter:   13 | Reward:    429.69 | Emp: 79.1 | Unemp: 13.6% | Firm: 16.1 | GDP:     152.88 | Gini: 0.42 | Infl:  0.00% | Wage:   1.8 | Treasury:         6 | Reserves:  502599.1 | NPL:     0.1 ( 0.0%) | Births: 0.23 | Deaths/ep:   5.0 | EmBirths/ep:   0.0
[TRAIN] Iter:   14 | Reward:    427.07 | Emp: 79.3 | Unemp: 12.8% | Firm: 16.3 | GDP:     156.17 | Gini: 0.41 | Infl:  0.00% | Wage:   1.8 | Treasury:         5 | Reserves:  502630.9 | NPL:     0.1 ( 0.0%) | Births: 0.23 | Deaths/ep:   4.6 | EmBirths/ep:   0.0
[TRAIN] Iter:   15 | Reward:    455.90 | Emp: 79.1 | Unemp: 12.2% | Firm: 16.2 | GDP:     154.74 | Gini: 0.41 | Infl:  0.00% | Wage:   1.8 | Treasury:         4 | Reserves:  502675.7 | NPL:     0.1 ( 0.0%) | Births: 0.24 | Deaths/ep:   4.3 | EmBirths/ep:   0.0
┌──────────────────────── Training Monitor — Iter 15 ─────────────────────────┐
│ Tiến độ          15/100 iter (15.0%)                                        │
│ Tốc độ           204.7s/iter (TB 10 iter gần nhất)                          │
│ Đã chạy          48m36s                                                     │
│ ETA tới target   4h50m                                                      │
│ Phần cứng        CPU 62.2%  |  RAM 83.8%  |  GPU: không phát hiện (đang     │
│                  chạy CPU-only, num_gpus=0)                                 │
│ Xu hướng reward  ↑ Đang cải thiện (dốc +9.9/iter)                           │
└─────────────────────────────────────────────────────────────────────────────┘
[TRAIN] Iter:   16 | Reward:    470.67 | Emp: 79.2 | Unemp: 11.4% | Firm: 16.1 | GDP:     155.36 | Gini: 0.42 | Infl:  0.00% | Wage:   1.8 | Treasury:        14 | Reserves:  502705.2 | NPL:     0.0 ( 0.0%) | Births: 0.23 | Deaths/ep:   3.8 | EmBirths/ep:   0.0
[TRAIN] Iter:   17 | Reward:    494.47 | Emp: 79.1 | Unemp: 10.7% | Firm: 16.0 | GDP:     155.52 | Gini: 0.42 | Infl:  0.00% | Wage:   1.8 | Treasury:        14 | Reserves:  502741.7 | NPL:     0.0 ( 0.0%) | Births: 0.21 | Deaths/ep:   3.5 | EmBirths/ep:   0.0
[TRAIN] Iter:   18 | Reward:    512.23 | Emp: 79.1 | Unemp:  9.7% | Firm: 15.5 | GDP:     152.08 | Gini: 0.42 | Infl:  0.00% | Wage:   1.7 | Treasury:         4 | Reserves:  502733.2 | NPL:     0.1 ( 0.0%) | Births: 0.20 | Deaths/ep:   3.0 | EmBirths/ep:   0.0
[TRAIN] Iter:   19 | Reward:    538.37 | Emp: 79.1 | Unemp:  8.9% | Firm: 14.9 | GDP:     150.36 | Gini: 0.41 | Infl:  0.00% | Wage:   1.7 | Treasury:         3 | Reserves:  502693.6 | NPL:     0.1 ( 0.0%) | Births: 0.17 | Deaths/ep:   2.8 | EmBirths/ep:   0.0
[TRAIN] Iter:   20 | Reward:    584.48 | Emp: 79.2 | Unemp:  8.1% | Firm: 13.9 | GDP:     148.31 | Gini: 0.42 | Infl:  0.00% | Wage:   1.7 | Treasury:         6 | Reserves:  502584.7 | NPL:     0.1 ( 0.0%) | Births: 0.16 | Deaths/ep:   2.5 | EmBirths/ep:   0.0
┌──────────────────────── Training Monitor — Iter 20 ─────────────────────────┐
│ Tiến độ          20/100 iter (20.0%)                                        │
│ Tốc độ           204.2s/iter (TB 10 iter gần nhất)                          │
│ Đã chạy          1h05m                                                      │
│ ETA tới target   4h32m                                                      │
│ Phần cứng        CPU 61.6%  |  RAM 82.9%  |  GPU: không phát hiện (đang     │
│                  chạy CPU-only, num_gpus=0)                                 │
│ Xu hướng reward  ↑ Đang cải thiện (dốc +19.8/iter)                          │
└─────────────────────────────────────────────────────────────────────────────┘
[INFO] 2026-10-06 13:02:38,670 - [SYSTEM] Checkpoint persisted at: be/checkpoint\final_v037_seed404\iter_20
[TRAIN] Iter:   21 | Reward:    608.32 | Emp: 79.0 | Unemp:  7.2% | Firm: 13.3 | GDP:     147.87 | Gini: 0.42 | Infl:  0.00% | Wage:   1.6 | Treasury:         5 | Reserves:  502548.3 | NPL:     0.1 ( 0.0%) | Births: 0.15 | Deaths/ep:   2.2 | EmBirths/ep:   0.0
[TRAIN] Iter:   22 | Reward:    644.34 | Emp: 79.3 | Unemp:  6.0% | Firm: 12.6 | GDP:     149.08 | Gini: 0.41 | Infl:  0.00% | Wage:   1.6 | Treasury:        21 | Reserves:  502480.0 | NPL:     0.1 ( 0.0%) | Births: 0.14 | Deaths/ep:   1.8 | EmBirths/ep:   0.0
C:\Users\piece\.conda\envs\gpt_eco\lib\site-packages\ray\rllib\utils\torch_utils.py:335: UserWarning: var(): degrees of freedom is <= 0. Correction should be strictly less than the reduction factor (input numel divided by output numel). (Triggered internally at ..\aten\src\ATen\native\ReduceOps.cpp:1807.)
  y_var = torch.var(y, dim=[0])
C:\Users\piece\.conda\envs\gpt_eco\lib\site-packages\ray\rllib\utils\torch_utils.py:336: UserWarning: var(): degrees of freedom is <= 0. Correction should be strictly less than the reduction factor (input numel divided by output numel). (Triggered internally at ..\aten\src\ATen\native\ReduceOps.cpp:1807.)
  diff_var = torch.var(y - pred, dim=[0])
[TRAIN] Iter:   23 | Reward:    676.84 | Emp: 80.0 | Unemp:  5.3% | Firm: 11.8 | GDP:     150.81 | Gini: 0.41 | Infl:  0.00% | Wage:   1.6 | Treasury:        30 | Reserves:  502419.6 | NPL:     0.1 ( 0.0%) | Births: 0.12 | Deaths/ep:   1.5 | EmBirths/ep:   0.0
[TRAIN] Iter:   24 | Reward:    719.99 | Emp: 80.6 | Unemp:  4.7% | Firm: 11.1 | GDP:     153.72 | Gini: 0.42 | Infl:  0.00% | Wage:   1.5 | Treasury:        66 | Reserves:  502416.0 | NPL:     0.1 ( 0.0%) | Births: 0.17 | Deaths/ep:   1.1 | EmBirths/ep:   0.0
[TRAIN] Iter:   25 | Reward:    745.63 | Emp: 81.2 | Unemp:  4.4% | Firm: 10.8 | GDP:     154.52 | Gini: 0.42 | Infl:  0.00% | Wage:   1.5 | Treasury:        82 | Reserves:  502387.9 | NPL:     0.1 ( 0.0%) | Births: 0.17 | Deaths/ep:   0.8 | EmBirths/ep:   0.0
┌──────────────────────── Training Monitor — Iter 25 ─────────────────────────┐
│ Tiến độ          25/100 iter (25.0%)                                        │
│ Tốc độ           197.9s/iter (TB 10 iter gần nhất)                          │
│ Đã chạy          1h21m                                                      │
│ ETA tới target   4h07m                                                      │
│ Phần cứng        CPU 61.1%  |  RAM 81.5%  |  GPU: không phát hiện (đang     │
│                  chạy CPU-only, num_gpus=0)                                 │
│ Xu hướng reward  ↑ Đang cải thiện (dốc +31.6/iter)                          │
└─────────────────────────────────────────────────────────────────────────────┘
[TRAIN] Iter:   26 | Reward:    757.56 | Emp: 81.4 | Unemp:  4.1% | Firm: 10.9 | GDP:     154.78 | Gini: 0.42 | Infl:  0.00% | Wage:   1.5 | Treasury:        92 | Reserves:  502458.8 | NPL:     0.1 ( 0.0%) | Births: 0.19 | Deaths/ep:   0.6 | EmBirths/ep:   0.0
[TRAIN] Iter:   27 | Reward:    794.75 | Emp: 82.2 | Unemp:  3.7% | Firm: 10.5 | GDP:     155.20 | Gini: 0.42 | Infl:  0.00% | Wage:   1.5 | Treasury:       124 | Reserves:  502421.2 | NPL:     0.1 ( 0.0%) | Births: 0.20 | Deaths/ep:   0.5 | EmBirths/ep:   0.0
[TRAIN] Iter:   28 | Reward:    807.63 | Emp: 82.1 | Unemp:  3.6% | Firm: 10.5 | GDP:     155.97 | Gini: 0.42 | Infl:  0.00% | Wage:   1.5 | Treasury:       133 | Reserves:  502453.0 | NPL:     0.0 ( 0.0%) | Births: 0.19 | Deaths/ep:   0.4 | EmBirths/ep:   0.0
[TRAIN] Iter:   29 | Reward:    830.28 | Emp: 82.0 | Unemp:  3.4% | Firm: 10.5 | GDP:     155.47 | Gini: 0.41 | Infl:  0.00% | Wage:   1.5 | Treasury:       142 | Reserves:  502464.4 | NPL:     0.0 ( 0.0%) | Births: 0.20 | Deaths/ep:   0.3 | EmBirths/ep:   0.0
[TRAIN] Iter:   30 | Reward:    858.21 | Emp: 81.9 | Unemp:  2.9% | Firm: 10.3 | GDP:     155.58 | Gini: 0.40 | Infl:  0.00% | Wage:   1.5 | Treasury:       150 | Reserves:  502446.6 | NPL:     0.0 ( 0.0%) | Births: 0.20 | Deaths/ep:   0.2 | EmBirths/ep:   0.0
┌──────────────────────── Training Monitor — Iter 30 ─────────────────────────┐
│ Tiến độ          30/100 iter (30.0%)                                        │
│ Tốc độ           195.1s/iter (TB 10 iter gần nhất)                          │
│ Đã chạy          1h37m                                                      │
│ ETA tới target   3h47m                                                      │
│ Phần cứng        CPU 59.8%  |  RAM 84.6%  |  GPU: không phát hiện (đang     │
│                  chạy CPU-only, num_gpus=0)                                 │
│ Xu hướng reward  ↑ Đang cải thiện (dốc +26.9/iter)                          │
└─────────────────────────────────────────────────────────────────────────────┘
[INFO] 2026-10-06 13:35:09,468 - [SYSTEM] Checkpoint persisted at: be/checkpoint\final_v037_seed404\iter_30
[TRAIN] Iter:   31 | Reward:    884.08 | Emp: 82.1 | Unemp:  2.6% | Firm: 10.3 | GDP:     157.15 | Gini: 0.41 | Infl:  0.00% | Wage:   1.5 | Treasury:       158 | Reserves:  502455.0 | NPL:     0.0 ( 0.0%) | Births: 0.23 | Deaths/ep:   0.2 | EmBirths/ep:   0.0
[TRAIN] Iter:   32 | Reward:    920.34 | Emp: 82.3 | Unemp:  2.2% | Firm: 9.9 | GDP:     158.86 | Gini: 0.40 | Infl:  0.00% | Wage:   1.5 | Treasury:       175 | Reserves:  502378.8 | NPL:     0.0 ( 0.0%) | Births: 0.27 | Deaths/ep:   0.1 | EmBirths/ep:   0.0
[TRAIN] Iter:   33 | Reward:    938.98 | Emp: 82.7 | Unemp:  2.0% | Firm: 9.7 | GDP:     161.19 | Gini: 0.40 | Infl:  0.00% | Wage:   1.5 | Treasury:       179 | Reserves:  502355.3 | NPL:     0.0 ( 0.0%) | Births: 0.25 | Deaths/ep:   0.1 | EmBirths/ep:   0.0
[TRAIN] Iter:   34 | Reward:    974.08 | Emp: 83.3 | Unemp:  1.7% | Firm: 9.3 | GDP:     161.91 | Gini: 0.41 | Infl:  0.00% | Wage:   1.4 | Treasury:       197 | Reserves:  502283.2 | NPL:     0.0 ( 0.0%) | Births: 0.28 | Deaths/ep:   0.1 | EmBirths/ep:   0.0
[TRAIN] Iter:   35 | Reward:   1002.18 | Emp: 83.6 | Unemp:  1.5% | Firm: 8.9 | GDP:     161.83 | Gini: 0.41 | Infl:  0.00% | Wage:   1.4 | Treasury:       216 | Reserves:  502254.9 | NPL:     0.0 ( 0.0%) | Births: 0.29 | Deaths/ep:   0.1 | EmBirths/ep:   0.0
┌──────────────────────── Training Monitor — Iter 35 ─────────────────────────┐
│ Tiến độ          35/100 iter (35.0%)                                        │
│ Tốc độ           196.6s/iter (TB 10 iter gần nhất)                          │
│ Đã chạy          1h54m                                                      │
│ ETA tới target   3h33m                                                      │
│ Phần cứng        CPU 61.0%  |  RAM 84.5%  |  GPU: không phát hiện (đang     │
│                  chạy CPU-only, num_gpus=0)                                 │
│ Xu hướng reward  ↑ Đang cải thiện (dốc +26.7/iter)                          │
└─────────────────────────────────────────────────────────────────────────────┘
[TRAIN] Iter:   36 | Reward:   1037.47 | Emp: 83.7 | Unemp:  1.4% | Firm: 8.5 | GDP:     161.89 | Gini: 0.42 | Infl:  0.00% | Wage:   1.4 | Treasury:       224 | Reserves:  502168.4 | NPL:     0.0 ( 0.0%) | Births: 0.28 | Deaths/ep:   0.0 | EmBirths/ep:   0.0
[TRAIN] Iter:   37 | Reward:   1066.14 | Emp: 83.6 | Unemp:  1.3% | Firm: 8.3 | GDP:     160.50 | Gini: 0.42 | Infl:  0.00% | Wage:   1.4 | Treasury:       237 | Reserves:  502115.3 | NPL:     0.0 ( 0.0%) | Births: 0.24 | Deaths/ep:   0.0 | EmBirths/ep:   0.0
[TRAIN] Iter:   38 | Reward:   1095.64 | Emp: 83.9 | Unemp:  1.2% | Firm: 8.1 | GDP:     158.86 | Gini: 0.42 | Infl:  0.00% | Wage:   1.4 | Treasury:       247 | Reserves:  502077.6 | NPL:     0.0 ( 0.0%) | Births: 0.20 | Deaths/ep:   0.0 | EmBirths/ep:   0.0
[TRAIN] Iter:   39 | Reward:   1130.49 | Emp: 84.0 | Unemp:  1.2% | Firm: 7.8 | GDP:     157.06 | Gini: 0.41 | Infl:  0.00% | Wage:   1.4 | Treasury:       258 | Reserves:  502014.7 | NPL:     0.0 ( 0.0%) | Births: 0.21 | Deaths/ep:   0.0 | EmBirths/ep:   0.0
[TRAIN] Iter:   40 | Reward:   1182.82 | Emp: 83.7 | Unemp:  1.2% | Firm: 7.5 | GDP:     154.72 | Gini: 0.42 | Infl:  0.00% | Wage:   1.4 | Treasury:       245 | Reserves:  501961.7 | NPL:     0.0 ( 0.0%) | Births: 0.18 | Deaths/ep:   0.0 | EmBirths/ep:   0.0
┌──────────────────────── Training Monitor — Iter 40 ─────────────────────────┐
│ Tiến độ          40/100 iter (40.0%)                                        │
│ Tốc độ           198.6s/iter (TB 10 iter gần nhất)                          │
│ Đã chạy          2h10m                                                      │
│ ETA tới target   3h18m                                                      │
│ Phần cứng        CPU 60.3%  |  RAM 86.2%  |  GPU: không phát hiện (đang     │
│                  chạy CPU-only, num_gpus=0)                                 │
│ Xu hướng reward  ↑ Đang cải thiện (dốc +31.8/iter)                          │
└─────────────────────────────────────────────────────────────────────────────┘
[INFO] 2026-10-06 14:08:15,780 - [SYSTEM] Checkpoint persisted at: be/checkpoint\final_v037_seed404\iter_40
[TRAIN] Iter:   41 | Reward:   1227.13 | Emp: 83.9 | Unemp:  1.2% | Firm: 7.1 | GDP:     154.42 | Gini: 0.42 | Infl:  0.00% | Wage:   1.4 | Treasury:       247 | Reserves:  501855.0 | NPL:     0.0 ( 0.0%) | Births: 0.18 | Deaths/ep:   0.0 | EmBirths/ep:   0.0
[TRAIN] Iter:   42 | Reward:   1277.34 | Emp: 83.6 | Unemp:  1.2% | Firm: 6.8 | GDP:     151.84 | Gini: 0.41 | Infl:  0.00% | Wage:   1.4 | Treasury:       244 | Reserves:  501828.6 | NPL:     0.0 ( 0.0%) | Births: 0.16 | Deaths/ep:   0.0 | EmBirths/ep:   0.0
[TRAIN] Iter:   43 | Reward:   1320.77 | Emp: 83.7 | Unemp:  1.2% | Firm: 6.5 | GDP:     150.35 | Gini: 0.41 | Infl:  0.00% | Wage:   1.3 | Treasury:       240 | Reserves:  501809.7 | NPL:     0.0 ( 0.0%) | Births: 0.18 | Deaths/ep:   0.0 | EmBirths/ep:   0.0
[TRAIN] Iter:   44 | Reward:   1354.99 | Emp: 83.3 | Unemp:  1.1% | Firm: 6.3 | GDP:     149.27 | Gini: 0.41 | Infl:  0.00% | Wage:   1.3 | Treasury:       230 | Reserves:  501797.1 | NPL:     0.0 ( 0.0%) | Births: 0.15 | Deaths/ep:   0.0 | EmBirths/ep:   0.0
[TRAIN] Iter:   45 | Reward:   1382.02 | Emp: 83.0 | Unemp:  1.1% | Firm: 6.1 | GDP:     148.66 | Gini: 0.41 | Infl:  0.00% | Wage:   1.3 | Treasury:       213 | Reserves:  501799.3 | NPL:     0.0 ( 0.0%) | Births: 0.12 | Deaths/ep:   0.0 | EmBirths/ep:   0.0
┌──────────────────────── Training Monitor — Iter 45 ─────────────────────────┐
│ Tiến độ          45/100 iter (45.0%)                                        │
│ Tốc độ           191.6s/iter (TB 10 iter gần nhất)                          │
│ Đã chạy          2h26m                                                      │
│ ETA tới target   2h55m                                                      │
│ Phần cứng        CPU 60.1%  |  RAM 83.6%  |  GPU: không phát hiện (đang     │
│                  chạy CPU-only, num_gpus=0)                                 │
│ Xu hướng reward  ↑ Đang cải thiện (dốc +40.8/iter)                          │
└─────────────────────────────────────────────────────────────────────────────┘
[TRAIN] Iter:   46 | Reward:   1394.75 | Emp: 82.9 | Unemp:  1.0% | Firm: 6.1 | GDP:     148.19 | Gini: 0.40 | Infl:  0.00% | Wage:   1.3 | Treasury:       213 | Reserves:  501812.5 | NPL:     0.0 ( 0.0%) | Births: 0.13 | Deaths/ep:   0.0 | EmBirths/ep:   0.0
[TRAIN] Iter:   47 | Reward:   1415.87 | Emp: 82.3 | Unemp:  0.9% | Firm: 6.1 | GDP:     145.91 | Gini: 0.39 | Infl:  0.00% | Wage:   1.3 | Treasury:       217 | Reserves:  501825.2 | NPL:     0.0 ( 0.0%) | Births: 0.15 | Deaths/ep:   0.0 | EmBirths/ep:   0.0
[TRAIN] Iter:   48 | Reward:   1438.44 | Emp: 82.6 | Unemp:  0.9% | Firm: 6.0 | GDP:     145.68 | Gini: 0.38 | Infl:  0.00% | Wage:   1.3 | Treasury:       223 | Reserves:  501840.3 | NPL:     0.0 ( 0.0%) | Births: 0.15 | Deaths/ep:   0.0 | EmBirths/ep:   0.0
[TRAIN] Iter:   49 | Reward:   1460.57 | Emp: 82.7 | Unemp:  0.7% | Firm: 5.9 | GDP:     145.35 | Gini: 0.38 | Infl:  0.00% | Wage:   1.3 | Treasury:       224 | Reserves:  501821.2 | NPL:     0.0 ( 0.0%) | Births: 0.13 | Deaths/ep:   0.0 | EmBirths/ep:   0.0
[TRAIN] Iter:   50 | Reward:   1488.08 | Emp: 82.7 | Unemp:  0.7% | Firm: 5.8 | GDP:     144.96 | Gini: 0.38 | Infl:  0.00% | Wage:   1.3 | Treasury:       218 | Reserves:  501790.5 | NPL:     0.0 ( 0.0%) | Births: 0.14 | Deaths/ep:   0.0 | EmBirths/ep:   0.0
┌──────────────────────── Training Monitor — Iter 50 ─────────────────────────┐
│ Tiến độ          50/100 iter (50.0%)                                        │
│ Tốc độ           188.5s/iter (TB 10 iter gần nhất)                          │
│ Đã chạy          2h42m                                                      │
│ ETA tới target   2h37m                                                      │
│ Phần cứng        CPU 60.7%  |  RAM 86.2%  |  GPU: không phát hiện (đang     │
│                  chạy CPU-only, num_gpus=0)                                 │
│ Xu hướng reward  ↑ Đang cải thiện (dốc +26.8/iter)                          │
└─────────────────────────────────────────────────────────────────────────────┘
[INFO] 2026-10-06 14:39:40,715 - [SYSTEM] Checkpoint persisted at: be/checkpoint\final_v037_seed404\iter_50
[TRAIN] Iter:   51 | Reward:   1523.44 | Emp: 82.6 | Unemp:  0.5% | Firm: 5.6 | GDP:     144.01 | Gini: 0.39 | Infl:  0.00% | Wage:   1.3 | Treasury:       223 | Reserves:  501766.2 | NPL:     0.0 ( 0.0%) | Births: 0.13 | Deaths/ep:   0.0 | EmBirths/ep:   0.0
[TRAIN] Iter:   52 | Reward:   1557.52 | Emp: 82.7 | Unemp:  0.6% | Firm: 5.4 | GDP:     142.76 | Gini: 0.39 | Infl:  0.00% | Wage:   1.3 | Treasury:       227 | Reserves:  501739.7 | NPL:     0.0 ( 0.0%) | Births: 0.14 | Deaths/ep:   0.1 | EmBirths/ep:   0.0
[TRAIN] Iter:   53 | Reward:   1576.99 | Emp: 83.0 | Unemp:  0.5% | Firm: 5.4 | GDP:     143.31 | Gini: 0.40 | Infl:  0.00% | Wage:   1.3 | Treasury:       218 | Reserves:  501749.5 | NPL:     0.0 ( 0.0%) | Births: 0.10 | Deaths/ep:   0.1 | EmBirths/ep:   0.0
[TRAIN] Iter:   54 | Reward:   1611.56 | Emp: 82.9 | Unemp:  0.4% | Firm: 5.3 | GDP:     141.53 | Gini: 0.39 | Infl:  0.00% | Wage:   1.3 | Treasury:       214 | Reserves:  501706.2 | NPL:     0.0 ( 0.0%) | Births: 0.07 | Deaths/ep:   0.1 | EmBirths/ep:   0.0
[TRAIN] Iter:   55 | Reward:   1637.83 | Emp: 82.8 | Unemp:  0.4% | Firm: 5.3 | GDP:     141.27 | Gini: 0.40 | Infl:  0.00% | Wage:   1.3 | Treasury:       210 | Reserves:  501710.5 | NPL:     0.0 ( 0.0%) | Births: 0.07 | Deaths/ep:   0.1 | EmBirths/ep:   0.0
┌──────────────────────── Training Monitor — Iter 55 ─────────────────────────┐
│ Tiến độ          55/100 iter (55.0%)                                        │
│ Tốc độ           183.6s/iter (TB 10 iter gần nhất)                          │
│ Đã chạy          2h56m                                                      │
│ ETA tới target   2h17m                                                      │
│ Phần cứng        CPU 62.0%  |  RAM 84.1%  |  GPU: không phát hiện (đang     │
│                  chạy CPU-only, num_gpus=0)                                 │
│ Xu hướng reward  ↑ Đang cải thiện (dốc +27.7/iter)                          │
└─────────────────────────────────────────────────────────────────────────────┘
[TRAIN] Iter:   56 | Reward:   1661.82 | Emp: 82.6 | Unemp:  0.4% | Firm: 5.2 | GDP:     139.92 | Gini: 0.40 | Infl:  0.00% | Wage:   1.3 | Treasury:       217 | Reserves:  501694.3 | NPL:     0.0 ( 0.0%) | Births: 0.08 | Deaths/ep:   0.1 | EmBirths/ep:   0.0
[TRAIN] Iter:   57 | Reward:   1671.59 | Emp: 82.4 | Unemp:  0.4% | Firm: 5.2 | GDP:     138.57 | Gini: 0.39 | Infl:  0.00% | Wage:   1.3 | Treasury:       215 | Reserves:  501690.1 | NPL:     0.0 ( 0.0%) | Births: 0.08 | Deaths/ep:   0.1 | EmBirths/ep:   0.0
[TRAIN] Iter:   58 | Reward:   1677.05 | Emp: 82.3 | Unemp:  0.3% | Firm: 5.2 | GDP:     138.30 | Gini: 0.39 | Infl:  0.00% | Wage:   1.3 | Treasury:       208 | Reserves:  501686.9 | NPL:     0.0 ( 0.0%) | Births: 0.07 | Deaths/ep:   0.1 | EmBirths/ep:   0.0
[TRAIN] Iter:   59 | Reward:   1692.62 | Emp: 82.1 | Unemp:  0.3% | Firm: 5.1 | GDP:     136.94 | Gini: 0.39 | Infl:  0.00% | Wage:   1.3 | Treasury:       200 | Reserves:  501662.2 | NPL:     0.0 ( 0.0%) | Births: 0.06 | Deaths/ep:   0.1 | EmBirths/ep:   0.0
[TRAIN] Iter:   60 | Reward:   1703.90 | Emp: 81.7 | Unemp:  0.3% | Firm: 5.1 | GDP:     136.50 | Gini: 0.39 | Infl:  0.00% | Wage:   1.3 | Treasury:       193 | Reserves:  501687.3 | NPL:     0.0 ( 0.0%) | Births: 0.07 | Deaths/ep:   0.1 | EmBirths/ep:   0.0
┌──────────────────────── Training Monitor — Iter 60 ─────────────────────────┐
│ Tiến độ          60/100 iter (60.0%)                                        │
│ Tốc độ           166.3s/iter (TB 10 iter gần nhất)                          │
│ Đã chạy          3h09m                                                      │
│ ETA tới target   1h50m                                                      │
│ Phần cứng        CPU 63.2%  |  RAM 81.9%  |  GPU: không phát hiện (đang     │
│                  chạy CPU-only, num_gpus=0)                                 │
│ Xu hướng reward  ↑ Đang cải thiện (dốc +19.8/iter)                          │
└─────────────────────────────────────────────────────────────────────────────┘
[INFO] 2026-10-06 15:07:24,006 - [SYSTEM] Checkpoint persisted at: be/checkpoint\final_v037_seed404\iter_60
[TRAIN] Iter:   61 | Reward:   1703.61 | Emp: 81.3 | Unemp:  0.3% | Firm: 5.0 | GDP:     134.96 | Gini: 0.39 | Infl:  0.00% | Wage:   1.3 | Treasury:       192 | Reserves:  501674.7 | NPL:     0.0 ( 0.0%) | Births: 0.07 | Deaths/ep:   0.1 | EmBirths/ep:   0.0
[TRAIN] Iter:   62 | Reward:   1711.64 | Emp: 81.5 | Unemp:  0.3% | Firm: 5.0 | GDP:     135.13 | Gini: 0.39 | Infl:  0.00% | Wage:   1.3 | Treasury:       189 | Reserves:  501693.8 | NPL:     0.0 ( 0.0%) | Births: 0.06 | Deaths/ep:   0.1 | EmBirths/ep:   0.0
[TRAIN] Iter:   63 | Reward:   1731.93 | Emp: 81.5 | Unemp:  0.3% | Firm: 5.0 | GDP:     135.60 | Gini: 0.39 | Infl:  0.00% | Wage:   1.3 | Treasury:       183 | Reserves:  501720.5 | NPL:     0.0 ( 0.0%) | Births: 0.06 | Deaths/ep:   0.1 | EmBirths/ep:   0.0
[TRAIN] Iter:   64 | Reward:   1756.39 | Emp: 81.4 | Unemp:  0.3% | Firm: 5.0 | GDP:     135.46 | Gini: 0.39 | Infl:  0.00% | Wage:   1.3 | Treasury:       182 | Reserves:  501730.8 | NPL:     0.0 ( 0.0%) | Births: 0.04 | Deaths/ep:   0.2 | EmBirths/ep:   0.0
[TRAIN] Iter:   65 | Reward:   1788.98 | Emp: 81.6 | Unemp:  0.3% | Firm: 5.0 | GDP:     136.55 | Gini: 0.39 | Infl:  0.00% | Wage:   1.3 | Treasury:       181 | Reserves:  501756.9 | NPL:     0.0 ( 0.0%) | Births: 0.05 | Deaths/ep:   0.2 | EmBirths/ep:   0.0
┌──────────────────────── Training Monitor — Iter 65 ─────────────────────────┐
│ Tiến độ          65/100 iter (65.0%)                                        │
│ Tốc độ           154.2s/iter (TB 10 iter gần nhất)                          │
│ Đã chạy          3h22m                                                      │
│ ETA tới target   1h29m                                                      │
│ Phần cứng        CPU 62.8%  |  RAM 82.2%  |  GPU: không phát hiện (đang     │
│                  chạy CPU-only, num_gpus=0)                                 │
│ Xu hướng reward  ↑ Đang cải thiện (dốc +12.5/iter)                          │
└─────────────────────────────────────────────────────────────────────────────┘
[TRAIN] Iter:   66 | Reward:   1825.70 | Emp: 82.0 | Unemp:  0.3% | Firm: 5.0 | GDP:     137.83 | Gini: 0.40 | Infl:  0.00% | Wage:   1.3 | Treasury:       180 | Reserves:  501758.0 | NPL:     0.0 ( 0.0%) | Births: 0.06 | Deaths/ep:   0.2 | EmBirths/ep:   0.0
[TRAIN] Iter:   67 | Reward:   1853.22 | Emp: 82.2 | Unemp:  0.3% | Firm: 5.0 | GDP:     138.33 | Gini: 0.40 | Infl:  0.00% | Wage:   1.3 | Treasury:       186 | Reserves:  501783.9 | NPL:     0.0 ( 0.0%) | Births: 0.06 | Deaths/ep:   0.1 | EmBirths/ep:   0.0
[TRAIN] Iter:   68 | Reward:   1876.37 | Emp: 82.1 | Unemp:  0.3% | Firm: 5.0 | GDP:     138.38 | Gini: 0.39 | Infl:  0.00% | Wage:   1.3 | Treasury:       192 | Reserves:  501801.0 | NPL:     0.0 ( 0.0%) | Births: 0.06 | Deaths/ep:   0.1 | EmBirths/ep:   0.0
[TRAIN] Iter:   69 | Reward:   1892.05 | Emp: 82.2 | Unemp:  0.3% | Firm: 5.0 | GDP:     138.68 | Gini: 0.40 | Infl:  0.00% | Wage:   1.3 | Treasury:       191 | Reserves:  501799.5 | NPL:     0.0 ( 0.0%) | Births: 0.07 | Deaths/ep:   0.1 | EmBirths/ep:   0.0
[TRAIN] Iter:   70 | Reward:   1904.31 | Emp: 82.3 | Unemp:  0.3% | Firm: 5.0 | GDP:     138.38 | Gini: 0.40 | Infl:  0.00% | Wage:   1.3 | Treasury:       189 | Reserves:  501824.0 | NPL:     0.0 ( 0.0%) | Births: 0.09 | Deaths/ep:   0.1 | EmBirths/ep:   0.0
┌──────────────────────── Training Monitor — Iter 70 ─────────────────────────┐
│ Tiến độ          70/100 iter (70.0%)                                        │
│ Tốc độ           154.4s/iter (TB 10 iter gần nhất)                          │
│ Đã chạy          3h35m                                                      │
│ ETA tới target   1h17m                                                      │
│ Phần cứng        CPU 63.6%  |  RAM 85.7%  |  GPU: không phát hiện (đang     │
│                  chạy CPU-only, num_gpus=0)                                 │
│ Xu hướng reward  ↑ Đang cải thiện (dốc +25.0/iter)                          │
└─────────────────────────────────────────────────────────────────────────────┘
[INFO] 2026-10-06 15:33:08,174 - [SYSTEM] Checkpoint persisted at: be/checkpoint\final_v037_seed404\iter_70
[TRAIN] Iter:   71 | Reward:   1911.83 | Emp: 82.2 | Unemp:  0.3% | Firm: 5.0 | GDP:     137.34 | Gini: 0.39 | Infl:  0.00% | Wage:   1.3 | Treasury:       183 | Reserves:  501845.4 | NPL:     0.0 ( 0.0%) | Births: 0.09 | Deaths/ep:   0.1 | EmBirths/ep:   0.0
[TRAIN] Iter:   72 | Reward:   1922.93 | Emp: 82.1 | Unemp:  0.3% | Firm: 5.0 | GDP:     135.73 | Gini: 0.39 | Infl:  0.00% | Wage:   1.3 | Treasury:       174 | Reserves:  501859.1 | NPL:     0.0 ( 0.0%) | Births: 0.07 | Deaths/ep:   0.1 | EmBirths/ep:   0.0
[TRAIN] Iter:   73 | Reward:   1943.22 | Emp: 81.9 | Unemp:  0.3% | Firm: 5.0 | GDP:     136.50 | Gini: 0.39 | Infl:  0.00% | Wage:   1.3 | Treasury:       156 | Reserves:  501861.9 | NPL:     0.0 ( 0.0%) | Births: 0.06 | Deaths/ep:   0.1 | EmBirths/ep:   0.0
[TRAIN] Iter:   74 | Reward:   1964.01 | Emp: 82.1 | Unemp:  0.3% | Firm: 5.0 | GDP:     137.20 | Gini: 0.39 | Infl:  0.00% | Wage:   1.3 | Treasury:       149 | Reserves:  501865.7 | NPL:     0.0 ( 0.0%) | Births: 0.04 | Deaths/ep:   0.1 | EmBirths/ep:   0.0
[TRAIN] Iter:   75 | Reward:   1992.91 | Emp: 82.1 | Unemp:  0.3% | Firm: 5.0 | GDP:     137.83 | Gini: 0.39 | Infl:  0.00% | Wage:   1.3 | Treasury:       140 | Reserves:  501880.5 | NPL:     0.0 ( 0.0%) | Births: 0.04 | Deaths/ep:   0.1 | EmBirths/ep:   0.0
┌──────────────────────── Training Monitor — Iter 75 ─────────────────────────┐
│ Tiến độ          75/100 iter (75.0%)                                        │
│ Tốc độ           155.4s/iter (TB 10 iter gần nhất)                          │
│ Đã chạy          3h48m                                                      │
│ ETA tới target   1h04m                                                      │
│ Phần cứng        CPU 63.2%  |  RAM 85.7%  |  GPU: không phát hiện (đang     │
│                  chạy CPU-only, num_gpus=0)                                 │
│ Xu hướng reward  ↑ Đang cải thiện (dốc +16.5/iter)                          │
└─────────────────────────────────────────────────────────────────────────────┘
[TRAIN] Iter:   76 | Reward:   2018.96 | Emp: 82.1 | Unemp:  0.3% | Firm: 5.0 | GDP:     138.43 | Gini: 0.38 | Infl:  0.00% | Wage:   1.3 | Treasury:       145 | Reserves:  501884.0 | NPL:     0.0 ( 0.0%) | Births: 0.03 | Deaths/ep:   0.1 | EmBirths/ep:   0.0
[TRAIN] Iter:   77 | Reward:   2039.89 | Emp: 82.0 | Unemp:  0.3% | Firm: 5.0 | GDP:     139.34 | Gini: 0.38 | Infl:  0.00% | Wage:   1.3 | Treasury:       147 | Reserves:  501861.9 | NPL:     0.0 ( 0.0%) | Births: 0.02 | Deaths/ep:   0.1 | EmBirths/ep:   0.0
[TRAIN] Iter:   78 | Reward:   2074.56 | Emp: 82.1 | Unemp:  0.3% | Firm: 5.0 | GDP:     140.73 | Gini: 0.39 | Infl:  0.00% | Wage:   1.3 | Treasury:       147 | Reserves:  501889.8 | NPL:     0.0 ( 0.0%) | Births: 0.03 | Deaths/ep:   0.1 | EmBirths/ep:   0.0
[TRAIN] Iter:   79 | Reward:   2093.20 | Emp: 82.5 | Unemp:  0.3% | Firm: 5.0 | GDP:     140.82 | Gini: 0.39 | Infl:  0.00% | Wage:   1.3 | Treasury:       146 | Reserves:  501901.6 | NPL:     0.0 ( 0.0%) | Births: 0.04 | Deaths/ep:   0.1 | EmBirths/ep:   0.0
[TRAIN] Iter:   80 | Reward:   2104.08 | Emp: 82.5 | Unemp:  0.3% | Firm: 5.0 | GDP:     139.72 | Gini: 0.39 | Infl:  0.00% | Wage:   1.3 | Treasury:       137 | Reserves:  501924.8 | NPL:     0.0 ( 0.0%) | Births: 0.04 | Deaths/ep:   0.1 | EmBirths/ep:   0.0
┌──────────────────────── Training Monitor — Iter 80 ─────────────────────────┐
│ Tiến độ          80/100 iter (80.0%)                                        │
│ Tốc độ           156.1s/iter (TB 10 iter gần nhất)                          │
│ Đã chạy          4h01m                                                      │
│ ETA tới target   52m01s                                                     │
│ Phần cứng        CPU 63.9%  |  RAM 85.8%  |  GPU: không phát hiện (đang     │
│                  chạy CPU-only, num_gpus=0)                                 │
│ Xu hướng reward  ↑ Đang cải thiện (dốc +23.2/iter)                          │
└─────────────────────────────────────────────────────────────────────────────┘
[INFO] 2026-10-06 15:59:08,717 - [SYSTEM] Checkpoint persisted at: be/checkpoint\final_v037_seed404\iter_80
[TRAIN] Iter:   81 | Reward:   2112.63 | Emp: 82.7 | Unemp:  0.2% | Firm: 5.0 | GDP:     138.72 | Gini: 0.39 | Infl:  0.00% | Wage:   1.3 | Treasury:       139 | Reserves:  501934.8 | NPL:     0.0 ( 0.0%) | Births: 0.04 | Deaths/ep:   0.1 | EmBirths/ep:   0.0
[TRAIN] Iter:   82 | Reward:   2137.82 | Emp: 82.5 | Unemp:  0.3% | Firm: 5.0 | GDP:     139.61 | Gini: 0.39 | Infl:  0.01% | Wage:   1.3 | Treasury:       116 | Reserves:  501949.3 | NPL:     0.0 ( 0.0%) | Births: 0.04 | Deaths/ep:   0.1 | EmBirths/ep:   0.0
[TRAIN] Iter:   83 | Reward:   2168.27 | Emp: 82.5 | Unemp:  0.3% | Firm: 5.0 | GDP:     140.33 | Gini: 0.39 | Infl:  0.01% | Wage:   1.3 | Treasury:       113 | Reserves:  501966.8 | NPL:     0.0 ( 0.0%) | Births: 0.06 | Deaths/ep:   0.1 | EmBirths/ep:   0.0
[TRAIN] Iter:   84 | Reward:   2210.36 | Emp: 82.4 | Unemp:  0.3% | Firm: 5.0 | GDP:     142.77 | Gini: 0.39 | Infl:  0.01% | Wage:   1.3 | Treasury:       118 | Reserves:  501973.1 | NPL:     0.0 ( 0.0%) | Births: 0.06 | Deaths/ep:   0.0 | EmBirths/ep:   0.0
[TRAIN] Iter:   85 | Reward:   2250.50 | Emp: 82.3 | Unemp:  0.3% | Firm: 5.0 | GDP:     143.35 | Gini: 0.39 | Infl:  0.01% | Wage:   1.3 | Treasury:       124 | Reserves:  501991.3 | NPL:     0.0 ( 0.0%) | Births: 0.07 | Deaths/ep:   0.1 | EmBirths/ep:   0.0
┌──────────────────────── Training Monitor — Iter 85 ─────────────────────────┐
│ Tiến độ          85/100 iter (85.0%)                                        │
│ Tốc độ           155.8s/iter (TB 10 iter gần nhất)                          │
│ Đã chạy          4h14m                                                      │
│ ETA tới target   38m57s                                                     │
│ Phần cứng        CPU 62.7%  |  RAM 85.4%  |  GPU: không phát hiện (đang     │
│                  chạy CPU-only, num_gpus=0)                                 │
│ Xu hướng reward  ↑ Đang cải thiện (dốc +23.6/iter)                          │
└─────────────────────────────────────────────────────────────────────────────┘
[TRAIN] Iter:   86 | Reward:   2298.43 | Emp: 82.3 | Unemp:  0.3% | Firm: 5.0 | GDP:     146.37 | Gini: 0.39 | Infl:  0.01% | Wage:   1.3 | Treasury:       123 | Reserves:  501999.3 | NPL:     0.0 ( 0.0%) | Births: 0.08 | Deaths/ep:   0.1 | EmBirths/ep:   0.0
[TRAIN] Iter:   87 | Reward:   2347.63 | Emp: 82.1 | Unemp:  0.3% | Firm: 5.0 | GDP:     148.78 | Gini: 0.40 | Infl:  0.01% | Wage:   1.3 | Treasury:       134 | Reserves:  502031.0 | NPL:     0.0 ( 0.0%) | Births: 0.11 | Deaths/ep:   0.1 | EmBirths/ep:   0.0
[TRAIN] Iter:   88 | Reward:   2382.74 | Emp: 82.6 | Unemp:  0.3% | Firm: 5.0 | GDP:     150.51 | Gini: 0.40 | Infl:  0.00% | Wage:   1.3 | Treasury:       149 | Reserves:  502030.3 | NPL:     0.0 ( 0.0%) | Births: 0.11 | Deaths/ep:   0.1 | EmBirths/ep:   0.0
[TRAIN] Iter:   89 | Reward:   2418.29 | Emp: 82.6 | Unemp:  0.3% | Firm: 5.0 | GDP:     152.27 | Gini: 0.40 | Infl:  0.01% | Wage:   1.3 | Treasury:       162 | Reserves:  502024.0 | NPL:     0.0 ( 0.0%) | Births: 0.12 | Deaths/ep:   0.1 | EmBirths/ep:   0.0
[TRAIN] Iter:   90 | Reward:   2447.77 | Emp: 82.7 | Unemp:  0.3% | Firm: 5.0 | GDP:     154.99 | Gini: 0.40 | Infl:  0.01% | Wage:   1.3 | Treasury:       156 | Reserves:  502007.9 | NPL:     0.0 ( 0.0%) | Births: 0.13 | Deaths/ep:   0.1 | EmBirths/ep:   0.0
┌──────────────────────── Training Monitor — Iter 90 ─────────────────────────┐
│ Tiến độ          90/100 iter (90.0%)                                        │
│ Tốc độ           155.3s/iter (TB 10 iter gần nhất)                          │
│ Đã chạy          4h27m                                                      │
│ ETA tới target   25m53s                                                     │
│ Phần cứng        CPU 63.3%  |  RAM 88.5%  |  GPU: không phát hiện (đang     │
│                  chạy CPU-only, num_gpus=0)                                 │
│ Xu hướng reward  ↑ Đang cải thiện (dốc +39.5/iter)                          │
└─────────────────────────────────────────────────────────────────────────────┘
[INFO] 2026-10-06 16:25:01,725 - [SYSTEM] Checkpoint persisted at: be/checkpoint\final_v037_seed404\iter_90
[TRAIN] Iter:   91 | Reward:   2470.90 | Emp: 82.5 | Unemp:  0.3% | Firm: 5.0 | GDP:     158.38 | Gini: 0.40 | Infl: -0.04% | Wage:   1.3 | Treasury:       163 | Reserves:  502005.6 | NPL:     0.0 ( 0.0%) | Births: 0.14 | Deaths/ep:   0.1 | EmBirths/ep:   0.0
[TRAIN] Iter:   92 | Reward:   2487.97 | Emp: 82.3 | Unemp:  0.3% | Firm: 5.0 | GDP:     161.38 | Gini: 0.40 | Infl: -0.09% | Wage:   1.3 | Treasury:       169 | Reserves:  502000.9 | NPL:     0.0 ( 0.0%) | Births: 0.16 | Deaths/ep:   0.1 | EmBirths/ep:   0.0
[TRAIN] Iter:   93 | Reward:   2496.61 | Emp: 82.1 | Unemp:  0.3% | Firm: 5.0 | GDP:     163.84 | Gini: 0.40 | Infl: -0.10% | Wage:   1.3 | Treasury:       153 | Reserves:  501993.3 | NPL:     0.0 ( 0.0%) | Births: 0.15 | Deaths/ep:   0.1 | EmBirths/ep:   0.0
[TRAIN] Iter:   94 | Reward:   2516.54 | Emp: 82.0 | Unemp:  0.3% | Firm: 5.0 | GDP:     168.11 | Gini: 0.40 | Infl: -0.12% | Wage:   1.3 | Treasury:       152 | Reserves:  502026.0 | NPL:     0.0 ( 0.0%) | Births: 0.17 | Deaths/ep:   0.1 | EmBirths/ep:   0.0
[TRAIN] Iter:   95 | Reward:   2540.32 | Emp: 82.3 | Unemp:  0.3% | Firm: 5.0 | GDP:     171.96 | Gini: 0.40 | Infl: -0.13% | Wage:   1.3 | Treasury:       137 | Reserves:  502062.4 | NPL:     0.0 ( 0.0%) | Births: 0.16 | Deaths/ep:   0.0 | EmBirths/ep:   0.0
┌──────────────────────── Training Monitor — Iter 95 ─────────────────────────┐
│ Tiến độ          95/100 iter (95.0%)                                        │
│ Tốc độ           154.1s/iter (TB 10 iter gần nhất)                          │
│ Đã chạy          4h40m                                                      │
│ ETA tới target   12m50s                                                     │
│ Phần cứng        CPU 63.2%  |  RAM 85.7%  |  GPU: không phát hiện (đang     │
│                  chạy CPU-only, num_gpus=0)                                 │
│ Xu hướng reward  ↑ Đang cải thiện (dốc +25.2/iter)                          │
└─────────────────────────────────────────────────────────────────────────────┘
[TRAIN] Iter:   96 | Reward:   2574.49 | Emp: 82.5 | Unemp:  0.3% | Firm: 5.0 | GDP:     176.08 | Gini: 0.39 | Infl: -0.21% | Wage:   1.3 | Treasury:       148 | Reserves:  502107.7 | NPL:     0.0 ( 0.0%) | Births: 0.17 | Deaths/ep:   0.0 | EmBirths/ep:   0.0
[TRAIN] Iter:   97 | Reward:   2613.58 | Emp: 82.4 | Unemp:  0.3% | Firm: 5.0 | GDP:     184.95 | Gini: 0.39 | Infl: -0.39% | Wage:   1.4 | Treasury:       145 | Reserves:  502124.1 | NPL:     0.0 ( 0.0%) | Births: 0.21 | Deaths/ep:   0.0 | EmBirths/ep:   0.0
[TRAIN] Iter:   98 | Reward:   2645.70 | Emp: 82.7 | Unemp:  0.3% | Firm: 5.0 | GDP:     192.06 | Gini: 0.40 | Infl: -0.41% | Wage:   1.4 | Treasury:       149 | Reserves:  502134.7 | NPL:     0.0 ( 0.0%) | Births: 0.21 | Deaths/ep:   0.0 | EmBirths/ep:   0.0
[TRAIN] Iter:   99 | Reward:   2693.81 | Emp: 82.9 | Unemp:  0.3% | Firm: 5.0 | GDP:     202.46 | Gini: 0.39 | Infl: -0.65% | Wage:   1.5 | Treasury:       162 | Reserves:  502127.4 | NPL:     0.0 ( 0.0%) | Births: 0.18 | Deaths/ep:   0.0 | EmBirths/ep:   0.0
[TRAIN] Iter:  100 | Reward:   2725.69 | Emp: 82.8 | Unemp:  0.2% | Firm: 5.0 | GDP:     208.36 | Gini: 0.39 | Infl: -0.79% | Wage:   1.5 | Treasury:       172 | Reserves:  502094.7 | NPL:     0.0 ( 0.0%) | Births: 0.18 | Deaths/ep:   0.0 | EmBirths/ep:   0.0
┌──────────────────────── Training Monitor — Iter 100 ────────────────────────┐
│ Tiến độ          100/100 iter (100.0%)                                      │
│ Tốc độ           152.5s/iter (TB 10 iter gần nhất)                          │
│ Đã chạy          4h52m                                                      │
│ ETA tới target   Đã xong                                                    │
│ Phần cứng        CPU 63.2%  |  RAM 87.6%  |  GPU: không phát hiện (đang     │
│                  chạy CPU-only, num_gpus=0)                                 │
│ Xu hướng reward  ↑ Đang cải thiện (dốc +29.1/iter)                          │
└─────────────────────────────────────────────────────────────────────────────┘
[INFO] 2026-10-06 16:50:27,188 - [SYSTEM] Checkpoint persisted at: be/checkpoint\final_v037_seed404\iter_100
[INFO] 2026-10-06 16:50:27,188 - [SYSTEM] Training process completed.
